label=r18p-boot1-sweep1-before host=dusty timestamp=2026-08-21T22:15:47-04:00
               total        used        free      shared  buff/cache   available
Mem:           121Gi       115Gi       2.9Gi       391Mi       4.6Gi       6.0Gi
Swap:           15Gi        51Mi        15Gi
2026/08/21 22:15:47.999, NVIDIA GB10, 51, 13.49, 2411, 0
label=r18p-boot1-sweep1-before host=kirby timestamp=2026-08-21T22:15:48-04:00
               total        used        free      shared  buff/cache   available
Mem:           121Gi       114Gi       892Mi       383Mi       8.0Gi       7.4Gi
Swap:           15Gi       1.1Mi        15Gi
2026/08/21 22:15:48.318, NVIDIA GB10, 49, 10.87, 2405, 0
label=r18p-boot1-sweep1-after host=dusty timestamp=2026-08-21T22:22:18-04:00
               total        used        free      shared  buff/cache   available
Mem:           121Gi       115Gi       3.0Gi       391Mi       4.6Gi       6.0Gi
Swap:           15Gi        51Mi        15Gi
2026/08/21 22:22:18.756, NVIDIA GB10, 68, 17.51, 2405, 0
label=r18p-boot1-sweep1-after host=kirby timestamp=2026-08-21T22:22:18-04:00
               total        used        free      shared  buff/cache   available
Mem:           121Gi       114Gi       860Mi       383Mi       8.0Gi       7.4Gi
Swap:           15Gi       1.1Mi        15Gi
2026/08/21 22:22:19.219, NVIDIA GB10, 66, 14.66, 2411, 0
label=r18p-boot1-sweep2-before host=dusty timestamp=2026-08-21T22:22:19-04:00
               total        used        free      shared  buff/cache   available
Mem:           121Gi       115Gi       2.9Gi       391Mi       4.6Gi       6.0Gi
Swap:           15Gi        51Mi        15Gi
2026/08/21 22:22:19.541, NVIDIA GB10, 68, 17.38, 2405, 0
label=r18p-boot1-sweep2-before host=kirby timestamp=2026-08-21T22:22:19-04:00
               total        used        free      shared  buff/cache   available
Mem:           121Gi       114Gi       856Mi       383Mi       8.0Gi       7.4Gi
Swap:           15Gi       1.1Mi        15Gi
2026/08/21 22:22:19.854, NVIDIA GB10, 66, 14.62, 2411, 0
label=r18p-boot1-sweep2-after host=dusty timestamp=2026-08-21T22:28:50-04:00
               total        used        free      shared  buff/cache   available
Mem:           121Gi       116Gi       2.9Gi       392Mi       4.6Gi       5.6Gi
Swap:           15Gi        51Mi        15Gi
2026/08/21 22:28:51.202, NVIDIA GB10, 68, 17.36, 2405, 0
label=r18p-boot1-sweep2-after host=kirby timestamp=2026-08-21T22:28:51-04:00
               total        used        free      shared  buff/cache   available
Mem:           121Gi       114Gi       866Mi       383Mi       8.0Gi       7.4Gi
Swap:           15Gi       1.1Mi        15Gi
2026/08/21 22:28:51.691, NVIDIA GB10, 66, 14.76, 2411, 0
label=r34-boot1-sweep1-before host=dusty timestamp=2026-08-21T22:33:19-04:00
               total        used        free      shared  buff/cache   available
Mem:           121Gi       114Gi       3.0Gi       1.0Gi       6.7Gi       6.7Gi
Swap:           15Gi        51Mi        15Gi
2026/08/21 22:33:19.636, NVIDIA GB10, 55, 14.56, 2405, 0
label=r34-boot1-sweep1-before host=kirby timestamp=2026-08-21T22:33:19-04:00
               total        used        free      shared  buff/cache   available
Mem:           121Gi       112Gi       1.5Gi       1.0Gi       9.6Gi       9.0Gi
Swap:           15Gi       1.1Mi        15Gi
2026/08/21 22:33:19.963, NVIDIA GB10, 56, 12.14, 2405, 0
label=r34-boot1-sweep1-after host=dusty timestamp=2026-08-21T22:39:58-04:00
               total        used        free      shared  buff/cache   available
Mem:           121Gi       115Gi       3.0Gi       1.0Gi       5.3Gi       6.1Gi
Swap:           15Gi       165Mi        15Gi
2026/08/21 22:39:59.630, NVIDIA GB10, 67, 17.15, 2405, 0
label=r34-boot1-sweep1-after host=kirby timestamp=2026-08-21T22:39:59-04:00
               total        used        free      shared  buff/cache   available
Mem:           121Gi       114Gi       1.5Gi       1.0Gi       7.7Gi       7.1Gi
Swap:           15Gi       1.1Mi        15Gi
2026/08/21 22:40:00.233, NVIDIA GB10, 65, 14.40, 2411, 0
label=r34-boot1-sweep2-before host=dusty timestamp=2026-08-21T22:40:00-04:00
               total        used        free      shared  buff/cache   available
Mem:           121Gi       115Gi       2.9Gi       1.0Gi       5.3Gi       5.8Gi
Swap:           15Gi       165Mi        15Gi
2026/08/21 22:40:00.538, NVIDIA GB10, 66, 17.12, 2405, 0
label=r34-boot1-sweep2-before host=kirby timestamp=2026-08-21T22:40:00-04:00
               total        used        free      shared  buff/cache   available
Mem:           121Gi       114Gi       1.5Gi       1.0Gi       7.7Gi       7.1Gi
Swap:           15Gi       1.1Mi        15Gi
2026/08/21 22:40:00.848, NVIDIA GB10, 65, 14.43, 2411, 0
label=r34-boot1-sweep2-after host=dusty timestamp=2026-08-21T22:46:33-04:00
               total        used        free      shared  buff/cache   available
Mem:           121Gi       116Gi       2.7Gi       1.0Gi       5.3Gi       5.0Gi
Swap:           15Gi       165Mi        15Gi
2026/08/21 22:46:33.715, NVIDIA GB10, 68, 17.48, 2405, 0
label=r34-boot1-sweep2-after host=kirby timestamp=2026-08-21T22:46:33-04:00
               total        used        free      shared  buff/cache   available
Mem:           121Gi       114Gi       1.5Gi       1.0Gi       7.7Gi       7.1Gi
Swap:           15Gi       1.1Mi        15Gi
2026/08/21 22:46:34.169, NVIDIA GB10, 66, 14.74, 2411, 0
label=r34-boot2-sweep1-before host=dusty timestamp=2026-08-21T22:50:31-04:00
               total        used        free      shared  buff/cache   available
Mem:           121Gi       113Gi       3.6Gi       1.0Gi       6.4Gi       7.9Gi
Swap:           15Gi        54Mi        15Gi
2026/08/21 22:50:32.203, NVIDIA GB10, 58, 15.05, 2405, 0
label=r34-boot2-sweep1-before host=kirby timestamp=2026-08-21T22:50:32-04:00
               total        used        free      shared  buff/cache   available
Mem:           121Gi       112Gi       1.6Gi       1.0Gi       9.5Gi       9.0Gi
Swap:           15Gi       1.1Mi        15Gi
2026/08/21 22:50:32.531, NVIDIA GB10, 56, 12.15, 2405, 0
label=r34-boot2-sweep1-after host=dusty timestamp=2026-08-21T22:57:03-04:00
               total        used        free      shared  buff/cache   available
Mem:           121Gi       115Gi       3.6Gi       1.0Gi       4.5Gi       6.0Gi
Swap:           15Gi       155Mi        15Gi
2026/08/21 22:57:04.287, NVIDIA GB10, 67, 17.28, 2405, 0
label=r34-boot2-sweep1-after host=kirby timestamp=2026-08-21T22:57:04-04:00
               total        used        free      shared  buff/cache   available
Mem:           121Gi       114Gi       1.5Gi       1.0Gi       7.8Gi       6.9Gi
Swap:           15Gi       1.1Mi        15Gi
2026/08/21 22:57:04.872, NVIDIA GB10, 63, 14.14, 2411, 0
label=r34-boot2-sweep2-before host=dusty timestamp=2026-08-21T22:57:04-04:00
               total        used        free      shared  buff/cache   available
Mem:           121Gi       115Gi       3.6Gi       1.0Gi       4.5Gi       6.0Gi
Swap:           15Gi       155Mi        15Gi
2026/08/21 22:57:05.200, NVIDIA GB10, 66, 17.27, 2405, 0
label=r34-boot2-sweep2-before host=kirby timestamp=2026-08-21T22:57:05-04:00
               total        used        free      shared  buff/cache   available
Mem:           121Gi       115Gi       1.5Gi       1.0Gi       7.8Gi       6.5Gi
Swap:           15Gi       1.1Mi        15Gi
2026/08/21 22:57:05.513, NVIDIA GB10, 63, 14.12, 2411, 0
label=r34-boot2-sweep2-after host=dusty timestamp=2026-08-21T23:03:36-04:00
               total        used        free      shared  buff/cache   available
Mem:           121Gi       115Gi       3.6Gi       1.0Gi       4.5Gi       6.0Gi
Swap:           15Gi       155Mi        15Gi
2026/08/21 23:03:36.494, NVIDIA GB10, 67, 17.34, 2405, 0
label=r34-boot2-sweep2-after host=kirby timestamp=2026-08-21T23:03:36-04:00
               total        used        free      shared  buff/cache   available
Mem:           121Gi       114Gi       1.4Gi       1.0Gi       7.8Gi       6.8Gi
Swap:           15Gi       1.1Mi        15Gi
2026/08/21 23:03:36.990, NVIDIA GB10, 66, 14.54, 2411, 0
label=r18p-boot2-sweep1-before host=dusty timestamp=2026-08-21T23:07:36-04:00
               total        used        free      shared  buff/cache   available
Mem:           121Gi       113Gi       4.6Gi       379Mi       5.0Gi       8.2Gi
Swap:           15Gi        55Mi        15Gi
2026/08/21 23:07:37.221, NVIDIA GB10, 57, 15.03, 2405, 0
label=r18p-boot2-sweep1-before host=kirby timestamp=2026-08-21T23:07:37-04:00
               total        used        free      shared  buff/cache   available
Mem:           121Gi       112Gi       2.8Gi       381Mi       8.0Gi       9.3Gi
Swap:           15Gi       1.1Mi        15Gi
2026/08/21 23:07:37.554, NVIDIA GB10, 55, 12.03, 2405, 0
label=r18p-boot2-sweep1-after host=dusty timestamp=2026-08-21T23:14:08-04:00
               total        used        free      shared  buff/cache   available
Mem:           121Gi       116Gi       3.6Gi       388Mi       4.1Gi       5.5Gi
Swap:           15Gi       156Mi        15Gi
2026/08/21 23:14:09.749, NVIDIA GB10, 67, 17.24, 2405, 0
label=r18p-boot2-sweep1-after host=kirby timestamp=2026-08-21T23:14:09-04:00
               total        used        free      shared  buff/cache   available
Mem:           121Gi       114Gi       1.6Gi       383Mi       7.3Gi       7.5Gi
Swap:           15Gi       1.1Mi        15Gi
2026/08/21 23:14:10.447, NVIDIA GB10, 65, 14.36, 2411, 0
label=r18p-boot2-sweep2-before host=dusty timestamp=2026-08-21T23:14:10-04:00
               total        used        free      shared  buff/cache   available
Mem:           121Gi       116Gi       3.6Gi       388Mi       4.1Gi       5.5Gi
Swap:           15Gi       156Mi        15Gi
2026/08/21 23:14:10.768, NVIDIA GB10, 67, 17.15, 2405, 0
label=r18p-boot2-sweep2-before host=kirby timestamp=2026-08-21T23:14:10-04:00
               total        used        free      shared  buff/cache   available
Mem:           121Gi       114Gi       1.6Gi       383Mi       7.3Gi       7.4Gi
Swap:           15Gi       1.1Mi        15Gi
2026/08/21 23:14:11.076, NVIDIA GB10, 65, 14.31, 2411, 0
label=r18p-boot2-sweep2-after host=dusty timestamp=2026-08-21T23:20:42-04:00
               total        used        free      shared  buff/cache   available
Mem:           121Gi       115Gi       3.7Gi       391Mi       4.0Gi       6.2Gi
Swap:           15Gi       210Mi        15Gi
2026/08/21 23:20:42.656, NVIDIA GB10, 68, 17.59, 2405, 0
label=r18p-boot2-sweep2-after host=kirby timestamp=2026-08-21T23:20:42-04:00
               total        used        free      shared  buff/cache   available
Mem:           121Gi       114Gi       1.5Gi       383Mi       7.3Gi       7.4Gi
Swap:           15Gi       1.1Mi        15Gi
2026/08/21 23:20:43.113, NVIDIA GB10, 67, 14.76, 2411, 0
label=r18p-boot3-sweep1-before host=dusty timestamp=2026-08-21T23:24:41-04:00
               total        used        free      shared  buff/cache   available
Mem:           121Gi       113Gi       4.7Gi       379Mi       4.6Gi       7.9Gi
Swap:           15Gi        57Mi        15Gi
2026/08/21 23:24:42.137, NVIDIA GB10, 58, 15.02, 2405, 0
label=r18p-boot3-sweep1-before host=kirby timestamp=2026-08-21T23:24:42-04:00
               total        used        free      shared  buff/cache   available
Mem:           121Gi       112Gi       2.9Gi       381Mi       7.5Gi       9.0Gi
Swap:           15Gi       1.1Mi        15Gi
2026/08/21 23:24:42.447, NVIDIA GB10, 56, 12.19, 2405, 0
label=r18p-boot3-sweep1-after host=dusty timestamp=2026-08-21T23:31:17-04:00
               total        used        free      shared  buff/cache   available
Mem:           121Gi       115Gi       3.6Gi       388Mi       3.7Gi       5.8Gi
Swap:           15Gi        57Mi        15Gi
2026/08/21 23:31:17.834, NVIDIA GB10, 67, 17.12, 2405, 0
label=r18p-boot3-sweep1-after host=kirby timestamp=2026-08-21T23:31:17-04:00
               total        used        free      shared  buff/cache   available
Mem:           121Gi       114Gi       1.5Gi       383Mi       7.0Gi       7.1Gi
Swap:           15Gi       1.1Mi        15Gi
2026/08/21 23:31:18.409, NVIDIA GB10, 64, 14.31, 2411, 0
label=r18p-boot3-sweep2-before host=dusty timestamp=2026-08-21T23:31:18-04:00
               total        used        free      shared  buff/cache   available
Mem:           121Gi       116Gi       3.6Gi       388Mi       3.7Gi       5.0Gi
Swap:           15Gi        57Mi        15Gi
2026/08/21 23:31:18.730, NVIDIA GB10, 66, 17.08, 2405, 0
label=r18p-boot3-sweep2-before host=kirby timestamp=2026-08-21T23:31:18-04:00
               total        used        free      shared  buff/cache   available
Mem:           121Gi       114Gi       1.5Gi       383Mi       7.0Gi       7.1Gi
Swap:           15Gi       1.1Mi        15Gi
2026/08/21 23:31:19.038, NVIDIA GB10, 64, 14.25, 2411, 0
label=r18p-boot3-sweep2-after host=dusty timestamp=2026-08-21T23:37:52-04:00
               total        used        free      shared  buff/cache   available
Mem:           121Gi       116Gi       3.4Gi       391Mi       3.7Gi       4.8Gi
Swap:           15Gi        57Mi        15Gi
2026/08/21 23:37:52.592, NVIDIA GB10, 67, 17.27, 2405, 0
label=r18p-boot3-sweep2-after host=kirby timestamp=2026-08-21T23:37:52-04:00
               total        used        free      shared  buff/cache   available
Mem:           121Gi       114Gi       1.5Gi       383Mi       7.0Gi       7.1Gi
Swap:           15Gi       1.1Mi        15Gi
2026/08/21 23:37:53.081, NVIDIA GB10, 64, 14.30, 2411, 0
label=r34-boot3-sweep1-before host=dusty timestamp=2026-08-21T23:41:50-04:00
               total        used        free      shared  buff/cache   available
Mem:           121Gi       114Gi       3.1Gi       1.0Gi       6.6Gi       6.8Gi
Swap:           15Gi        57Mi        15Gi
2026/08/21 23:41:51.055, NVIDIA GB10, 57, 14.92, 2405, 0
label=r34-boot3-sweep1-before host=kirby timestamp=2026-08-21T23:41:51-04:00
               total        used        free      shared  buff/cache   available
Mem:           121Gi       113Gi       1.4Gi       1.0Gi       9.6Gi       8.1Gi
Swap:           15Gi       1.1Mi        15Gi
2026/08/21 23:41:51.384, NVIDIA GB10, 57, 12.28, 2405, 0
label=r34-boot3-sweep1-after host=dusty timestamp=2026-08-21T23:48:22-04:00
               total        used        free      shared  buff/cache   available
Mem:           121Gi       116Gi       3.4Gi       1.0Gi       4.8Gi       5.2Gi
Swap:           15Gi       170Mi        15Gi
2026/08/21 23:48:23.460, NVIDIA GB10, 68, 17.40, 2405, 0
label=r34-boot3-sweep1-after host=kirby timestamp=2026-08-21T23:48:23-04:00
               total        used        free      shared  buff/cache   available
Mem:           121Gi       115Gi       1.4Gi       1.0Gi       7.8Gi       6.3Gi
Swap:           15Gi       1.1Mi        15Gi
2026/08/21 23:48:24.056, NVIDIA GB10, 66, 14.62, 2411, 0
label=r34-boot3-sweep2-before host=dusty timestamp=2026-08-21T23:48:24-04:00
               total        used        free      shared  buff/cache   available
Mem:           121Gi       115Gi       3.6Gi       1.0Gi       4.7Gi       6.2Gi
Swap:           15Gi       228Mi        15Gi
2026/08/21 23:48:24.389, NVIDIA GB10, 67, 17.39, 2405, 0
label=r34-boot3-sweep2-before host=kirby timestamp=2026-08-21T23:48:24-04:00
               total        used        free      shared  buff/cache   available
Mem:           121Gi       115Gi       1.4Gi       1.0Gi       7.8Gi       6.2Gi
Swap:           15Gi       1.1Mi        15Gi
2026/08/21 23:48:24.698, NVIDIA GB10, 66, 14.65, 2411, 0
label=r34-boot3-sweep2-after host=dusty timestamp=2026-08-21T23:54:55-04:00
               total        used        free      shared  buff/cache   available
Mem:           121Gi       115Gi       3.5Gi       1.0Gi       4.7Gi       6.1Gi
Swap:           15Gi       228Mi        15Gi
2026/08/21 23:54:56.410, NVIDIA GB10, 66, 17.11, 2405, 0
label=r34-boot3-sweep2-after host=kirby timestamp=2026-08-21T23:54:56-04:00
               total        used        free      shared  buff/cache   available
Mem:           121Gi       115Gi       1.4Gi       1.0Gi       7.8Gi       6.5Gi
Swap:           15Gi       1.1Mi        15Gi
2026/08/21 23:54:56.907, NVIDIA GB10, 67, 14.78, 2411, 0
