2026-09-15T14:23:36-04:00
MemAvailable:    3214820 kB
SwapFree:       16774452 kB
2026-09-15T14:23:41-04:00
MemAvailable:    3203676 kB
SwapFree:       16774452 kB
2026-09-15T14:23:46-04:00
MemAvailable:    3206012 kB
SwapFree:       16774452 kB
2026-09-15T14:23:51-04:00
MemAvailable:    3206012 kB
SwapFree:       16774452 kB
2026-09-15T14:23:56-04:00
MemAvailable:   122709380 kB
SwapFree:       16774620 kB
2026-09-15T14:24:01-04:00
MemAvailable:   122237516 kB
SwapFree:       16774640 kB
2026-09-15T14:24:06-04:00
MemAvailable:   122169916 kB
SwapFree:       16774640 kB
2026-09-15T14:24:11-04:00
MemAvailable:   120875452 kB
SwapFree:       16774640 kB
2026-09-15T14:24:16-04:00
MemAvailable:   120926664 kB
SwapFree:       16774640 kB
2026-09-15T14:24:21-04:00
MemAvailable:   120238256 kB
SwapFree:       16774640 kB
2026-09-15T14:24:26-04:00
MemAvailable:   119407300 kB
SwapFree:       16774640 kB
2026-09-15T14:24:31-04:00
MemAvailable:   118609828 kB
SwapFree:       16774640 kB
2026-09-15T14:24:36-04:00
MemAvailable:   116447364 kB
SwapFree:       16774640 kB
2026-09-15T14:24:41-04:00
MemAvailable:   88201780 kB
SwapFree:       16774640 kB
2026-09-15T14:24:46-04:00
MemAvailable:   55517948 kB
SwapFree:       16774640 kB
2026-09-15T14:24:51-04:00
MemAvailable:   46516996 kB
SwapFree:       16774640 kB
2026-09-15T14:24:56-04:00
MemAvailable:   33370712 kB
SwapFree:       16774640 kB
2026-09-15T14:25:01-04:00
MemAvailable:   33384484 kB
SwapFree:       16774640 kB
2026-09-15T14:25:06-04:00
MemAvailable:   33390564 kB
SwapFree:       16774640 kB
2026-09-15T14:25:11-04:00
MemAvailable:   33392400 kB
SwapFree:       16774640 kB
2026-09-15T14:25:16-04:00
MemAvailable:   33411608 kB
SwapFree:       16774440 kB
2026-09-15T14:25:21-04:00
MemAvailable:   33409452 kB
SwapFree:       16774440 kB
2026-09-15T14:25:26-04:00
MemAvailable:   33419368 kB
SwapFree:       16774440 kB
2026-09-15T14:25:31-04:00
MemAvailable:   33428192 kB
SwapFree:       16774436 kB
2026-09-15T14:25:36-04:00
MemAvailable:   33405884 kB
SwapFree:       16774440 kB
2026-09-15T14:25:41-04:00
MemAvailable:   50182608 kB
SwapFree:       16774440 kB
2026-09-15T14:25:46-04:00
MemAvailable:   54698944 kB
SwapFree:       16774440 kB
2026-09-15T14:25:51-04:00
MemAvailable:   50577736 kB
SwapFree:       16774440 kB
2026-09-15T14:25:56-04:00
MemAvailable:   50589236 kB
SwapFree:       16774440 kB
2026-09-15T14:26:01-04:00
MemAvailable:   50577168 kB
SwapFree:       16774440 kB
2026-09-15T14:26:06-04:00
MemAvailable:   52523988 kB
SwapFree:       16774440 kB
2026-09-15T14:26:11-04:00
MemAvailable:   53762084 kB
SwapFree:       16774440 kB
2026-09-15T14:26:16-04:00
MemAvailable:    7278588 kB
SwapFree:       16774436 kB
2026-09-15T14:26:21-04:00
MemAvailable:    7178864 kB
SwapFree:       16774440 kB
2026-09-15T14:26:26-04:00
MemAvailable:    6429188 kB
SwapFree:       16774440 kB
2026-09-15T14:26:31-04:00
MemAvailable:    6035212 kB
SwapFree:       16774440 kB
2026-09-15T14:26:36-04:00
MemAvailable:    5610892 kB
SwapFree:       16774440 kB
2026-09-15T14:26:41-04:00
MemAvailable:    5327984 kB
SwapFree:       16774440 kB
2026-09-15T14:26:46-04:00
MemAvailable:    5524064 kB
SwapFree:       16774440 kB
2026-09-15T14:26:51-04:00
MemAvailable:    5532716 kB
SwapFree:       16774440 kB
2026-09-15T14:26:56-04:00
MemAvailable:    5576836 kB
SwapFree:       16774440 kB
2026-09-15T14:27:01-04:00
MemAvailable:    5605008 kB
SwapFree:       16774440 kB
2026-09-15T14:27:06-04:00
MemAvailable:    5588816 kB
SwapFree:       16774440 kB
2026-09-15T14:27:11-04:00
MemAvailable:    5587968 kB
SwapFree:       16774440 kB
2026-09-15T14:27:16-04:00
MemAvailable:    5585104 kB
SwapFree:       16774440 kB
2026-09-15T14:27:21-04:00
MemAvailable:    5582508 kB
SwapFree:       16774440 kB
2026-09-15T14:27:26-04:00
MemAvailable:    5582296 kB
SwapFree:       16774440 kB
2026-09-15T14:27:31-04:00
MemAvailable:    5568200 kB
SwapFree:       16774440 kB
2026-09-15T14:27:36-04:00
MemAvailable:    5291788 kB
SwapFree:       16774440 kB
2026-09-15T14:27:41-04:00
MemAvailable:    5128804 kB
SwapFree:       16774440 kB
2026-09-15T14:27:46-04:00
MemAvailable:    5138036 kB
SwapFree:       16774440 kB
2026-09-15T14:27:51-04:00
MemAvailable:    5149052 kB
SwapFree:       16774440 kB
2026-09-15T14:27:56-04:00
MemAvailable:    5151268 kB
SwapFree:       16774440 kB
2026-09-15T14:28:01-04:00
MemAvailable:    5151296 kB
SwapFree:       16774440 kB
2026-09-15T14:28:06-04:00
MemAvailable:    5151300 kB
SwapFree:       16774440 kB
2026-09-15T14:28:11-04:00
MemAvailable:    5150964 kB
SwapFree:       16774440 kB
2026-09-15T14:28:16-04:00
MemAvailable:    5150732 kB
SwapFree:       16774440 kB
2026-09-15T14:28:21-04:00
MemAvailable:    5150984 kB
SwapFree:       16774440 kB
2026-09-15T14:28:26-04:00
MemAvailable:    5151540 kB
SwapFree:       16774440 kB
2026-09-15T14:28:31-04:00
MemAvailable:    4988596 kB
SwapFree:       16774440 kB
2026-09-15T14:28:36-04:00
MemAvailable:    5005452 kB
SwapFree:       16774440 kB
2026-09-15T14:28:41-04:00
MemAvailable:    5018432 kB
SwapFree:       16774440 kB
2026-09-15T14:28:46-04:00
MemAvailable:    5029000 kB
SwapFree:       16774440 kB
2026-09-15T14:28:51-04:00
MemAvailable:    5040648 kB
SwapFree:       16774440 kB
2026-09-15T14:28:56-04:00
MemAvailable:    5048448 kB
SwapFree:       16774440 kB
2026-09-15T14:29:01-04:00
MemAvailable:    5048884 kB
SwapFree:       16774440 kB
2026-09-15T14:29:06-04:00
MemAvailable:    5048136 kB
SwapFree:       16774440 kB
2026-09-15T14:29:11-04:00
MemAvailable:    5047692 kB
SwapFree:       16774440 kB
2026-09-15T14:29:16-04:00
MemAvailable:    5047680 kB
SwapFree:       16774440 kB
2026-09-15T14:29:21-04:00
MemAvailable:    5048080 kB
SwapFree:       16774440 kB
2026-09-15T14:29:26-04:00
MemAvailable:    5046468 kB
SwapFree:       16774440 kB
2026-09-15T14:29:31-04:00
MemAvailable:    5046772 kB
SwapFree:       16774440 kB
2026-09-15T14:29:36-04:00
MemAvailable:    5047268 kB
SwapFree:       16774440 kB
2026-09-15T14:29:41-04:00
MemAvailable:    5043904 kB
SwapFree:       16774440 kB
2026-09-15T14:29:46-04:00
MemAvailable:    5047772 kB
SwapFree:       16774440 kB
2026-09-15T14:29:51-04:00
MemAvailable:    5047804 kB
SwapFree:       16774440 kB
2026-09-15T14:29:56-04:00
MemAvailable:    5046796 kB
SwapFree:       16774440 kB
2026-09-15T14:30:01-04:00
MemAvailable:    5047644 kB
SwapFree:       16774440 kB
2026-09-15T14:30:06-04:00
MemAvailable:    5046792 kB
SwapFree:       16774440 kB
2026-09-15T14:30:11-04:00
MemAvailable:    5047248 kB
SwapFree:       16774440 kB
2026-09-15T14:30:16-04:00
MemAvailable:    5047616 kB
SwapFree:       16774440 kB
2026-09-15T14:30:21-04:00
MemAvailable:    5047340 kB
SwapFree:       16774440 kB
2026-09-15T14:30:26-04:00
MemAvailable:    5046836 kB
SwapFree:       16774440 kB
2026-09-15T14:30:31-04:00
MemAvailable:    5046660 kB
SwapFree:       16774440 kB
2026-09-15T14:30:36-04:00
MemAvailable:    5047276 kB
SwapFree:       16774440 kB
2026-09-15T14:30:41-04:00
MemAvailable:    5108544 kB
SwapFree:       16774440 kB
2026-09-15T14:30:46-04:00
MemAvailable:    5108736 kB
SwapFree:       16774440 kB
2026-09-15T14:30:51-04:00
MemAvailable:    5109016 kB
SwapFree:       16774440 kB
2026-09-15T14:30:56-04:00
MemAvailable:    5108764 kB
SwapFree:       16774440 kB
2026-09-15T14:31:01-04:00
MemAvailable:    5108076 kB
SwapFree:       16774440 kB
2026-09-15T14:31:06-04:00
MemAvailable:    5106876 kB
SwapFree:       16774440 kB
2026-09-15T14:31:11-04:00
MemAvailable:    5106768 kB
SwapFree:       16774440 kB
2026-09-15T14:31:16-04:00
MemAvailable:    5107844 kB
SwapFree:       16774440 kB
2026-09-15T14:31:21-04:00
MemAvailable:    5106868 kB
SwapFree:       16774440 kB
2026-09-15T14:31:26-04:00
MemAvailable:    5106868 kB
SwapFree:       16774440 kB
2026-09-15T14:31:31-04:00
MemAvailable:    5106412 kB
SwapFree:       16774440 kB
2026-09-15T14:31:37-04:00
MemAvailable:    5107232 kB
SwapFree:       16774440 kB
2026-09-15T14:31:42-04:00
MemAvailable:    5105980 kB
SwapFree:       16774440 kB
2026-09-15T14:31:47-04:00
MemAvailable:    5106312 kB
SwapFree:       16774440 kB
2026-09-15T14:31:52-04:00
MemAvailable:    5106432 kB
SwapFree:       16774440 kB
2026-09-15T14:31:57-04:00
MemAvailable:    5106744 kB
SwapFree:       16774440 kB
2026-09-15T14:32:02-04:00
MemAvailable:    5106376 kB
SwapFree:       16774440 kB
2026-09-15T14:32:07-04:00
MemAvailable:    5106644 kB
SwapFree:       16774440 kB
2026-09-15T14:32:12-04:00
MemAvailable:    5107384 kB
SwapFree:       16774440 kB
2026-09-15T14:32:17-04:00
MemAvailable:    5106460 kB
SwapFree:       16774440 kB
2026-09-15T14:32:22-04:00
MemAvailable:    5107128 kB
SwapFree:       16774440 kB
2026-09-15T14:32:27-04:00
MemAvailable:    5108192 kB
SwapFree:       16774440 kB
2026-09-15T14:32:32-04:00
MemAvailable:    5107704 kB
SwapFree:       16774440 kB
2026-09-15T14:32:37-04:00
MemAvailable:    5108252 kB
SwapFree:       16774444 kB
2026-09-15T14:32:42-04:00
MemAvailable:    5099760 kB
SwapFree:       16774444 kB
2026-09-15T14:32:47-04:00
MemAvailable:    5110728 kB
SwapFree:       16774444 kB
2026-09-15T14:32:52-04:00
MemAvailable:    5114968 kB
SwapFree:       16774444 kB
2026-09-15T14:32:57-04:00
MemAvailable:    5114820 kB
SwapFree:       16774444 kB
2026-09-15T14:33:02-04:00
MemAvailable:    5114692 kB
SwapFree:       16774444 kB
2026-09-15T14:33:07-04:00
MemAvailable:    5114812 kB
SwapFree:       16774444 kB
2026-09-15T14:33:12-04:00
MemAvailable:    5114848 kB
SwapFree:       16774444 kB
2026-09-15T14:33:17-04:00
MemAvailable:    5115248 kB
SwapFree:       16774444 kB
2026-09-15T14:33:22-04:00
MemAvailable:    5114996 kB
SwapFree:       16774444 kB
2026-09-15T14:33:27-04:00
MemAvailable:    5114772 kB
SwapFree:       16774444 kB
2026-09-15T14:33:32-04:00
MemAvailable:    5111984 kB
SwapFree:       16774444 kB
2026-09-15T14:33:37-04:00
MemAvailable:    5111956 kB
SwapFree:       16774444 kB
2026-09-15T14:33:42-04:00
MemAvailable:    5111704 kB
SwapFree:       16774444 kB
2026-09-15T14:33:47-04:00
MemAvailable:    5110460 kB
SwapFree:       16774444 kB
2026-09-15T14:33:52-04:00
MemAvailable:    5110212 kB
SwapFree:       16774444 kB
2026-09-15T14:33:57-04:00
MemAvailable:    5110500 kB
SwapFree:       16774444 kB
2026-09-15T14:34:02-04:00
MemAvailable:    5099004 kB
SwapFree:       16774444 kB
2026-09-15T14:34:07-04:00
MemAvailable:    5107776 kB
SwapFree:       16774444 kB
2026-09-15T14:34:12-04:00
MemAvailable:    5108608 kB
SwapFree:       16774444 kB
2026-09-15T14:34:17-04:00
MemAvailable:    5109720 kB
SwapFree:       16774444 kB
2026-09-15T14:34:22-04:00
MemAvailable:    5108360 kB
SwapFree:       16774444 kB
2026-09-15T14:34:27-04:00
MemAvailable:    5109240 kB
SwapFree:       16774444 kB
2026-09-15T14:34:32-04:00
MemAvailable:    5109420 kB
SwapFree:       16774444 kB
2026-09-15T14:34:37-04:00
MemAvailable:    5108600 kB
SwapFree:       16774444 kB
2026-09-15T14:34:42-04:00
MemAvailable:    5106820 kB
SwapFree:       16774444 kB
2026-09-15T14:34:47-04:00
MemAvailable:    5106516 kB
SwapFree:       16774444 kB
2026-09-15T14:34:52-04:00
MemAvailable:    5106552 kB
SwapFree:       16774444 kB
2026-09-15T14:34:57-04:00
MemAvailable:    5085208 kB
SwapFree:       16774444 kB
2026-09-15T14:35:02-04:00
MemAvailable:    5093708 kB
SwapFree:       16774444 kB
2026-09-15T14:35:07-04:00
MemAvailable:    5092296 kB
SwapFree:       16774444 kB
2026-09-15T14:35:12-04:00
MemAvailable:    5092120 kB
SwapFree:       16774444 kB
2026-09-15T14:35:17-04:00
MemAvailable:    5092004 kB
SwapFree:       16774444 kB
2026-09-15T14:35:22-04:00
MemAvailable:    5092484 kB
SwapFree:       16774444 kB
2026-09-15T14:35:27-04:00
MemAvailable:    5092560 kB
SwapFree:       16774444 kB
2026-09-15T14:35:32-04:00
MemAvailable:    5092756 kB
SwapFree:       16774444 kB
2026-09-15T14:35:37-04:00
MemAvailable:    5091476 kB
SwapFree:       16774444 kB
2026-09-15T14:35:42-04:00
MemAvailable:    5091004 kB
SwapFree:       16774444 kB
2026-09-15T14:35:47-04:00
MemAvailable:    5090944 kB
SwapFree:       16774444 kB
2026-09-15T14:35:52-04:00
MemAvailable:    5091628 kB
SwapFree:       16774444 kB
2026-09-15T14:35:57-04:00
MemAvailable:    5091460 kB
SwapFree:       16774444 kB
2026-09-15T14:36:02-04:00
MemAvailable:    5090984 kB
SwapFree:       16774444 kB
2026-09-15T14:36:07-04:00
MemAvailable:    5090528 kB
SwapFree:       16774444 kB
2026-09-15T14:36:12-04:00
MemAvailable:    5089992 kB
SwapFree:       16774444 kB
2026-09-15T14:36:17-04:00
MemAvailable:    5089924 kB
SwapFree:       16774444 kB
2026-09-15T14:36:22-04:00
MemAvailable:    5089200 kB
SwapFree:       16774444 kB
2026-09-15T14:36:27-04:00
MemAvailable:    5089508 kB
SwapFree:       16774444 kB
2026-09-15T14:36:32-04:00
MemAvailable:    5090080 kB
SwapFree:       16774444 kB
2026-09-15T14:36:37-04:00
MemAvailable:    5089624 kB
SwapFree:       16774444 kB
2026-09-15T14:36:42-04:00
MemAvailable:    5090356 kB
SwapFree:       16774444 kB
2026-09-15T14:36:47-04:00
MemAvailable:    5090404 kB
SwapFree:       16774444 kB
2026-09-15T14:36:52-04:00
MemAvailable:    5089688 kB
SwapFree:       16774444 kB
2026-09-15T14:36:57-04:00
MemAvailable:    5089792 kB
SwapFree:       16774444 kB
2026-09-15T14:37:02-04:00
MemAvailable:    5088240 kB
SwapFree:       16774444 kB
2026-09-15T14:37:07-04:00
MemAvailable:    5088020 kB
SwapFree:       16774444 kB
2026-09-15T14:37:12-04:00
MemAvailable:    5088980 kB
SwapFree:       16774444 kB
2026-09-15T14:37:17-04:00
MemAvailable:    5088540 kB
SwapFree:       16774444 kB
2026-09-15T14:37:22-04:00
MemAvailable:    5086780 kB
SwapFree:       16774444 kB
2026-09-15T14:37:27-04:00
MemAvailable:    5087176 kB
SwapFree:       16774444 kB
2026-09-15T14:37:32-04:00
MemAvailable:    5087496 kB
SwapFree:       16774444 kB
2026-09-15T14:37:37-04:00
MemAvailable:    5087556 kB
SwapFree:       16774444 kB
2026-09-15T14:37:42-04:00
MemAvailable:    5087592 kB
SwapFree:       16774444 kB
2026-09-15T14:37:47-04:00
MemAvailable:    5085932 kB
SwapFree:       16774444 kB
2026-09-15T14:37:52-04:00
MemAvailable:    5086212 kB
SwapFree:       16774444 kB
2026-09-15T14:37:57-04:00
MemAvailable:    5086752 kB
SwapFree:       16774444 kB
2026-09-15T14:38:02-04:00
MemAvailable:    5087112 kB
SwapFree:       16774444 kB
2026-09-15T14:38:07-04:00
MemAvailable:    5087524 kB
SwapFree:       16774444 kB
2026-09-15T14:38:12-04:00
MemAvailable:    5087576 kB
SwapFree:       16774444 kB
2026-09-15T14:38:17-04:00
MemAvailable:    5087724 kB
SwapFree:       16774444 kB
2026-09-15T14:38:22-04:00
MemAvailable:    5074956 kB
SwapFree:       16774444 kB
2026-09-15T14:38:27-04:00
MemAvailable:    5083668 kB
SwapFree:       16774444 kB
2026-09-15T14:38:32-04:00
MemAvailable:    5087352 kB
SwapFree:       16774444 kB
2026-09-15T14:38:37-04:00
MemAvailable:    5087928 kB
SwapFree:       16774444 kB
2026-09-15T14:38:42-04:00
MemAvailable:    5087880 kB
SwapFree:       16774444 kB
2026-09-15T14:38:47-04:00
MemAvailable:    5087944 kB
SwapFree:       16774444 kB
2026-09-15T14:38:52-04:00
MemAvailable:    5088124 kB
SwapFree:       16774444 kB
2026-09-15T14:38:57-04:00
MemAvailable:    5087600 kB
SwapFree:       16774444 kB
2026-09-15T14:39:02-04:00
MemAvailable:    5087428 kB
SwapFree:       16774444 kB
2026-09-15T14:39:07-04:00
MemAvailable:    5087400 kB
SwapFree:       16774444 kB
2026-09-15T14:39:12-04:00
MemAvailable:    5087500 kB
SwapFree:       16774444 kB
2026-09-15T14:39:17-04:00
MemAvailable:    5079320 kB
SwapFree:       16774444 kB
2026-09-15T14:39:22-04:00
MemAvailable:    5086592 kB
SwapFree:       16774444 kB
2026-09-15T14:39:27-04:00
MemAvailable:    5087092 kB
SwapFree:       16774444 kB
2026-09-15T14:39:32-04:00
MemAvailable:    5086412 kB
SwapFree:       16774444 kB
2026-09-15T14:39:37-04:00
MemAvailable:    5086444 kB
SwapFree:       16774444 kB
2026-09-15T14:39:42-04:00
MemAvailable:    5086904 kB
SwapFree:       16774444 kB
2026-09-15T14:39:47-04:00
MemAvailable:    5086712 kB
SwapFree:       16774444 kB
2026-09-15T14:39:52-04:00
MemAvailable:    5086512 kB
SwapFree:       16774444 kB
2026-09-15T14:39:57-04:00
MemAvailable:    5086696 kB
SwapFree:       16774444 kB
2026-09-15T14:40:02-04:00
MemAvailable:    5087248 kB
SwapFree:       16774444 kB
2026-09-15T14:40:07-04:00
MemAvailable:    5086804 kB
SwapFree:       16774444 kB
2026-09-15T14:40:12-04:00
MemAvailable:    5085808 kB
SwapFree:       16774444 kB
2026-09-15T14:40:17-04:00
MemAvailable:    5086364 kB
SwapFree:       16774444 kB
2026-09-15T14:40:22-04:00
MemAvailable:    5086424 kB
SwapFree:       16774444 kB
2026-09-15T14:40:27-04:00
MemAvailable:    5086252 kB
SwapFree:       16774444 kB
2026-09-15T14:40:32-04:00
MemAvailable:    5086728 kB
SwapFree:       16774444 kB
2026-09-15T14:40:37-04:00
MemAvailable:    5087112 kB
SwapFree:       16774444 kB
2026-09-15T14:40:42-04:00
MemAvailable:    5087176 kB
SwapFree:       16774444 kB
2026-09-15T14:40:47-04:00
MemAvailable:    5087720 kB
SwapFree:       16774444 kB
2026-09-15T14:40:52-04:00
MemAvailable:    5087092 kB
SwapFree:       16774444 kB
2026-09-15T14:40:57-04:00
MemAvailable:    5087064 kB
SwapFree:       16774444 kB
2026-09-15T14:41:02-04:00
MemAvailable:    5087016 kB
SwapFree:       16774444 kB
2026-09-15T14:41:07-04:00
MemAvailable:    5086644 kB
SwapFree:       16774444 kB
2026-09-15T14:41:12-04:00
MemAvailable:    5087248 kB
SwapFree:       16774444 kB
2026-09-15T14:41:17-04:00
MemAvailable:    5086984 kB
SwapFree:       16774444 kB
2026-09-15T14:41:22-04:00
MemAvailable:    5086624 kB
SwapFree:       16774444 kB
2026-09-15T14:41:27-04:00
MemAvailable:    5086636 kB
SwapFree:       16774444 kB
2026-09-15T14:41:32-04:00
MemAvailable:    5086528 kB
SwapFree:       16774444 kB
2026-09-15T14:41:37-04:00
MemAvailable:    5086040 kB
SwapFree:       16774444 kB
2026-09-15T14:41:42-04:00
MemAvailable:    5085328 kB
SwapFree:       16774444 kB
2026-09-15T14:41:47-04:00
MemAvailable:    5085092 kB
SwapFree:       16774444 kB
2026-09-15T14:41:52-04:00
MemAvailable:    5085052 kB
SwapFree:       16774444 kB
2026-09-15T14:41:57-04:00
MemAvailable:    5085840 kB
SwapFree:       16774444 kB
2026-09-15T14:42:02-04:00
MemAvailable:    5085840 kB
SwapFree:       16774444 kB
2026-09-15T14:42:07-04:00
MemAvailable:    5085700 kB
SwapFree:       16774444 kB
2026-09-15T14:42:12-04:00
MemAvailable:    5085224 kB
SwapFree:       16774444 kB
2026-09-15T14:42:17-04:00
MemAvailable:    5085248 kB
SwapFree:       16774444 kB
2026-09-15T14:42:22-04:00
MemAvailable:    5084804 kB
SwapFree:       16774444 kB
2026-09-15T14:42:27-04:00
MemAvailable:    5084316 kB
SwapFree:       16774444 kB
2026-09-15T14:42:32-04:00
MemAvailable:    5083812 kB
SwapFree:       16774444 kB
2026-09-15T14:42:37-04:00
MemAvailable:    5083208 kB
SwapFree:       16774444 kB
2026-09-15T14:42:42-04:00
MemAvailable:    5083148 kB
SwapFree:       16774444 kB
2026-09-15T14:42:47-04:00
MemAvailable:    5083156 kB
SwapFree:       16774444 kB
2026-09-15T14:42:52-04:00
MemAvailable:    5083188 kB
SwapFree:       16774444 kB
2026-09-15T14:42:57-04:00
MemAvailable:    5083236 kB
SwapFree:       16774444 kB
2026-09-15T14:43:02-04:00
MemAvailable:    5083044 kB
SwapFree:       16774444 kB
2026-09-15T14:43:07-04:00
MemAvailable:    5083344 kB
SwapFree:       16774444 kB
2026-09-15T14:43:12-04:00
MemAvailable:    5083092 kB
SwapFree:       16774444 kB
2026-09-15T14:43:17-04:00
MemAvailable:    4999352 kB
SwapFree:       16774444 kB
2026-09-15T14:43:22-04:00
MemAvailable:    4999088 kB
SwapFree:       16774444 kB
2026-09-15T14:43:27-04:00
MemAvailable:    4999392 kB
SwapFree:       16774444 kB
2026-09-15T14:43:32-04:00
MemAvailable:    4998664 kB
SwapFree:       16774444 kB
2026-09-15T14:43:37-04:00
MemAvailable:    4996880 kB
SwapFree:       16774444 kB
2026-09-15T14:43:42-04:00
MemAvailable:    4996760 kB
SwapFree:       16774444 kB
2026-09-15T14:43:47-04:00
MemAvailable:    4995076 kB
SwapFree:       16774444 kB
2026-09-15T14:43:52-04:00
MemAvailable:    4995428 kB
SwapFree:       16774444 kB
2026-09-15T14:43:57-04:00
MemAvailable:    4987848 kB
SwapFree:       16774444 kB
2026-09-15T14:44:02-04:00
MemAvailable:    4993092 kB
SwapFree:       16774444 kB
2026-09-15T14:44:07-04:00
MemAvailable:    4992616 kB
SwapFree:       16774444 kB
2026-09-15T14:44:12-04:00
MemAvailable:    4992440 kB
SwapFree:       16774444 kB
2026-09-15T14:44:17-04:00
MemAvailable:    4991208 kB
SwapFree:       16774444 kB
2026-09-15T14:44:22-04:00
MemAvailable:    4991280 kB
SwapFree:       16774444 kB
2026-09-15T14:44:27-04:00
MemAvailable:    4991732 kB
SwapFree:       16774444 kB
2026-09-15T14:44:32-04:00
MemAvailable:    4991488 kB
SwapFree:       16774444 kB
2026-09-15T14:44:37-04:00
MemAvailable:    4987716 kB
SwapFree:       16774444 kB
2026-09-15T14:44:42-04:00
MemAvailable:    4986688 kB
SwapFree:       16774444 kB
2026-09-15T14:44:47-04:00
MemAvailable:    4988536 kB
SwapFree:       16774444 kB
2026-09-15T14:44:52-04:00
MemAvailable:    4988416 kB
SwapFree:       16774444 kB
2026-09-15T14:44:57-04:00
MemAvailable:    4988480 kB
SwapFree:       16774444 kB
2026-09-15T14:45:02-04:00
MemAvailable:    4988760 kB
SwapFree:       16774444 kB
2026-09-15T14:45:07-04:00
MemAvailable:    4988512 kB
SwapFree:       16774444 kB
2026-09-15T14:45:12-04:00
MemAvailable:    4987812 kB
SwapFree:       16774444 kB
2026-09-15T14:45:17-04:00
MemAvailable:    4988472 kB
SwapFree:       16774444 kB
2026-09-15T14:45:22-04:00
MemAvailable:    4964928 kB
SwapFree:       16774444 kB
2026-09-15T14:45:27-04:00
MemAvailable:    4972876 kB
SwapFree:       16774444 kB
2026-09-15T14:45:32-04:00
MemAvailable:    4981372 kB
SwapFree:       16774444 kB
2026-09-15T14:45:37-04:00
MemAvailable:    4982312 kB
SwapFree:       16774444 kB
2026-09-15T14:45:42-04:00
MemAvailable:    4982324 kB
SwapFree:       16774444 kB
2026-09-15T14:45:47-04:00
MemAvailable:    4980364 kB
SwapFree:       16774444 kB
2026-09-15T14:45:52-04:00
MemAvailable:    4979904 kB
SwapFree:       16774444 kB
2026-09-15T14:45:57-04:00
MemAvailable:    4979204 kB
SwapFree:       16774444 kB
2026-09-15T14:46:02-04:00
MemAvailable:    4979096 kB
SwapFree:       16774444 kB
2026-09-15T14:46:07-04:00
MemAvailable:    4971224 kB
SwapFree:       16774444 kB
2026-09-15T14:46:12-04:00
MemAvailable:    4972452 kB
SwapFree:       16774444 kB
2026-09-15T14:46:17-04:00
MemAvailable:    4972724 kB
SwapFree:       16774444 kB
2026-09-15T14:46:22-04:00
MemAvailable:    4979364 kB
SwapFree:       16774444 kB
2026-09-15T14:46:27-04:00
MemAvailable:    4979224 kB
SwapFree:       16774444 kB
2026-09-15T14:46:32-04:00
MemAvailable:    4978572 kB
SwapFree:       16774444 kB
2026-09-15T14:46:37-04:00
MemAvailable:    4977872 kB
SwapFree:       16774444 kB
2026-09-15T14:46:42-04:00
MemAvailable:    4977668 kB
SwapFree:       16774444 kB
2026-09-15T14:46:47-04:00
MemAvailable:    4976716 kB
SwapFree:       16774444 kB
2026-09-15T14:46:52-04:00
MemAvailable:    4976504 kB
SwapFree:       16774444 kB
2026-09-15T14:46:57-04:00
MemAvailable:    4974076 kB
SwapFree:       16774444 kB
2026-09-15T14:47:02-04:00
MemAvailable:    4981472 kB
SwapFree:       16774444 kB
2026-09-15T14:47:07-04:00
MemAvailable:    4981872 kB
SwapFree:       16774444 kB
2026-09-15T14:47:12-04:00
MemAvailable:   12528660 kB
SwapFree:       16774444 kB
2026-09-15T14:47:17-04:00
MemAvailable:   122669760 kB
SwapFree:       16774628 kB
2026-09-15T14:47:22-04:00
MemAvailable:   122252852 kB
SwapFree:       16774644 kB
2026-09-15T14:47:27-04:00
MemAvailable:   121822368 kB
SwapFree:       16774644 kB
2026-09-15T14:47:33-04:00
MemAvailable:   120632240 kB
SwapFree:       16774644 kB
2026-09-15T14:47:38-04:00
MemAvailable:   120178040 kB
SwapFree:       16774644 kB
2026-09-15T14:47:43-04:00
MemAvailable:   119424300 kB
SwapFree:       16774644 kB
2026-09-15T14:47:48-04:00
MemAvailable:   118302012 kB
SwapFree:       16774644 kB
2026-09-15T14:47:53-04:00
MemAvailable:   118426272 kB
SwapFree:       16774644 kB
2026-09-15T14:47:58-04:00
MemAvailable:   113609488 kB
SwapFree:       16774644 kB
2026-09-15T14:48:03-04:00
MemAvailable:   57485380 kB
SwapFree:       16774644 kB
2026-09-15T14:48:08-04:00
MemAvailable:   48377280 kB
SwapFree:       16774644 kB
2026-09-15T14:48:13-04:00
MemAvailable:   35424092 kB
SwapFree:       16774644 kB
2026-09-15T14:48:18-04:00
MemAvailable:   33115240 kB
SwapFree:       16774644 kB
2026-09-15T14:48:23-04:00
MemAvailable:   33195812 kB
SwapFree:       16774644 kB
2026-09-15T14:48:28-04:00
MemAvailable:   33259216 kB
SwapFree:       16774644 kB
2026-09-15T14:48:33-04:00
MemAvailable:   33393080 kB
SwapFree:       16774636 kB
2026-09-15T14:48:38-04:00
MemAvailable:   33412744 kB
SwapFree:       16774452 kB
2026-09-15T14:48:43-04:00
MemAvailable:   33399716 kB
SwapFree:       16774452 kB
2026-09-15T14:48:48-04:00
MemAvailable:   33307552 kB
SwapFree:       16774476 kB
2026-09-15T14:48:53-04:00
MemAvailable:   33415016 kB
SwapFree:       16774476 kB
2026-09-15T14:48:58-04:00
MemAvailable:   38518900 kB
SwapFree:       16774480 kB
2026-09-15T14:49:03-04:00
MemAvailable:   54729848 kB
SwapFree:       16774480 kB
2026-09-15T14:49:08-04:00
MemAvailable:   51064592 kB
SwapFree:       16774480 kB
2026-09-15T14:49:13-04:00
MemAvailable:   50439944 kB
SwapFree:       16774480 kB
2026-09-15T14:49:18-04:00
MemAvailable:   50433912 kB
SwapFree:       16774480 kB
2026-09-15T14:49:23-04:00
MemAvailable:   53692276 kB
SwapFree:       16774480 kB
2026-09-15T14:49:28-04:00
MemAvailable:   51379392 kB
SwapFree:       16774480 kB
2026-09-15T14:49:33-04:00
MemAvailable:    5097604 kB
SwapFree:       16774476 kB
2026-09-15T14:49:38-04:00
MemAvailable:    4741984 kB
SwapFree:       16774476 kB
2026-09-15T14:49:43-04:00
MemAvailable:    4027200 kB
SwapFree:       16774480 kB
2026-09-15T14:49:48-04:00
MemAvailable:    3824368 kB
SwapFree:       16774480 kB
2026-09-15T14:49:53-04:00
MemAvailable:    3538604 kB
SwapFree:       16774480 kB
2026-09-15T14:49:58-04:00
MemAvailable:    2742020 kB
SwapFree:       16584472 kB
2026-09-15T14:50:03-04:00
MemAvailable:    3565928 kB
SwapFree:       16584492 kB
2026-09-15T14:50:08-04:00
MemAvailable:    3593496 kB
SwapFree:       16584492 kB
2026-09-15T14:50:13-04:00
MemAvailable:    3569424 kB
SwapFree:       16584492 kB
2026-09-15T14:50:18-04:00
MemAvailable:    3569316 kB
SwapFree:       16584492 kB
2026-09-15T14:50:23-04:00
MemAvailable:    3569876 kB
SwapFree:       16584492 kB
2026-09-15T14:50:28-04:00
MemAvailable:    3568204 kB
SwapFree:       16584492 kB
2026-09-15T14:50:33-04:00
MemAvailable:    3560064 kB
SwapFree:       16584492 kB
2026-09-15T14:50:38-04:00
MemAvailable:    3566460 kB
SwapFree:       16584492 kB
2026-09-15T14:50:43-04:00
MemAvailable:    3559764 kB
SwapFree:       16584492 kB
2026-09-15T14:50:48-04:00
MemAvailable:    3311444 kB
SwapFree:       16584492 kB
2026-09-15T14:50:53-04:00
MemAvailable:    3159164 kB
SwapFree:       16584492 kB
2026-09-15T14:50:58-04:00
MemAvailable:    3172472 kB
SwapFree:       16584492 kB
2026-09-15T14:51:03-04:00
MemAvailable:    3177912 kB
SwapFree:       16584492 kB
2026-09-15T14:51:08-04:00
MemAvailable:    3189764 kB
SwapFree:       16584492 kB
2026-09-15T14:51:13-04:00
MemAvailable:    3195672 kB
SwapFree:       16584492 kB
2026-09-15T14:51:18-04:00
MemAvailable:    3206128 kB
SwapFree:       16584492 kB
2026-09-15T14:51:23-04:00
MemAvailable:    3208980 kB
SwapFree:       16584492 kB
2026-09-15T14:51:28-04:00
MemAvailable:    3212824 kB
SwapFree:       16584492 kB
2026-09-15T14:51:33-04:00
MemAvailable:    3213068 kB
SwapFree:       16584492 kB
2026-09-15T14:51:38-04:00
MemAvailable:    3212744 kB
SwapFree:       16584492 kB
2026-09-15T14:51:43-04:00
MemAvailable:    2968088 kB
SwapFree:       16584492 kB
2026-09-15T14:51:48-04:00
MemAvailable:    2982792 kB
SwapFree:       16584492 kB
2026-09-15T14:51:53-04:00
MemAvailable:    2995856 kB
SwapFree:       16584492 kB
2026-09-15T14:51:58-04:00
MemAvailable:    3001684 kB
SwapFree:       16584492 kB
2026-09-15T14:52:03-04:00
MemAvailable:    3002608 kB
SwapFree:       16584492 kB
2026-09-15T14:52:08-04:00
MemAvailable:    3015196 kB
SwapFree:       16584492 kB
2026-09-15T14:52:13-04:00
MemAvailable:    3028380 kB
SwapFree:       16584492 kB
2026-09-15T14:52:18-04:00
MemAvailable:    3031788 kB
SwapFree:       16584492 kB
2026-09-15T14:52:23-04:00
MemAvailable:    3039416 kB
SwapFree:       16584492 kB
2026-09-15T14:52:28-04:00
MemAvailable:    3044004 kB
SwapFree:       16584492 kB
2026-09-15T14:52:33-04:00
MemAvailable:    3046196 kB
SwapFree:       16584492 kB
2026-09-15T14:52:38-04:00
MemAvailable:    3046380 kB
SwapFree:       16584492 kB
2026-09-15T14:52:43-04:00
MemAvailable:    3045868 kB
SwapFree:       16584492 kB
2026-09-15T14:52:48-04:00
MemAvailable:    3044868 kB
SwapFree:       16584492 kB
2026-09-15T14:52:53-04:00
MemAvailable:    3045128 kB
SwapFree:       16584492 kB
2026-09-15T14:52:58-04:00
MemAvailable:    3043304 kB
SwapFree:       16584492 kB
2026-09-15T14:53:03-04:00
MemAvailable:    3047216 kB
SwapFree:       16584492 kB
2026-09-15T14:53:08-04:00
MemAvailable:    3047192 kB
SwapFree:       16584492 kB
2026-09-15T14:53:13-04:00
MemAvailable:    3047192 kB
SwapFree:       16584492 kB
2026-09-15T14:53:18-04:00
MemAvailable:    3053620 kB
SwapFree:       16584492 kB
2026-09-15T14:53:23-04:00
MemAvailable:    3052948 kB
SwapFree:       16584492 kB
2026-09-15T14:53:28-04:00
MemAvailable:    3053200 kB
SwapFree:       16584492 kB
2026-09-15T14:53:33-04:00
MemAvailable:    3051424 kB
SwapFree:       16584492 kB
2026-09-15T14:53:38-04:00
MemAvailable:    3051184 kB
SwapFree:       16584492 kB
2026-09-15T14:53:43-04:00
MemAvailable:    3050688 kB
SwapFree:       16584492 kB
2026-09-15T14:53:48-04:00
MemAvailable:    3049932 kB
SwapFree:       16584492 kB
2026-09-15T14:53:53-04:00
MemAvailable:    3049688 kB
SwapFree:       16584492 kB
2026-09-15T14:53:58-04:00
MemAvailable:    3049724 kB
SwapFree:       16584492 kB
2026-09-15T14:54:03-04:00
MemAvailable:    3114628 kB
SwapFree:       16584492 kB
2026-09-15T14:54:08-04:00
MemAvailable:    3114400 kB
SwapFree:       16584492 kB
2026-09-15T14:54:13-04:00
MemAvailable:    3114400 kB
SwapFree:       16584492 kB
2026-09-15T14:54:18-04:00
MemAvailable:    3114156 kB
SwapFree:       16584492 kB
2026-09-15T14:54:23-04:00
MemAvailable:    3113904 kB
SwapFree:       16584492 kB
2026-09-15T14:54:28-04:00
MemAvailable:    3113668 kB
SwapFree:       16584492 kB
2026-09-15T14:54:33-04:00
MemAvailable:    3113668 kB
SwapFree:       16584492 kB
2026-09-15T14:54:38-04:00
MemAvailable:    3113680 kB
SwapFree:       16584492 kB
2026-09-15T14:54:43-04:00
MemAvailable:    3113940 kB
SwapFree:       16584492 kB
2026-09-15T14:54:48-04:00
MemAvailable:    3113004 kB
SwapFree:       16584492 kB
2026-09-15T14:54:53-04:00
MemAvailable:    3112092 kB
SwapFree:       16584492 kB
2026-09-15T14:54:58-04:00
MemAvailable:    3110844 kB
SwapFree:       16584492 kB
2026-09-15T14:55:03-04:00
MemAvailable:    3111436 kB
SwapFree:       16584492 kB
2026-09-15T14:55:08-04:00
MemAvailable:    3111312 kB
SwapFree:       16584492 kB
2026-09-15T14:55:13-04:00
MemAvailable:    3111304 kB
SwapFree:       16584496 kB
2026-09-15T14:55:18-04:00
MemAvailable:    3110724 kB
SwapFree:       16584496 kB
2026-09-15T14:55:23-04:00
MemAvailable:    3110428 kB
SwapFree:       16584496 kB
2026-09-15T14:55:28-04:00
MemAvailable:    3110176 kB
SwapFree:       16584496 kB
2026-09-15T14:55:33-04:00
MemAvailable:    3108792 kB
SwapFree:       16584496 kB
2026-09-15T14:55:38-04:00
MemAvailable:    3108432 kB
SwapFree:       16584496 kB
2026-09-15T14:55:43-04:00
MemAvailable:    3110120 kB
SwapFree:       16584496 kB
2026-09-15T14:55:48-04:00
MemAvailable:    3109868 kB
SwapFree:       16584496 kB
2026-09-15T14:55:53-04:00
MemAvailable:    3109996 kB
SwapFree:       16584496 kB
2026-09-15T14:55:58-04:00
MemAvailable:    3069592 kB
SwapFree:       16584500 kB
2026-09-15T14:56:03-04:00
MemAvailable:    3082316 kB
SwapFree:       16584500 kB
2026-09-15T14:56:08-04:00
MemAvailable:    3088980 kB
SwapFree:       16584500 kB
2026-09-15T14:56:13-04:00
MemAvailable:    3094804 kB
SwapFree:       16584500 kB
2026-09-15T14:56:18-04:00
MemAvailable:    3098360 kB
SwapFree:       16584500 kB
2026-09-15T14:56:23-04:00
MemAvailable:    3098404 kB
SwapFree:       16584500 kB
2026-09-15T14:56:28-04:00
MemAvailable:    3098236 kB
SwapFree:       16584500 kB
2026-09-15T14:56:33-04:00
MemAvailable:    3097696 kB
SwapFree:       16584500 kB
2026-09-15T14:56:38-04:00
MemAvailable:    3098040 kB
SwapFree:       16584500 kB
2026-09-15T14:56:43-04:00
MemAvailable:    3097796 kB
SwapFree:       16584500 kB
2026-09-15T14:56:48-04:00
MemAvailable:    3097796 kB
SwapFree:       16584500 kB
2026-09-15T14:56:53-04:00
MemAvailable:    3097828 kB
SwapFree:       16584500 kB
2026-09-15T14:56:58-04:00
MemAvailable:    3097332 kB
SwapFree:       16584500 kB
2026-09-15T14:57:03-04:00
MemAvailable:    3096844 kB
SwapFree:       16584500 kB
2026-09-15T14:57:08-04:00
MemAvailable:    3096088 kB
SwapFree:       16584500 kB
2026-09-15T14:57:13-04:00
MemAvailable:    3095848 kB
SwapFree:       16584500 kB
2026-09-15T14:57:18-04:00
MemAvailable:    3095040 kB
SwapFree:       16584500 kB
2026-09-15T14:57:23-04:00
MemAvailable:    3085620 kB
SwapFree:       16584500 kB
2026-09-15T14:57:28-04:00
MemAvailable:    3091756 kB
SwapFree:       16584500 kB
2026-09-15T14:57:33-04:00
MemAvailable:    3091740 kB
SwapFree:       16584500 kB
2026-09-15T14:57:38-04:00
MemAvailable:    3091292 kB
SwapFree:       16584500 kB
2026-09-15T14:57:43-04:00
MemAvailable:    3091976 kB
SwapFree:       16584500 kB
2026-09-15T14:57:48-04:00
MemAvailable:    3092328 kB
SwapFree:       16584500 kB
2026-09-15T14:57:53-04:00
MemAvailable:    3091420 kB
SwapFree:       16584500 kB
2026-09-15T14:57:58-04:00
MemAvailable:    3092444 kB
SwapFree:       16584504 kB
2026-09-15T14:58:03-04:00
MemAvailable:    3091508 kB
SwapFree:       16584504 kB
2026-09-15T14:58:08-04:00
MemAvailable:    3091776 kB
SwapFree:       16584504 kB
2026-09-15T14:58:13-04:00
MemAvailable:    3066948 kB
SwapFree:       16584504 kB
2026-09-15T14:58:18-04:00
MemAvailable:    3071660 kB
SwapFree:       16584504 kB
2026-09-15T14:58:23-04:00
MemAvailable:    3078288 kB
SwapFree:       16584504 kB
2026-09-15T14:58:28-04:00
MemAvailable:    3079712 kB
SwapFree:       16584504 kB
2026-09-15T14:58:33-04:00
MemAvailable:    3080560 kB
SwapFree:       16584504 kB
2026-09-15T14:58:38-04:00
MemAvailable:    3079360 kB
SwapFree:       16584504 kB
2026-09-15T14:58:43-04:00
MemAvailable:    3080028 kB
SwapFree:       16584504 kB
2026-09-15T14:58:48-04:00
MemAvailable:    3080400 kB
SwapFree:       16584504 kB
2026-09-15T14:58:53-04:00
MemAvailable:    3080816 kB
SwapFree:       16584504 kB
2026-09-15T14:58:58-04:00
MemAvailable:    3080388 kB
SwapFree:       16584504 kB
2026-09-15T14:59:03-04:00
MemAvailable:    3081756 kB
SwapFree:       16584504 kB
2026-09-15T14:59:08-04:00
MemAvailable:    3080364 kB
SwapFree:       16584504 kB
2026-09-15T14:59:13-04:00
MemAvailable:    3079740 kB
SwapFree:       16584504 kB
2026-09-15T14:59:18-04:00
MemAvailable:    3079764 kB
SwapFree:       16584504 kB
2026-09-15T14:59:23-04:00
MemAvailable:    3079764 kB
SwapFree:       16584504 kB
2026-09-15T14:59:28-04:00
MemAvailable:    3080832 kB
SwapFree:       16584504 kB
2026-09-15T14:59:33-04:00
MemAvailable:    3080580 kB
SwapFree:       16584504 kB
2026-09-15T14:59:38-04:00
MemAvailable:    3081664 kB
SwapFree:       16584504 kB
2026-09-15T14:59:43-04:00
MemAvailable:    3081948 kB
SwapFree:       16584504 kB
2026-09-15T14:59:48-04:00
MemAvailable:    3082320 kB
SwapFree:       16584504 kB
2026-09-15T14:59:53-04:00
MemAvailable:    3082200 kB
SwapFree:       16584504 kB
2026-09-15T14:59:58-04:00
MemAvailable:    3082412 kB
SwapFree:       16584504 kB
2026-09-15T15:00:03-04:00
MemAvailable:    3082316 kB
SwapFree:       16584504 kB
2026-09-15T15:00:08-04:00
MemAvailable:    3082372 kB
SwapFree:       16584504 kB
2026-09-15T15:00:13-04:00
MemAvailable:    3082668 kB
SwapFree:       16584504 kB
2026-09-15T15:00:18-04:00
MemAvailable:    3082932 kB
SwapFree:       16584504 kB
2026-09-15T15:00:23-04:00
MemAvailable:    3082932 kB
SwapFree:       16584504 kB
2026-09-15T15:00:28-04:00
MemAvailable:    3083228 kB
SwapFree:       16584504 kB
2026-09-15T15:00:33-04:00
MemAvailable:    3082976 kB
SwapFree:       16584504 kB
2026-09-15T15:00:38-04:00
MemAvailable:    3080236 kB
SwapFree:       16584504 kB
2026-09-15T15:00:43-04:00
MemAvailable:    3082044 kB
SwapFree:       16584504 kB
2026-09-15T15:00:48-04:00
MemAvailable:    3082380 kB
SwapFree:       16584504 kB
2026-09-15T15:00:53-04:00
MemAvailable:    3082696 kB
SwapFree:       16584504 kB
2026-09-15T15:00:58-04:00
MemAvailable:    3082716 kB
SwapFree:       16584504 kB
2026-09-15T15:01:03-04:00
MemAvailable:    3081340 kB
SwapFree:       16584504 kB
2026-09-15T15:01:08-04:00
MemAvailable:    3082736 kB
SwapFree:       16584504 kB
2026-09-15T15:01:13-04:00
MemAvailable:    3083384 kB
SwapFree:       16584504 kB
2026-09-15T15:01:18-04:00
MemAvailable:    3083472 kB
SwapFree:       16584504 kB
2026-09-15T15:01:23-04:00
MemAvailable:    3083860 kB
SwapFree:       16584504 kB
2026-09-15T15:01:28-04:00
MemAvailable:    3083940 kB
SwapFree:       16584504 kB
2026-09-15T15:01:33-04:00
MemAvailable:    3084348 kB
SwapFree:       16584504 kB
2026-09-15T15:01:38-04:00
MemAvailable:    3084780 kB
SwapFree:       16584504 kB
2026-09-15T15:01:43-04:00
MemAvailable:    3068632 kB
SwapFree:       16584504 kB
2026-09-15T15:01:48-04:00
MemAvailable:    3079632 kB
SwapFree:       16584504 kB
2026-09-15T15:01:53-04:00
MemAvailable:    3081588 kB
SwapFree:       16584504 kB
2026-09-15T15:01:58-04:00
MemAvailable:    3080928 kB
SwapFree:       16584504 kB
2026-09-15T15:02:03-04:00
MemAvailable:    3081104 kB
SwapFree:       16584504 kB
2026-09-15T15:02:08-04:00
MemAvailable:    3080796 kB
SwapFree:       16584504 kB
2026-09-15T15:02:13-04:00
MemAvailable:    3080852 kB
SwapFree:       16584504 kB
2026-09-15T15:02:18-04:00
MemAvailable:    3081376 kB
SwapFree:       16584504 kB
2026-09-15T15:02:23-04:00
MemAvailable:    3081812 kB
SwapFree:       16584504 kB
2026-09-15T15:02:28-04:00
MemAvailable:    3082232 kB
SwapFree:       16584504 kB
2026-09-15T15:02:33-04:00
MemAvailable:    3081976 kB
SwapFree:       16584504 kB
2026-09-15T15:02:38-04:00
MemAvailable:    3070072 kB
SwapFree:       16584504 kB
2026-09-15T15:02:43-04:00
MemAvailable:    3078488 kB
SwapFree:       16584504 kB
2026-09-15T15:02:48-04:00
MemAvailable:    3078532 kB
SwapFree:       16584504 kB
2026-09-15T15:02:53-04:00
MemAvailable:    3079076 kB
SwapFree:       16584504 kB
2026-09-15T15:02:58-04:00
MemAvailable:    3079592 kB
SwapFree:       16584504 kB
2026-09-15T15:03:03-04:00
MemAvailable:    3079660 kB
SwapFree:       16584504 kB
2026-09-15T15:03:08-04:00
MemAvailable:    3079156 kB
SwapFree:       16584504 kB
2026-09-15T15:03:13-04:00
MemAvailable:    3079200 kB
SwapFree:       16584504 kB
2026-09-15T15:03:18-04:00
MemAvailable:    3079176 kB
SwapFree:       16584504 kB
2026-09-15T15:03:23-04:00
MemAvailable:    3078956 kB
SwapFree:       16584504 kB
2026-09-15T15:03:28-04:00
MemAvailable:    3078240 kB
SwapFree:       16584504 kB
2026-09-15T15:03:34-04:00
MemAvailable:    3078036 kB
SwapFree:       16584504 kB
2026-09-15T15:03:39-04:00
MemAvailable:    3077796 kB
SwapFree:       16584504 kB
2026-09-15T15:03:44-04:00
MemAvailable:    3077816 kB
SwapFree:       16584504 kB
2026-09-15T15:03:49-04:00
MemAvailable:    3077120 kB
SwapFree:       16584504 kB
2026-09-15T15:03:54-04:00
MemAvailable:    3075212 kB
SwapFree:       16584504 kB
2026-09-15T15:03:59-04:00
MemAvailable:    3074900 kB
SwapFree:       16584504 kB
2026-09-15T15:04:04-04:00
MemAvailable:    3074952 kB
SwapFree:       16584504 kB
2026-09-15T15:04:09-04:00
MemAvailable:    3074700 kB
SwapFree:       16584504 kB
2026-09-15T15:04:14-04:00
MemAvailable:    3074464 kB
SwapFree:       16584504 kB
2026-09-15T15:04:19-04:00
MemAvailable:    3073484 kB
SwapFree:       16584504 kB
2026-09-15T15:04:24-04:00
MemAvailable:    3073540 kB
SwapFree:       16584504 kB
2026-09-15T15:04:29-04:00
MemAvailable:    3073280 kB
SwapFree:       16584504 kB
2026-09-15T15:04:34-04:00
MemAvailable:    3074020 kB
SwapFree:       16584504 kB
2026-09-15T15:04:39-04:00
MemAvailable:    3073572 kB
SwapFree:       16584504 kB
2026-09-15T15:04:44-04:00
MemAvailable:    3074264 kB
SwapFree:       16584504 kB
2026-09-15T15:04:49-04:00
MemAvailable:    3072756 kB
SwapFree:       16584504 kB
2026-09-15T15:04:54-04:00
MemAvailable:    3073052 kB
SwapFree:       16584504 kB
2026-09-15T15:04:59-04:00
MemAvailable:    3073428 kB
SwapFree:       16584504 kB
2026-09-15T15:05:04-04:00
MemAvailable:    3073224 kB
SwapFree:       16584504 kB
2026-09-15T15:05:09-04:00
MemAvailable:    3073260 kB
SwapFree:       16584504 kB
2026-09-15T15:05:14-04:00
MemAvailable:    3073648 kB
SwapFree:       16584504 kB
2026-09-15T15:05:19-04:00
MemAvailable:    3073152 kB
SwapFree:       16584504 kB
2026-09-15T15:05:24-04:00
MemAvailable:    3072856 kB
SwapFree:       16584504 kB
2026-09-15T15:05:29-04:00
MemAvailable:    3073524 kB
SwapFree:       16584504 kB
2026-09-15T15:05:34-04:00
MemAvailable:    3073440 kB
SwapFree:       16584504 kB
2026-09-15T15:05:39-04:00
MemAvailable:    3073604 kB
SwapFree:       16584504 kB
2026-09-15T15:05:44-04:00
MemAvailable:    3074016 kB
SwapFree:       16584504 kB
2026-09-15T15:05:49-04:00
MemAvailable:    3074224 kB
SwapFree:       16584504 kB
2026-09-15T15:05:54-04:00
MemAvailable:    3075436 kB
SwapFree:       16584504 kB
2026-09-15T15:05:59-04:00
MemAvailable:    3074824 kB
SwapFree:       16584504 kB
2026-09-15T15:06:04-04:00
MemAvailable:    3074736 kB
SwapFree:       16584504 kB
2026-09-15T15:06:09-04:00
MemAvailable:    3074584 kB
SwapFree:       16584504 kB
2026-09-15T15:06:14-04:00
MemAvailable:    3074484 kB
SwapFree:       16584504 kB
2026-09-15T15:06:19-04:00
MemAvailable:    3074236 kB
SwapFree:       16584504 kB
2026-09-15T15:06:24-04:00
MemAvailable:    3074328 kB
SwapFree:       16584504 kB
2026-09-15T15:06:29-04:00
MemAvailable:    3073864 kB
SwapFree:       16584504 kB
2026-09-15T15:06:34-04:00
MemAvailable:    3073840 kB
SwapFree:       16584504 kB
2026-09-15T15:06:39-04:00
MemAvailable:    3072836 kB
SwapFree:       16584504 kB
2026-09-15T15:06:44-04:00
MemAvailable:    3031932 kB
SwapFree:       16584504 kB
2026-09-15T15:06:49-04:00
MemAvailable:    3031656 kB
SwapFree:       16584504 kB
2026-09-15T15:06:54-04:00
MemAvailable:    3032340 kB
SwapFree:       16584504 kB
2026-09-15T15:06:59-04:00
MemAvailable:    3032944 kB
SwapFree:       16584504 kB
2026-09-15T15:07:04-04:00
MemAvailable:    3031940 kB
SwapFree:       16584504 kB
2026-09-15T15:07:09-04:00
MemAvailable:    3032624 kB
SwapFree:       16584504 kB
2026-09-15T15:07:14-04:00
MemAvailable:    3032684 kB
SwapFree:       16584504 kB
2026-09-15T15:07:19-04:00
MemAvailable:    3028944 kB
SwapFree:       16584504 kB
2026-09-15T15:07:24-04:00
MemAvailable:    3029828 kB
SwapFree:       16584504 kB
2026-09-15T15:07:29-04:00
MemAvailable:    3030108 kB
SwapFree:       16584504 kB
2026-09-15T15:07:34-04:00
MemAvailable:    3030568 kB
SwapFree:       16584504 kB
2026-09-15T15:07:39-04:00
MemAvailable:    3030924 kB
SwapFree:       16584504 kB
2026-09-15T15:07:44-04:00
MemAvailable:    3031088 kB
SwapFree:       16584504 kB
2026-09-15T15:07:49-04:00
MemAvailable:    3031308 kB
SwapFree:       16584504 kB
2026-09-15T15:07:54-04:00
MemAvailable:    3030292 kB
SwapFree:       16584504 kB
2026-09-15T15:07:59-04:00
MemAvailable:    3030536 kB
SwapFree:       16584504 kB
2026-09-15T15:08:04-04:00
MemAvailable:    3027292 kB
SwapFree:       16584504 kB
2026-09-15T15:08:09-04:00
MemAvailable:    3026588 kB
SwapFree:       16584504 kB
2026-09-15T15:08:14-04:00
MemAvailable:    3026856 kB
SwapFree:       16584504 kB
2026-09-15T15:08:19-04:00
MemAvailable:    3026676 kB
SwapFree:       16584504 kB
2026-09-15T15:08:24-04:00
MemAvailable:    3027212 kB
SwapFree:       16584504 kB
2026-09-15T15:08:29-04:00
MemAvailable:    3028068 kB
SwapFree:       16584504 kB
2026-09-15T15:08:34-04:00
MemAvailable:    3027168 kB
SwapFree:       16584504 kB
2026-09-15T15:08:39-04:00
MemAvailable:    3027768 kB
SwapFree:       16584504 kB
2026-09-15T15:08:44-04:00
MemAvailable:    3028156 kB
SwapFree:       16584504 kB
2026-09-15T15:08:49-04:00
MemAvailable:    3016684 kB
SwapFree:       16584504 kB
2026-09-15T15:08:54-04:00
MemAvailable:    3018288 kB
SwapFree:       16584504 kB
2026-09-15T15:08:59-04:00
MemAvailable:    3023200 kB
SwapFree:       16584504 kB
2026-09-15T15:09:04-04:00
MemAvailable:    3022356 kB
SwapFree:       16584504 kB
2026-09-15T15:09:09-04:00
MemAvailable:    3022332 kB
SwapFree:       16584504 kB
2026-09-15T15:09:14-04:00
MemAvailable:    3022424 kB
SwapFree:       16584504 kB
2026-09-15T15:09:19-04:00
MemAvailable:    3022912 kB
SwapFree:       16584504 kB
2026-09-15T15:09:24-04:00
MemAvailable:    3021824 kB
SwapFree:       16584504 kB
2026-09-15T15:09:29-04:00
MemAvailable:    3006292 kB
SwapFree:       16584504 kB
2026-09-15T15:09:34-04:00
MemAvailable:    3005292 kB
SwapFree:       16584504 kB
2026-09-15T15:09:39-04:00
MemAvailable:    3006132 kB
SwapFree:       16584504 kB
2026-09-15T15:09:44-04:00
MemAvailable:    3013748 kB
SwapFree:       16584504 kB
2026-09-15T15:09:49-04:00
MemAvailable:    3014212 kB
SwapFree:       16584504 kB
2026-09-15T15:09:54-04:00
MemAvailable:    3013892 kB
SwapFree:       16584504 kB
2026-09-15T15:09:59-04:00
MemAvailable:    3010920 kB
SwapFree:       16584504 kB
2026-09-15T15:10:04-04:00
MemAvailable:    3013072 kB
SwapFree:       16584504 kB
2026-09-15T15:10:09-04:00
MemAvailable:    3013572 kB
SwapFree:       16584504 kB
2026-09-15T15:10:14-04:00
MemAvailable:    3013720 kB
SwapFree:       16584504 kB
