2026-09-15T14:23:36-04:00
MemAvailable:    6058516 kB
SwapFree:       16776264 kB
2026-09-15T14:23:41-04:00
MemAvailable:    6055480 kB
SwapFree:       16776264 kB
2026-09-15T14:23:46-04:00
MemAvailable:    9850520 kB
SwapFree:       16776264 kB
2026-09-15T14:23:51-04:00
MemAvailable:   122570980 kB
SwapFree:       16776440 kB
2026-09-15T14:23:56-04:00
MemAvailable:   122571860 kB
SwapFree:       16776440 kB
2026-09-15T14:24:01-04:00
MemAvailable:   122185428 kB
SwapFree:       16776460 kB
2026-09-15T14:24:06-04:00
MemAvailable:   121837024 kB
SwapFree:       16776460 kB
2026-09-15T14:24:11-04:00
MemAvailable:   120937520 kB
SwapFree:       16776460 kB
2026-09-15T14:24:16-04:00
MemAvailable:   120371308 kB
SwapFree:       16776460 kB
2026-09-15T14:24:21-04:00
MemAvailable:   120366068 kB
SwapFree:       16776460 kB
2026-09-15T14:24:26-04:00
MemAvailable:   120400068 kB
SwapFree:       16776460 kB
2026-09-15T14:24:31-04:00
MemAvailable:   120413848 kB
SwapFree:       16776460 kB
2026-09-15T14:24:36-04:00
MemAvailable:   118086920 kB
SwapFree:       16776460 kB
2026-09-15T14:24:41-04:00
MemAvailable:   88172904 kB
SwapFree:       16776460 kB
2026-09-15T14:24:46-04:00
MemAvailable:   57633564 kB
SwapFree:       16776460 kB
2026-09-15T14:24:51-04:00
MemAvailable:   44429968 kB
SwapFree:       16776460 kB
2026-09-15T14:24:56-04:00
MemAvailable:   35867600 kB
SwapFree:       16776460 kB
2026-09-15T14:25:01-04:00
MemAvailable:   35876704 kB
SwapFree:       16776460 kB
2026-09-15T14:25:06-04:00
MemAvailable:   35863796 kB
SwapFree:       16776460 kB
2026-09-15T14:25:11-04:00
MemAvailable:   35997152 kB
SwapFree:       16776460 kB
2026-09-15T14:25:16-04:00
MemAvailable:   36021676 kB
SwapFree:       16776260 kB
2026-09-15T14:25:21-04:00
MemAvailable:   36063156 kB
SwapFree:       16776256 kB
2026-09-15T14:25:26-04:00
MemAvailable:   36088864 kB
SwapFree:       16776260 kB
2026-09-15T14:25:31-04:00
MemAvailable:   36107624 kB
SwapFree:       16776260 kB
2026-09-15T14:25:36-04:00
MemAvailable:   36107412 kB
SwapFree:       16776260 kB
2026-09-15T14:25:41-04:00
MemAvailable:   51696824 kB
SwapFree:       16776260 kB
2026-09-15T14:25:46-04:00
MemAvailable:   56219244 kB
SwapFree:       16776260 kB
2026-09-15T14:25:51-04:00
MemAvailable:   54524536 kB
SwapFree:       16776260 kB
2026-09-15T14:25:56-04:00
MemAvailable:   54533460 kB
SwapFree:       16776260 kB
2026-09-15T14:26:01-04:00
MemAvailable:   54530096 kB
SwapFree:       16776260 kB
2026-09-15T14:26:06-04:00
MemAvailable:   53999600 kB
SwapFree:       16776260 kB
2026-09-15T14:26:11-04:00
MemAvailable:   55165272 kB
SwapFree:       16776260 kB
2026-09-15T14:26:16-04:00
MemAvailable:    8754056 kB
SwapFree:       16776256 kB
2026-09-15T14:26:21-04:00
MemAvailable:    8667360 kB
SwapFree:       16776260 kB
2026-09-15T14:26:26-04:00
MemAvailable:    8301704 kB
SwapFree:       16776260 kB
2026-09-15T14:26:31-04:00
MemAvailable:    8296144 kB
SwapFree:       16776260 kB
2026-09-15T14:26:36-04:00
MemAvailable:    8299804 kB
SwapFree:       16776260 kB
2026-09-15T14:26:41-04:00
MemAvailable:    8277872 kB
SwapFree:       16776260 kB
2026-09-15T14:26:46-04:00
MemAvailable:    8283392 kB
SwapFree:       16776260 kB
2026-09-15T14:26:51-04:00
MemAvailable:    8291980 kB
SwapFree:       16776260 kB
2026-09-15T14:26:56-04:00
MemAvailable:    8296072 kB
SwapFree:       16776260 kB
2026-09-15T14:27:01-04:00
MemAvailable:    8293424 kB
SwapFree:       16776260 kB
2026-09-15T14:27:06-04:00
MemAvailable:    8287224 kB
SwapFree:       16776260 kB
2026-09-15T14:27:11-04:00
MemAvailable:    8286680 kB
SwapFree:       16776260 kB
2026-09-15T14:27:16-04:00
MemAvailable:    8286428 kB
SwapFree:       16776260 kB
2026-09-15T14:27:21-04:00
MemAvailable:    8283668 kB
SwapFree:       16776260 kB
2026-09-15T14:27:26-04:00
MemAvailable:    8283428 kB
SwapFree:       16776260 kB
2026-09-15T14:27:31-04:00
MemAvailable:    8283428 kB
SwapFree:       16776260 kB
2026-09-15T14:27:36-04:00
MemAvailable:    8018032 kB
SwapFree:       16776260 kB
2026-09-15T14:27:41-04:00
MemAvailable:    7977712 kB
SwapFree:       16776260 kB
2026-09-15T14:27:46-04:00
MemAvailable:    7985496 kB
SwapFree:       16776260 kB
2026-09-15T14:27:51-04:00
MemAvailable:    7994524 kB
SwapFree:       16776260 kB
2026-09-15T14:27:56-04:00
MemAvailable:    7995664 kB
SwapFree:       16776260 kB
2026-09-15T14:28:01-04:00
MemAvailable:    7995160 kB
SwapFree:       16776260 kB
2026-09-15T14:28:06-04:00
MemAvailable:    7995160 kB
SwapFree:       16776260 kB
2026-09-15T14:28:11-04:00
MemAvailable:    7994908 kB
SwapFree:       16776260 kB
2026-09-15T14:28:16-04:00
MemAvailable:    7994656 kB
SwapFree:       16776260 kB
2026-09-15T14:28:21-04:00
MemAvailable:    7994664 kB
SwapFree:       16776260 kB
2026-09-15T14:28:26-04:00
MemAvailable:    7994412 kB
SwapFree:       16776260 kB
2026-09-15T14:28:31-04:00
MemAvailable:    7939608 kB
SwapFree:       16776260 kB
2026-09-15T14:28:36-04:00
MemAvailable:    7956380 kB
SwapFree:       16776260 kB
2026-09-15T14:28:41-04:00
MemAvailable:    7968792 kB
SwapFree:       16776260 kB
2026-09-15T14:28:46-04:00
MemAvailable:    7973212 kB
SwapFree:       16776260 kB
2026-09-15T14:28:51-04:00
MemAvailable:    7972708 kB
SwapFree:       16776260 kB
2026-09-15T14:28:56-04:00
MemAvailable:    7972708 kB
SwapFree:       16776260 kB
2026-09-15T14:29:01-04:00
MemAvailable:    7972204 kB
SwapFree:       16776260 kB
2026-09-15T14:29:06-04:00
MemAvailable:    7971196 kB
SwapFree:       16776260 kB
2026-09-15T14:29:11-04:00
MemAvailable:    7970944 kB
SwapFree:       16776260 kB
2026-09-15T14:29:16-04:00
MemAvailable:    7970944 kB
SwapFree:       16776260 kB
2026-09-15T14:29:21-04:00
MemAvailable:    7970440 kB
SwapFree:       16776260 kB
2026-09-15T14:29:26-04:00
MemAvailable:    7969692 kB
SwapFree:       16776260 kB
2026-09-15T14:29:31-04:00
MemAvailable:    7969684 kB
SwapFree:       16776260 kB
2026-09-15T14:29:36-04:00
MemAvailable:    7969432 kB
SwapFree:       16776260 kB
2026-09-15T14:29:41-04:00
MemAvailable:    7969180 kB
SwapFree:       16776260 kB
2026-09-15T14:29:46-04:00
MemAvailable:    7968928 kB
SwapFree:       16776260 kB
2026-09-15T14:29:51-04:00
MemAvailable:    7968928 kB
SwapFree:       16776260 kB
2026-09-15T14:29:56-04:00
MemAvailable:    7967164 kB
SwapFree:       16776260 kB
2026-09-15T14:30:01-04:00
MemAvailable:    7965112 kB
SwapFree:       16776260 kB
2026-09-15T14:30:06-04:00
MemAvailable:    7964616 kB
SwapFree:       16776260 kB
2026-09-15T14:30:11-04:00
MemAvailable:    7962376 kB
SwapFree:       16776260 kB
2026-09-15T14:30:16-04:00
MemAvailable:    7961244 kB
SwapFree:       16776260 kB
2026-09-15T14:30:21-04:00
MemAvailable:    7961132 kB
SwapFree:       16776260 kB
2026-09-15T14:30:26-04:00
MemAvailable:    7961132 kB
SwapFree:       16776260 kB
2026-09-15T14:30:31-04:00
MemAvailable:    7960880 kB
SwapFree:       16776260 kB
2026-09-15T14:30:36-04:00
MemAvailable:    7960132 kB
SwapFree:       16776260 kB
2026-09-15T14:30:42-04:00
MemAvailable:    7960132 kB
SwapFree:       16776260 kB
2026-09-15T14:30:47-04:00
MemAvailable:    7959636 kB
SwapFree:       16776260 kB
2026-09-15T14:30:52-04:00
MemAvailable:    7959132 kB
SwapFree:       16776260 kB
2026-09-15T14:30:57-04:00
MemAvailable:    7958388 kB
SwapFree:       16776260 kB
2026-09-15T14:31:02-04:00
MemAvailable:    7958144 kB
SwapFree:       16776260 kB
2026-09-15T14:31:07-04:00
MemAvailable:    7957640 kB
SwapFree:       16776260 kB
2026-09-15T14:31:12-04:00
MemAvailable:    7958048 kB
SwapFree:       16776260 kB
2026-09-15T14:31:17-04:00
MemAvailable:    7957292 kB
SwapFree:       16776260 kB
2026-09-15T14:31:22-04:00
MemAvailable:    7957292 kB
SwapFree:       16776260 kB
2026-09-15T14:31:27-04:00
MemAvailable:    7956788 kB
SwapFree:       16776260 kB
2026-09-15T14:31:32-04:00
MemAvailable:    7956032 kB
SwapFree:       16776260 kB
2026-09-15T14:31:37-04:00
MemAvailable:    7954832 kB
SwapFree:       16776260 kB
2026-09-15T14:31:42-04:00
MemAvailable:    7954016 kB
SwapFree:       16776260 kB
2026-09-15T14:31:47-04:00
MemAvailable:    7954552 kB
SwapFree:       16776260 kB
2026-09-15T14:31:52-04:00
MemAvailable:    7954928 kB
SwapFree:       16776260 kB
2026-09-15T14:31:57-04:00
MemAvailable:    7955532 kB
SwapFree:       16776260 kB
2026-09-15T14:32:02-04:00
MemAvailable:    7954880 kB
SwapFree:       16776260 kB
2026-09-15T14:32:07-04:00
MemAvailable:    7954760 kB
SwapFree:       16776260 kB
2026-09-15T14:32:12-04:00
MemAvailable:    7955164 kB
SwapFree:       16776260 kB
2026-09-15T14:32:17-04:00
MemAvailable:    7954156 kB
SwapFree:       16776260 kB
2026-09-15T14:32:22-04:00
MemAvailable:    7953904 kB
SwapFree:       16776260 kB
2026-09-15T14:32:27-04:00
MemAvailable:    7952900 kB
SwapFree:       16776260 kB
2026-09-15T14:32:32-04:00
MemAvailable:    7952144 kB
SwapFree:       16776260 kB
2026-09-15T14:32:37-04:00
MemAvailable:    7951668 kB
SwapFree:       16776260 kB
2026-09-15T14:32:42-04:00
MemAvailable:    7951416 kB
SwapFree:       16776260 kB
2026-09-15T14:32:47-04:00
MemAvailable:    7957260 kB
SwapFree:       16776260 kB
2026-09-15T14:32:52-04:00
MemAvailable:    7960184 kB
SwapFree:       16776260 kB
2026-09-15T14:32:57-04:00
MemAvailable:    7960104 kB
SwapFree:       16776260 kB
2026-09-15T14:33:02-04:00
MemAvailable:    7959672 kB
SwapFree:       16776260 kB
2026-09-15T14:33:07-04:00
MemAvailable:    7959360 kB
SwapFree:       16776260 kB
2026-09-15T14:33:12-04:00
MemAvailable:    7959192 kB
SwapFree:       16776260 kB
2026-09-15T14:33:17-04:00
MemAvailable:    7959060 kB
SwapFree:       16776260 kB
2026-09-15T14:33:22-04:00
MemAvailable:    7958060 kB
SwapFree:       16776260 kB
2026-09-15T14:33:27-04:00
MemAvailable:    7957304 kB
SwapFree:       16776260 kB
2026-09-15T14:33:32-04:00
MemAvailable:    7957052 kB
SwapFree:       16776260 kB
2026-09-15T14:33:37-04:00
MemAvailable:    7955468 kB
SwapFree:       16776260 kB
2026-09-15T14:33:42-04:00
MemAvailable:    7954532 kB
SwapFree:       16776260 kB
2026-09-15T14:33:47-04:00
MemAvailable:    7954532 kB
SwapFree:       16776260 kB
2026-09-15T14:33:52-04:00
MemAvailable:    7954532 kB
SwapFree:       16776260 kB
2026-09-15T14:33:57-04:00
MemAvailable:    7954280 kB
SwapFree:       16776260 kB
2026-09-15T14:34:02-04:00
MemAvailable:    7939544 kB
SwapFree:       16776260 kB
2026-09-15T14:34:07-04:00
MemAvailable:    7947480 kB
SwapFree:       16776260 kB
2026-09-15T14:34:12-04:00
MemAvailable:    7947556 kB
SwapFree:       16776260 kB
2026-09-15T14:34:17-04:00
MemAvailable:    7947184 kB
SwapFree:       16776260 kB
2026-09-15T14:34:22-04:00
MemAvailable:    7946428 kB
SwapFree:       16776260 kB
2026-09-15T14:34:27-04:00
MemAvailable:    7945672 kB
SwapFree:       16776260 kB
2026-09-15T14:34:32-04:00
MemAvailable:    7946520 kB
SwapFree:       16776260 kB
2026-09-15T14:34:37-04:00
MemAvailable:    7946312 kB
SwapFree:       16776260 kB
2026-09-15T14:34:42-04:00
MemAvailable:    7946060 kB
SwapFree:       16776260 kB
2026-09-15T14:34:47-04:00
MemAvailable:    7946188 kB
SwapFree:       16776260 kB
2026-09-15T14:34:52-04:00
MemAvailable:    7946596 kB
SwapFree:       16776260 kB
2026-09-15T14:34:57-04:00
MemAvailable:    7922212 kB
SwapFree:       16776260 kB
2026-09-15T14:35:02-04:00
MemAvailable:    7931140 kB
SwapFree:       16776260 kB
2026-09-15T14:35:07-04:00
MemAvailable:    7924592 kB
SwapFree:       16776260 kB
2026-09-15T14:35:12-04:00
MemAvailable:    7924812 kB
SwapFree:       16776260 kB
2026-09-15T14:35:17-04:00
MemAvailable:    7923812 kB
SwapFree:       16776260 kB
2026-09-15T14:35:22-04:00
MemAvailable:    7923928 kB
SwapFree:       16776260 kB
2026-09-15T14:35:27-04:00
MemAvailable:    7924040 kB
SwapFree:       16776260 kB
2026-09-15T14:35:32-04:00
MemAvailable:    7923696 kB
SwapFree:       16776260 kB
2026-09-15T14:35:37-04:00
MemAvailable:    7923000 kB
SwapFree:       16776260 kB
2026-09-15T14:35:42-04:00
MemAvailable:    7922688 kB
SwapFree:       16776260 kB
2026-09-15T14:35:47-04:00
MemAvailable:    7922444 kB
SwapFree:       16776260 kB
2026-09-15T14:35:52-04:00
MemAvailable:    7922872 kB
SwapFree:       16776260 kB
2026-09-15T14:35:57-04:00
MemAvailable:    7922632 kB
SwapFree:       16776260 kB
2026-09-15T14:36:02-04:00
MemAvailable:    7922380 kB
SwapFree:       16776260 kB
2026-09-15T14:36:07-04:00
MemAvailable:    7922128 kB
SwapFree:       16776260 kB
2026-09-15T14:36:12-04:00
MemAvailable:    7921876 kB
SwapFree:       16776260 kB
2026-09-15T14:36:17-04:00
MemAvailable:    7921624 kB
SwapFree:       16776260 kB
2026-09-15T14:36:22-04:00
MemAvailable:    7921756 kB
SwapFree:       16776260 kB
2026-09-15T14:36:27-04:00
MemAvailable:    7921756 kB
SwapFree:       16776260 kB
2026-09-15T14:36:32-04:00
MemAvailable:    7921840 kB
SwapFree:       16776260 kB
2026-09-15T14:36:37-04:00
MemAvailable:    7921908 kB
SwapFree:       16776260 kB
2026-09-15T14:36:42-04:00
MemAvailable:    7921464 kB
SwapFree:       16776260 kB
2026-09-15T14:36:47-04:00
MemAvailable:    7920908 kB
SwapFree:       16776260 kB
2026-09-15T14:36:52-04:00
MemAvailable:    7920656 kB
SwapFree:       16776260 kB
2026-09-15T14:36:57-04:00
MemAvailable:    7920404 kB
SwapFree:       16776260 kB
2026-09-15T14:37:02-04:00
MemAvailable:    7920152 kB
SwapFree:       16776260 kB
2026-09-15T14:37:07-04:00
MemAvailable:    7919900 kB
SwapFree:       16776260 kB
2026-09-15T14:37:12-04:00
MemAvailable:    7919316 kB
SwapFree:       16776260 kB
2026-09-15T14:37:17-04:00
MemAvailable:    7919568 kB
SwapFree:       16776260 kB
2026-09-15T14:37:22-04:00
MemAvailable:    7919316 kB
SwapFree:       16776260 kB
2026-09-15T14:37:27-04:00
MemAvailable:    7918368 kB
SwapFree:       16776260 kB
2026-09-15T14:37:32-04:00
MemAvailable:    7917420 kB
SwapFree:       16776260 kB
2026-09-15T14:37:37-04:00
MemAvailable:    7917552 kB
SwapFree:       16776260 kB
2026-09-15T14:37:42-04:00
MemAvailable:    7917928 kB
SwapFree:       16776260 kB
2026-09-15T14:37:47-04:00
MemAvailable:    7917928 kB
SwapFree:       16776260 kB
2026-09-15T14:37:52-04:00
MemAvailable:    7918188 kB
SwapFree:       16776260 kB
2026-09-15T14:37:57-04:00
MemAvailable:    7918448 kB
SwapFree:       16776260 kB
2026-09-15T14:38:02-04:00
MemAvailable:    7918448 kB
SwapFree:       16776260 kB
2026-09-15T14:38:07-04:00
MemAvailable:    7918700 kB
SwapFree:       16776260 kB
2026-09-15T14:38:12-04:00
MemAvailable:    7919204 kB
SwapFree:       16776260 kB
2026-09-15T14:38:17-04:00
MemAvailable:    7918952 kB
SwapFree:       16776260 kB
2026-09-15T14:38:22-04:00
MemAvailable:    7904168 kB
SwapFree:       16776260 kB
2026-09-15T14:38:27-04:00
MemAvailable:    7913868 kB
SwapFree:       16776260 kB
2026-09-15T14:38:32-04:00
MemAvailable:    7916488 kB
SwapFree:       16776260 kB
2026-09-15T14:38:37-04:00
MemAvailable:    7917140 kB
SwapFree:       16776260 kB
2026-09-15T14:38:42-04:00
MemAvailable:    7917428 kB
SwapFree:       16776260 kB
2026-09-15T14:38:47-04:00
MemAvailable:    7918316 kB
SwapFree:       16776260 kB
2026-09-15T14:38:52-04:00
MemAvailable:    7917872 kB
SwapFree:       16776260 kB
2026-09-15T14:38:57-04:00
MemAvailable:    7918716 kB
SwapFree:       16776260 kB
2026-09-15T14:39:02-04:00
MemAvailable:    7919620 kB
SwapFree:       16776260 kB
2026-09-15T14:39:07-04:00
MemAvailable:    7919872 kB
SwapFree:       16776260 kB
2026-09-15T14:39:12-04:00
MemAvailable:    7920336 kB
SwapFree:       16776260 kB
2026-09-15T14:39:17-04:00
MemAvailable:    7909388 kB
SwapFree:       16776260 kB
2026-09-15T14:39:22-04:00
MemAvailable:    7917892 kB
SwapFree:       16776260 kB
2026-09-15T14:39:27-04:00
MemAvailable:    7919168 kB
SwapFree:       16776260 kB
2026-09-15T14:39:32-04:00
MemAvailable:    7918928 kB
SwapFree:       16776260 kB
2026-09-15T14:39:37-04:00
MemAvailable:    7918764 kB
SwapFree:       16776260 kB
2026-09-15T14:39:42-04:00
MemAvailable:    7918260 kB
SwapFree:       16776260 kB
2026-09-15T14:39:47-04:00
MemAvailable:    7917504 kB
SwapFree:       16776260 kB
2026-09-15T14:39:52-04:00
MemAvailable:    7917252 kB
SwapFree:       16776260 kB
2026-09-15T14:39:57-04:00
MemAvailable:    7917656 kB
SwapFree:       16776260 kB
2026-09-15T14:40:02-04:00
MemAvailable:    7917720 kB
SwapFree:       16776260 kB
2026-09-15T14:40:07-04:00
MemAvailable:    7917492 kB
SwapFree:       16776260 kB
2026-09-15T14:40:12-04:00
MemAvailable:    7917564 kB
SwapFree:       16776260 kB
2026-09-15T14:40:17-04:00
MemAvailable:    7917396 kB
SwapFree:       16776260 kB
2026-09-15T14:40:22-04:00
MemAvailable:    7917924 kB
SwapFree:       16776260 kB
2026-09-15T14:40:27-04:00
MemAvailable:    7918240 kB
SwapFree:       16776260 kB
2026-09-15T14:40:32-04:00
MemAvailable:    7918516 kB
SwapFree:       16776260 kB
2026-09-15T14:40:37-04:00
MemAvailable:    7918516 kB
SwapFree:       16776260 kB
2026-09-15T14:40:42-04:00
MemAvailable:    7918900 kB
SwapFree:       16776260 kB
2026-09-15T14:40:47-04:00
MemAvailable:    7918556 kB
SwapFree:       16776260 kB
2026-09-15T14:40:52-04:00
MemAvailable:    7918356 kB
SwapFree:       16776260 kB
2026-09-15T14:40:57-04:00
MemAvailable:    7917940 kB
SwapFree:       16776260 kB
2026-09-15T14:41:02-04:00
MemAvailable:    7917376 kB
SwapFree:       16776260 kB
2026-09-15T14:41:07-04:00
MemAvailable:    7917124 kB
SwapFree:       16776260 kB
2026-09-15T14:41:12-04:00
MemAvailable:    7914776 kB
SwapFree:       16776260 kB
2026-09-15T14:41:17-04:00
MemAvailable:    7914836 kB
SwapFree:       16776260 kB
2026-09-15T14:41:22-04:00
MemAvailable:    7915548 kB
SwapFree:       16776260 kB
2026-09-15T14:41:27-04:00
MemAvailable:    7915652 kB
SwapFree:       16776260 kB
2026-09-15T14:41:32-04:00
MemAvailable:    7915996 kB
SwapFree:       16776260 kB
2026-09-15T14:41:37-04:00
MemAvailable:    7915612 kB
SwapFree:       16776260 kB
2026-09-15T14:41:42-04:00
MemAvailable:    7916436 kB
SwapFree:       16776260 kB
2026-09-15T14:41:47-04:00
MemAvailable:    7916952 kB
SwapFree:       16776260 kB
2026-09-15T14:41:52-04:00
MemAvailable:    7917444 kB
SwapFree:       16776260 kB
2026-09-15T14:41:57-04:00
MemAvailable:    7917256 kB
SwapFree:       16776260 kB
2026-09-15T14:42:02-04:00
MemAvailable:    7917508 kB
SwapFree:       16776260 kB
2026-09-15T14:42:07-04:00
MemAvailable:    7917256 kB
SwapFree:       16776260 kB
2026-09-15T14:42:12-04:00
MemAvailable:    7917004 kB
SwapFree:       16776260 kB
2026-09-15T14:42:17-04:00
MemAvailable:    7917108 kB
SwapFree:       16776260 kB
2026-09-15T14:42:22-04:00
MemAvailable:    7916996 kB
SwapFree:       16776260 kB
2026-09-15T14:42:27-04:00
MemAvailable:    7916552 kB
SwapFree:       16776260 kB
2026-09-15T14:42:32-04:00
MemAvailable:    7916584 kB
SwapFree:       16776260 kB
2026-09-15T14:42:37-04:00
MemAvailable:    7919476 kB
SwapFree:       16776260 kB
2026-09-15T14:42:42-04:00
MemAvailable:    7919056 kB
SwapFree:       16776260 kB
2026-09-15T14:42:47-04:00
MemAvailable:    7916656 kB
SwapFree:       16776260 kB
2026-09-15T14:42:52-04:00
MemAvailable:    7916996 kB
SwapFree:       16776260 kB
2026-09-15T14:42:57-04:00
MemAvailable:    7917624 kB
SwapFree:       16776260 kB
2026-09-15T14:43:02-04:00
MemAvailable:    7917528 kB
SwapFree:       16776260 kB
2026-09-15T14:43:07-04:00
MemAvailable:    7917720 kB
SwapFree:       16776260 kB
2026-09-15T14:43:12-04:00
MemAvailable:    7917852 kB
SwapFree:       16776260 kB
2026-09-15T14:43:17-04:00
MemAvailable:    7834664 kB
SwapFree:       16776260 kB
2026-09-15T14:43:22-04:00
MemAvailable:    7835464 kB
SwapFree:       16776260 kB
2026-09-15T14:43:27-04:00
MemAvailable:    7836196 kB
SwapFree:       16776260 kB
2026-09-15T14:43:32-04:00
MemAvailable:    7835692 kB
SwapFree:       16776260 kB
2026-09-15T14:43:37-04:00
MemAvailable:    7834964 kB
SwapFree:       16776260 kB
2026-09-15T14:43:42-04:00
MemAvailable:    7834964 kB
SwapFree:       16776260 kB
2026-09-15T14:43:47-04:00
MemAvailable:    7835384 kB
SwapFree:       16776260 kB
2026-09-15T14:43:52-04:00
MemAvailable:    7834688 kB
SwapFree:       16776260 kB
2026-09-15T14:43:57-04:00
MemAvailable:    7830228 kB
SwapFree:       16776260 kB
2026-09-15T14:44:02-04:00
MemAvailable:    7830408 kB
SwapFree:       16776260 kB
2026-09-15T14:44:07-04:00
MemAvailable:    7830996 kB
SwapFree:       16776260 kB
2026-09-15T14:44:12-04:00
MemAvailable:    7830992 kB
SwapFree:       16776260 kB
2026-09-15T14:44:17-04:00
MemAvailable:    7830836 kB
SwapFree:       16776260 kB
2026-09-15T14:44:22-04:00
MemAvailable:    7831904 kB
SwapFree:       16776260 kB
2026-09-15T14:44:27-04:00
MemAvailable:    7831604 kB
SwapFree:       16776260 kB
2026-09-15T14:44:32-04:00
MemAvailable:    7831552 kB
SwapFree:       16776260 kB
2026-09-15T14:44:37-04:00
MemAvailable:    7830120 kB
SwapFree:       16776260 kB
2026-09-15T14:44:42-04:00
MemAvailable:    7829616 kB
SwapFree:       16776260 kB
2026-09-15T14:44:47-04:00
MemAvailable:    7829912 kB
SwapFree:       16776260 kB
2026-09-15T14:44:52-04:00
MemAvailable:    7829436 kB
SwapFree:       16776260 kB
2026-09-15T14:44:57-04:00
MemAvailable:    7830088 kB
SwapFree:       16776260 kB
2026-09-15T14:45:02-04:00
MemAvailable:    7829392 kB
SwapFree:       16776260 kB
2026-09-15T14:45:07-04:00
MemAvailable:    7828588 kB
SwapFree:       16776260 kB
2026-09-15T14:45:12-04:00
MemAvailable:    7828856 kB
SwapFree:       16776260 kB
2026-09-15T14:45:17-04:00
MemAvailable:    7829512 kB
SwapFree:       16776260 kB
2026-09-15T14:45:22-04:00
MemAvailable:    7813720 kB
SwapFree:       16776260 kB
2026-09-15T14:45:27-04:00
MemAvailable:    7816880 kB
SwapFree:       16776260 kB
2026-09-15T14:45:33-04:00
MemAvailable:    7824668 kB
SwapFree:       16776260 kB
2026-09-15T14:45:38-04:00
MemAvailable:    7824980 kB
SwapFree:       16776260 kB
2026-09-15T14:45:43-04:00
MemAvailable:    7824868 kB
SwapFree:       16776260 kB
2026-09-15T14:45:48-04:00
MemAvailable:    7826036 kB
SwapFree:       16776260 kB
2026-09-15T14:45:53-04:00
MemAvailable:    7826036 kB
SwapFree:       16776260 kB
2026-09-15T14:45:58-04:00
MemAvailable:    7826524 kB
SwapFree:       16776260 kB
2026-09-15T14:46:03-04:00
MemAvailable:    7827028 kB
SwapFree:       16776260 kB
2026-09-15T14:46:08-04:00
MemAvailable:    7813992 kB
SwapFree:       16776260 kB
2026-09-15T14:46:13-04:00
MemAvailable:    7820720 kB
SwapFree:       16776260 kB
2026-09-15T14:46:18-04:00
MemAvailable:    7821232 kB
SwapFree:       16776260 kB
2026-09-15T14:46:23-04:00
MemAvailable:    7826116 kB
SwapFree:       16776260 kB
2026-09-15T14:46:28-04:00
MemAvailable:    7825168 kB
SwapFree:       16776260 kB
2026-09-15T14:46:33-04:00
MemAvailable:    7825416 kB
SwapFree:       16776260 kB
2026-09-15T14:46:38-04:00
MemAvailable:    7825276 kB
SwapFree:       16776260 kB
2026-09-15T14:46:43-04:00
MemAvailable:    7824964 kB
SwapFree:       16776260 kB
2026-09-15T14:46:48-04:00
MemAvailable:    7824460 kB
SwapFree:       16776260 kB
2026-09-15T14:46:53-04:00
MemAvailable:    7823704 kB
SwapFree:       16776260 kB
2026-09-15T14:46:58-04:00
MemAvailable:    7804252 kB
SwapFree:       16776260 kB
2026-09-15T14:47:03-04:00
MemAvailable:    7816676 kB
SwapFree:       16776260 kB
2026-09-15T14:47:08-04:00
MemAvailable:   11761348 kB
SwapFree:       16776260 kB
2026-09-15T14:47:13-04:00
MemAvailable:   122648320 kB
SwapFree:       16776444 kB
2026-09-15T14:47:18-04:00
MemAvailable:   122626248 kB
SwapFree:       16776460 kB
2026-09-15T14:47:23-04:00
MemAvailable:   122179852 kB
SwapFree:       16776460 kB
2026-09-15T14:47:28-04:00
MemAvailable:   121989676 kB
SwapFree:       16776460 kB
2026-09-15T14:47:33-04:00
MemAvailable:   121083792 kB
SwapFree:       16776460 kB
2026-09-15T14:47:38-04:00
MemAvailable:   120496520 kB
SwapFree:       16776460 kB
2026-09-15T14:47:43-04:00
MemAvailable:   120504852 kB
SwapFree:       16776460 kB
2026-09-15T14:47:48-04:00
MemAvailable:   120512252 kB
SwapFree:       16776460 kB
2026-09-15T14:47:53-04:00
MemAvailable:   120218912 kB
SwapFree:       16776460 kB
2026-09-15T14:47:58-04:00
MemAvailable:   115642224 kB
SwapFree:       16776460 kB
2026-09-15T14:48:03-04:00
MemAvailable:   59288224 kB
SwapFree:       16776460 kB
2026-09-15T14:48:08-04:00
MemAvailable:   47640340 kB
SwapFree:       16776460 kB
2026-09-15T14:48:13-04:00
MemAvailable:   37125220 kB
SwapFree:       16776460 kB
2026-09-15T14:48:18-04:00
MemAvailable:   36066596 kB
SwapFree:       16776460 kB
2026-09-15T14:48:23-04:00
MemAvailable:   36068956 kB
SwapFree:       16776460 kB
2026-09-15T14:48:28-04:00
MemAvailable:   36074440 kB
SwapFree:       16776460 kB
2026-09-15T14:48:33-04:00
MemAvailable:   36060876 kB
SwapFree:       16776272 kB
2026-09-15T14:48:38-04:00
MemAvailable:   36162252 kB
SwapFree:       16776268 kB
2026-09-15T14:48:43-04:00
MemAvailable:   36169244 kB
SwapFree:       16776264 kB
2026-09-15T14:48:48-04:00
MemAvailable:   36143364 kB
SwapFree:       16776264 kB
2026-09-15T14:48:53-04:00
MemAvailable:   36102908 kB
SwapFree:       16776268 kB
2026-09-15T14:48:58-04:00
MemAvailable:   56282352 kB
SwapFree:       16776276 kB
2026-09-15T14:49:03-04:00
MemAvailable:   56143412 kB
SwapFree:       16776276 kB
2026-09-15T14:49:08-04:00
MemAvailable:   54348620 kB
SwapFree:       16776276 kB
2026-09-15T14:49:13-04:00
MemAvailable:   54378180 kB
SwapFree:       16776276 kB
2026-09-15T14:49:18-04:00
MemAvailable:   54424508 kB
SwapFree:       16776276 kB
2026-09-15T14:49:23-04:00
MemAvailable:   54100520 kB
SwapFree:       16776284 kB
2026-09-15T14:49:28-04:00
MemAvailable:   52727028 kB
SwapFree:       16776284 kB
2026-09-15T14:49:33-04:00
MemAvailable:    6515060 kB
SwapFree:       16776304 kB
2026-09-15T14:49:38-04:00
MemAvailable:    6149592 kB
SwapFree:       16776304 kB
2026-09-15T14:49:43-04:00
MemAvailable:    6076648 kB
SwapFree:       16776308 kB
2026-09-15T14:49:48-04:00
MemAvailable:    6079316 kB
SwapFree:       16776308 kB
2026-09-15T14:49:53-04:00
MemAvailable:    6065596 kB
SwapFree:       16776308 kB
2026-09-15T14:49:58-04:00
MemAvailable:    6070640 kB
SwapFree:       16776308 kB
2026-09-15T14:50:03-04:00
MemAvailable:    6071812 kB
SwapFree:       16776308 kB
2026-09-15T14:50:08-04:00
MemAvailable:    6064660 kB
SwapFree:       16776308 kB
2026-09-15T14:50:13-04:00
MemAvailable:    6061116 kB
SwapFree:       16776308 kB
2026-09-15T14:50:18-04:00
MemAvailable:    6058912 kB
SwapFree:       16776308 kB
2026-09-15T14:50:23-04:00
MemAvailable:    6058928 kB
SwapFree:       16776308 kB
2026-09-15T14:50:28-04:00
MemAvailable:    6057668 kB
SwapFree:       16776308 kB
2026-09-15T14:50:33-04:00
MemAvailable:    6039168 kB
SwapFree:       16776312 kB
2026-09-15T14:50:38-04:00
MemAvailable:    6044232 kB
SwapFree:       16776312 kB
2026-09-15T14:50:43-04:00
MemAvailable:    6046496 kB
SwapFree:       16776312 kB
2026-09-15T14:50:48-04:00
MemAvailable:    5801228 kB
SwapFree:       16776312 kB
2026-09-15T14:50:53-04:00
MemAvailable:    5761160 kB
SwapFree:       16776312 kB
2026-09-15T14:50:58-04:00
MemAvailable:    5770464 kB
SwapFree:       16776312 kB
2026-09-15T14:51:03-04:00
MemAvailable:    5779456 kB
SwapFree:       16776312 kB
2026-09-15T14:51:08-04:00
MemAvailable:    5780476 kB
SwapFree:       16776312 kB
2026-09-15T14:51:13-04:00
MemAvailable:    5780476 kB
SwapFree:       16776312 kB
2026-09-15T14:51:18-04:00
MemAvailable:    5780816 kB
SwapFree:       16776312 kB
2026-09-15T14:51:23-04:00
MemAvailable:    5780312 kB
SwapFree:       16776312 kB
2026-09-15T14:51:28-04:00
MemAvailable:    5779304 kB
SwapFree:       16776312 kB
2026-09-15T14:51:33-04:00
MemAvailable:    5779672 kB
SwapFree:       16776312 kB
2026-09-15T14:51:38-04:00
MemAvailable:    5779420 kB
SwapFree:       16776312 kB
2026-09-15T14:51:43-04:00
MemAvailable:    5722432 kB
SwapFree:       16776312 kB
2026-09-15T14:51:48-04:00
MemAvailable:    5740224 kB
SwapFree:       16776312 kB
2026-09-15T14:51:53-04:00
MemAvailable:    5753780 kB
SwapFree:       16776312 kB
2026-09-15T14:51:58-04:00
MemAvailable:    5759324 kB
SwapFree:       16776312 kB
2026-09-15T14:52:03-04:00
MemAvailable:    5758844 kB
SwapFree:       16776312 kB
2026-09-15T14:52:08-04:00
MemAvailable:    5758852 kB
SwapFree:       16776312 kB
2026-09-15T14:52:13-04:00
MemAvailable:    5758600 kB
SwapFree:       16776312 kB
2026-09-15T14:52:18-04:00
MemAvailable:    5756644 kB
SwapFree:       16776312 kB
2026-09-15T14:52:23-04:00
MemAvailable:    5756080 kB
SwapFree:       16776312 kB
2026-09-15T14:52:28-04:00
MemAvailable:    5756080 kB
SwapFree:       16776312 kB
2026-09-15T14:52:33-04:00
MemAvailable:    5755576 kB
SwapFree:       16776312 kB
2026-09-15T14:52:38-04:00
MemAvailable:    5754716 kB
SwapFree:       16776312 kB
2026-09-15T14:52:43-04:00
MemAvailable:    5754020 kB
SwapFree:       16776312 kB
2026-09-15T14:52:48-04:00
MemAvailable:    5754644 kB
SwapFree:       16776312 kB
2026-09-15T14:52:53-04:00
MemAvailable:    5754528 kB
SwapFree:       16776312 kB
2026-09-15T14:52:58-04:00
MemAvailable:    5754904 kB
SwapFree:       16776312 kB
2026-09-15T14:53:03-04:00
MemAvailable:    5754400 kB
SwapFree:       16776312 kB
2026-09-15T14:53:08-04:00
MemAvailable:    5752644 kB
SwapFree:       16776312 kB
2026-09-15T14:53:13-04:00
MemAvailable:    5752140 kB
SwapFree:       16776312 kB
2026-09-15T14:53:18-04:00
MemAvailable:    5742064 kB
SwapFree:       16776312 kB
2026-09-15T14:53:23-04:00
MemAvailable:    5744016 kB
SwapFree:       16776312 kB
2026-09-15T14:53:28-04:00
MemAvailable:    5746712 kB
SwapFree:       16776312 kB
2026-09-15T14:53:33-04:00
MemAvailable:    5746400 kB
SwapFree:       16776312 kB
2026-09-15T14:53:38-04:00
MemAvailable:    5743596 kB
SwapFree:       16776312 kB
2026-09-15T14:53:43-04:00
MemAvailable:    5743152 kB
SwapFree:       16776312 kB
2026-09-15T14:53:48-04:00
MemAvailable:    5743092 kB
SwapFree:       16776312 kB
2026-09-15T14:53:53-04:00
MemAvailable:    5746200 kB
SwapFree:       16776312 kB
2026-09-15T14:53:58-04:00
MemAvailable:    5746984 kB
SwapFree:       16776312 kB
2026-09-15T14:54:03-04:00
MemAvailable:    5746480 kB
SwapFree:       16776312 kB
2026-09-15T14:54:08-04:00
MemAvailable:    5746228 kB
SwapFree:       16776312 kB
2026-09-15T14:54:13-04:00
MemAvailable:    5746236 kB
SwapFree:       16776312 kB
2026-09-15T14:54:18-04:00
MemAvailable:    5745540 kB
SwapFree:       16776312 kB
2026-09-15T14:54:23-04:00
MemAvailable:    5745624 kB
SwapFree:       16776312 kB
2026-09-15T14:54:28-04:00
MemAvailable:    5744616 kB
SwapFree:       16776312 kB
2026-09-15T14:54:33-04:00
MemAvailable:    5744616 kB
SwapFree:       16776312 kB
2026-09-15T14:54:38-04:00
MemAvailable:    5744868 kB
SwapFree:       16776312 kB
2026-09-15T14:54:43-04:00
MemAvailable:    5744616 kB
SwapFree:       16776312 kB
2026-09-15T14:54:48-04:00
MemAvailable:    5744844 kB
SwapFree:       16776312 kB
2026-09-15T14:54:53-04:00
MemAvailable:    5744844 kB
SwapFree:       16776312 kB
2026-09-15T14:54:58-04:00
MemAvailable:    5744340 kB
SwapFree:       16776312 kB
2026-09-15T14:55:03-04:00
MemAvailable:    5743644 kB
SwapFree:       16776312 kB
2026-09-15T14:55:08-04:00
MemAvailable:    5743584 kB
SwapFree:       16776312 kB
2026-09-15T14:55:13-04:00
MemAvailable:    5743844 kB
SwapFree:       16776312 kB
2026-09-15T14:55:18-04:00
MemAvailable:    5743844 kB
SwapFree:       16776312 kB
2026-09-15T14:55:23-04:00
MemAvailable:    5744096 kB
SwapFree:       16776312 kB
2026-09-15T14:55:28-04:00
MemAvailable:    5743592 kB
SwapFree:       16776312 kB
2026-09-15T14:55:33-04:00
MemAvailable:    5742844 kB
SwapFree:       16776312 kB
2026-09-15T14:55:38-04:00
MemAvailable:    5741392 kB
SwapFree:       16776312 kB
2026-09-15T14:55:43-04:00
MemAvailable:    5741692 kB
SwapFree:       16776312 kB
2026-09-15T14:55:48-04:00
MemAvailable:    5741548 kB
SwapFree:       16776312 kB
2026-09-15T14:55:53-04:00
MemAvailable:    5742064 kB
SwapFree:       16776312 kB
2026-09-15T14:55:58-04:00
MemAvailable:    5728176 kB
SwapFree:       16776312 kB
2026-09-15T14:56:03-04:00
MemAvailable:    5728188 kB
SwapFree:       16776312 kB
2026-09-15T14:56:08-04:00
MemAvailable:    5731164 kB
SwapFree:       16776312 kB
2026-09-15T14:56:13-04:00
MemAvailable:    5735976 kB
SwapFree:       16776312 kB
2026-09-15T14:56:18-04:00
MemAvailable:    5736896 kB
SwapFree:       16776312 kB
2026-09-15T14:56:23-04:00
MemAvailable:    5735888 kB
SwapFree:       16776312 kB
2026-09-15T14:56:28-04:00
MemAvailable:    5735636 kB
SwapFree:       16776312 kB
2026-09-15T14:56:33-04:00
MemAvailable:    5735504 kB
SwapFree:       16776312 kB
2026-09-15T14:56:38-04:00
MemAvailable:    5734808 kB
SwapFree:       16776312 kB
2026-09-15T14:56:43-04:00
MemAvailable:    5735008 kB
SwapFree:       16776312 kB
2026-09-15T14:56:48-04:00
MemAvailable:    5735260 kB
SwapFree:       16776312 kB
2026-09-15T14:56:53-04:00
MemAvailable:    5734816 kB
SwapFree:       16776312 kB
2026-09-15T14:56:58-04:00
MemAvailable:    5734532 kB
SwapFree:       16776312 kB
2026-09-15T14:57:03-04:00
MemAvailable:    5734048 kB
SwapFree:       16776312 kB
2026-09-15T14:57:08-04:00
MemAvailable:    5734300 kB
SwapFree:       16776312 kB
2026-09-15T14:57:13-04:00
MemAvailable:    5734552 kB
SwapFree:       16776312 kB
2026-09-15T14:57:18-04:00
MemAvailable:    5734168 kB
SwapFree:       16776312 kB
2026-09-15T14:57:23-04:00
MemAvailable:    5727488 kB
SwapFree:       16776312 kB
2026-09-15T14:57:28-04:00
MemAvailable:    5731384 kB
SwapFree:       16776312 kB
2026-09-15T14:57:33-04:00
MemAvailable:    5728712 kB
SwapFree:       16776312 kB
2026-09-15T14:57:38-04:00
MemAvailable:    5728712 kB
SwapFree:       16776312 kB
2026-09-15T14:57:43-04:00
MemAvailable:    5728712 kB
SwapFree:       16776312 kB
2026-09-15T14:57:48-04:00
MemAvailable:    5729340 kB
SwapFree:       16776312 kB
2026-09-15T14:57:53-04:00
MemAvailable:    5729736 kB
SwapFree:       16776312 kB
2026-09-15T14:57:58-04:00
MemAvailable:    5729744 kB
SwapFree:       16776312 kB
2026-09-15T14:58:03-04:00
MemAvailable:    5730324 kB
SwapFree:       16776312 kB
2026-09-15T14:58:08-04:00
MemAvailable:    5730360 kB
SwapFree:       16776312 kB
2026-09-15T14:58:13-04:00
MemAvailable:    5706420 kB
SwapFree:       16776312 kB
2026-09-15T14:58:18-04:00
MemAvailable:    5713464 kB
SwapFree:       16776312 kB
2026-09-15T14:58:23-04:00
MemAvailable:    5717660 kB
SwapFree:       16776312 kB
2026-09-15T14:58:28-04:00
MemAvailable:    5715192 kB
SwapFree:       16776312 kB
2026-09-15T14:58:33-04:00
MemAvailable:    5714940 kB
SwapFree:       16776312 kB
2026-09-15T14:58:38-04:00
MemAvailable:    5715264 kB
SwapFree:       16776312 kB
2026-09-15T14:58:43-04:00
MemAvailable:    5715516 kB
SwapFree:       16776312 kB
2026-09-15T14:58:48-04:00
MemAvailable:    5715516 kB
SwapFree:       16776312 kB
2026-09-15T14:58:53-04:00
MemAvailable:    5715264 kB
SwapFree:       16776312 kB
2026-09-15T14:58:58-04:00
MemAvailable:    5715344 kB
SwapFree:       16776312 kB
2026-09-15T14:59:03-04:00
MemAvailable:    5714396 kB
SwapFree:       16776312 kB
2026-09-15T14:59:08-04:00
MemAvailable:    5715052 kB
SwapFree:       16776312 kB
2026-09-15T14:59:13-04:00
MemAvailable:    5715320 kB
SwapFree:       16776312 kB
2026-09-15T14:59:18-04:00
MemAvailable:    5715080 kB
SwapFree:       16776312 kB
2026-09-15T14:59:23-04:00
MemAvailable:    5714828 kB
SwapFree:       16776312 kB
2026-09-15T14:59:28-04:00
MemAvailable:    5714324 kB
SwapFree:       16776312 kB
2026-09-15T14:59:33-04:00
MemAvailable:    5714576 kB
SwapFree:       16776312 kB
2026-09-15T14:59:38-04:00
MemAvailable:    5714848 kB
SwapFree:       16776312 kB
2026-09-15T14:59:43-04:00
MemAvailable:    5713648 kB
SwapFree:       16776312 kB
2026-09-15T14:59:48-04:00
MemAvailable:    5713588 kB
SwapFree:       16776312 kB
2026-09-15T14:59:53-04:00
MemAvailable:    5713648 kB
SwapFree:       16776312 kB
2026-09-15T14:59:58-04:00
MemAvailable:    5713840 kB
SwapFree:       16776312 kB
2026-09-15T15:00:03-04:00
MemAvailable:    5714092 kB
SwapFree:       16776312 kB
2026-09-15T15:00:08-04:00
MemAvailable:    5714780 kB
SwapFree:       16776312 kB
2026-09-15T15:00:13-04:00
MemAvailable:    5715532 kB
SwapFree:       16776312 kB
2026-09-15T15:00:18-04:00
MemAvailable:    5715804 kB
SwapFree:       16776312 kB
2026-09-15T15:00:23-04:00
MemAvailable:    5715552 kB
SwapFree:       16776312 kB
2026-09-15T15:00:28-04:00
MemAvailable:    5715128 kB
SwapFree:       16776312 kB
2026-09-15T15:00:33-04:00
MemAvailable:    5714876 kB
SwapFree:       16776312 kB
2026-09-15T15:00:38-04:00
MemAvailable:    5715488 kB
SwapFree:       16776312 kB
2026-09-15T15:00:43-04:00
MemAvailable:    5716928 kB
SwapFree:       16776312 kB
2026-09-15T15:00:48-04:00
MemAvailable:    5716432 kB
SwapFree:       16776312 kB
2026-09-15T15:00:53-04:00
MemAvailable:    5716432 kB
SwapFree:       16776312 kB
2026-09-15T15:00:59-04:00
MemAvailable:    5715988 kB
SwapFree:       16776312 kB
2026-09-15T15:01:04-04:00
MemAvailable:    5708332 kB
SwapFree:       16776312 kB
2026-09-15T15:01:09-04:00
MemAvailable:    5714072 kB
SwapFree:       16776312 kB
2026-09-15T15:01:14-04:00
MemAvailable:    5713964 kB
SwapFree:       16776312 kB
2026-09-15T15:01:19-04:00
MemAvailable:    5713728 kB
SwapFree:       16776312 kB
2026-09-15T15:01:24-04:00
MemAvailable:    5713040 kB
SwapFree:       16776312 kB
2026-09-15T15:01:29-04:00
MemAvailable:    5712728 kB
SwapFree:       16776312 kB
2026-09-15T15:01:34-04:00
MemAvailable:    5712980 kB
SwapFree:       16776312 kB
2026-09-15T15:01:39-04:00
MemAvailable:    5712788 kB
SwapFree:       16776312 kB
2026-09-15T15:01:44-04:00
MemAvailable:    5698436 kB
SwapFree:       16776312 kB
2026-09-15T15:01:49-04:00
MemAvailable:    5709512 kB
SwapFree:       16776312 kB
2026-09-15T15:01:54-04:00
MemAvailable:    5712484 kB
SwapFree:       16776312 kB
2026-09-15T15:01:59-04:00
MemAvailable:    5712988 kB
SwapFree:       16776312 kB
2026-09-15T15:02:04-04:00
MemAvailable:    5714212 kB
SwapFree:       16776312 kB
2026-09-15T15:02:09-04:00
MemAvailable:    5713960 kB
SwapFree:       16776312 kB
2026-09-15T15:02:14-04:00
MemAvailable:    5714592 kB
SwapFree:       16776312 kB
2026-09-15T15:02:19-04:00
MemAvailable:    5713584 kB
SwapFree:       16776312 kB
2026-09-15T15:02:24-04:00
MemAvailable:    5713676 kB
SwapFree:       16776312 kB
2026-09-15T15:02:29-04:00
MemAvailable:    5713180 kB
SwapFree:       16776312 kB
2026-09-15T15:02:34-04:00
MemAvailable:    5712172 kB
SwapFree:       16776312 kB
2026-09-15T15:02:39-04:00
MemAvailable:    5700824 kB
SwapFree:       16776312 kB
2026-09-15T15:02:44-04:00
MemAvailable:    5709836 kB
SwapFree:       16776312 kB
2026-09-15T15:02:49-04:00
MemAvailable:    5710224 kB
SwapFree:       16776312 kB
2026-09-15T15:02:54-04:00
MemAvailable:    5709972 kB
SwapFree:       16776312 kB
2026-09-15T15:02:59-04:00
MemAvailable:    5709276 kB
SwapFree:       16776312 kB
2026-09-15T15:03:04-04:00
MemAvailable:    5709276 kB
SwapFree:       16776312 kB
2026-09-15T15:03:09-04:00
MemAvailable:    5708964 kB
SwapFree:       16776312 kB
2026-09-15T15:03:14-04:00
MemAvailable:    5709216 kB
SwapFree:       16776312 kB
2026-09-15T15:03:19-04:00
MemAvailable:    5709216 kB
SwapFree:       16776312 kB
2026-09-15T15:03:24-04:00
MemAvailable:    5709216 kB
SwapFree:       16776312 kB
2026-09-15T15:03:29-04:00
MemAvailable:    5709896 kB
SwapFree:       16776312 kB
2026-09-15T15:03:34-04:00
MemAvailable:    5710176 kB
SwapFree:       16776312 kB
2026-09-15T15:03:39-04:00
MemAvailable:    5710428 kB
SwapFree:       16776312 kB
2026-09-15T15:03:44-04:00
MemAvailable:    5710184 kB
SwapFree:       16776312 kB
2026-09-15T15:03:49-04:00
MemAvailable:    5708420 kB
SwapFree:       16776312 kB
2026-09-15T15:03:54-04:00
MemAvailable:    5708672 kB
SwapFree:       16776312 kB
2026-09-15T15:03:59-04:00
MemAvailable:    5709168 kB
SwapFree:       16776312 kB
2026-09-15T15:04:04-04:00
MemAvailable:    5709168 kB
SwapFree:       16776312 kB
2026-09-15T15:04:09-04:00
MemAvailable:    5709168 kB
SwapFree:       16776312 kB
2026-09-15T15:04:14-04:00
MemAvailable:    5708968 kB
SwapFree:       16776312 kB
2026-09-15T15:04:19-04:00
MemAvailable:    5708716 kB
SwapFree:       16776312 kB
2026-09-15T15:04:24-04:00
MemAvailable:    5708464 kB
SwapFree:       16776312 kB
2026-09-15T15:04:29-04:00
MemAvailable:    5709048 kB
SwapFree:       16776312 kB
2026-09-15T15:04:34-04:00
MemAvailable:    5706572 kB
SwapFree:       16776312 kB
2026-09-15T15:04:39-04:00
MemAvailable:    5706156 kB
SwapFree:       16776312 kB
2026-09-15T15:04:44-04:00
MemAvailable:    5706516 kB
SwapFree:       16776312 kB
2026-09-15T15:04:49-04:00
MemAvailable:    5706648 kB
SwapFree:       16776312 kB
2026-09-15T15:04:54-04:00
MemAvailable:    5705648 kB
SwapFree:       16776312 kB
2026-09-15T15:04:59-04:00
MemAvailable:    5706272 kB
SwapFree:       16776312 kB
2026-09-15T15:05:04-04:00
MemAvailable:    5706880 kB
SwapFree:       16776312 kB
2026-09-15T15:05:09-04:00
MemAvailable:    5706628 kB
SwapFree:       16776312 kB
2026-09-15T15:05:14-04:00
MemAvailable:    5706976 kB
SwapFree:       16776312 kB
2026-09-15T15:05:19-04:00
MemAvailable:    5707808 kB
SwapFree:       16776312 kB
2026-09-15T15:05:24-04:00
MemAvailable:    5708196 kB
SwapFree:       16776312 kB
2026-09-15T15:05:29-04:00
MemAvailable:    5708580 kB
SwapFree:       16776312 kB
2026-09-15T15:05:34-04:00
MemAvailable:    5708908 kB
SwapFree:       16776312 kB
2026-09-15T15:05:39-04:00
MemAvailable:    5709584 kB
SwapFree:       16776312 kB
2026-09-15T15:05:44-04:00
MemAvailable:    5709752 kB
SwapFree:       16776312 kB
2026-09-15T15:05:49-04:00
MemAvailable:    5709248 kB
SwapFree:       16776312 kB
2026-09-15T15:05:54-04:00
MemAvailable:    5710476 kB
SwapFree:       16776312 kB
2026-09-15T15:05:59-04:00
MemAvailable:    5709056 kB
SwapFree:       16776312 kB
2026-09-15T15:06:04-04:00
MemAvailable:    5709248 kB
SwapFree:       16776312 kB
2026-09-15T15:06:09-04:00
MemAvailable:    5709468 kB
SwapFree:       16776312 kB
2026-09-15T15:06:14-04:00
MemAvailable:    5709804 kB
SwapFree:       16776312 kB
2026-09-15T15:06:19-04:00
MemAvailable:    5710260 kB
SwapFree:       16776312 kB
2026-09-15T15:06:24-04:00
MemAvailable:    5710032 kB
SwapFree:       16776312 kB
2026-09-15T15:06:29-04:00
MemAvailable:    5710556 kB
SwapFree:       16776312 kB
2026-09-15T15:06:34-04:00
MemAvailable:    5710092 kB
SwapFree:       16776312 kB
2026-09-15T15:06:39-04:00
MemAvailable:    5710200 kB
SwapFree:       16776312 kB
2026-09-15T15:06:44-04:00
MemAvailable:    5668668 kB
SwapFree:       16776312 kB
2026-09-15T15:06:49-04:00
MemAvailable:    5668976 kB
SwapFree:       16776312 kB
2026-09-15T15:06:54-04:00
MemAvailable:    5669016 kB
SwapFree:       16776312 kB
2026-09-15T15:06:59-04:00
MemAvailable:    5669564 kB
SwapFree:       16776312 kB
2026-09-15T15:07:04-04:00
MemAvailable:    5669564 kB
SwapFree:       16776312 kB
2026-09-15T15:07:09-04:00
MemAvailable:    5668808 kB
SwapFree:       16776312 kB
2026-09-15T15:07:14-04:00
MemAvailable:    5669188 kB
SwapFree:       16776312 kB
2026-09-15T15:07:19-04:00
MemAvailable:    5655600 kB
SwapFree:       16776312 kB
2026-09-15T15:07:24-04:00
MemAvailable:    5655824 kB
SwapFree:       16776312 kB
2026-09-15T15:07:29-04:00
MemAvailable:    5663204 kB
SwapFree:       16776312 kB
2026-09-15T15:07:34-04:00
MemAvailable:    5662700 kB
SwapFree:       16776312 kB
2026-09-15T15:07:39-04:00
MemAvailable:    5663080 kB
SwapFree:       16776312 kB
2026-09-15T15:07:44-04:00
MemAvailable:    5662360 kB
SwapFree:       16776312 kB
2026-09-15T15:07:49-04:00
MemAvailable:    5662364 kB
SwapFree:       16776312 kB
2026-09-15T15:07:54-04:00
MemAvailable:    5663036 kB
SwapFree:       16776312 kB
2026-09-15T15:07:59-04:00
MemAvailable:    5662784 kB
SwapFree:       16776312 kB
2026-09-15T15:08:04-04:00
MemAvailable:    5661948 kB
SwapFree:       16776312 kB
2026-09-15T15:08:09-04:00
MemAvailable:    5661660 kB
SwapFree:       16776312 kB
2026-09-15T15:08:14-04:00
MemAvailable:    5662392 kB
SwapFree:       16776312 kB
2026-09-15T15:08:19-04:00
MemAvailable:    5662808 kB
SwapFree:       16776312 kB
2026-09-15T15:08:24-04:00
MemAvailable:    5661868 kB
SwapFree:       16776312 kB
2026-09-15T15:08:29-04:00
MemAvailable:    5661224 kB
SwapFree:       16776312 kB
2026-09-15T15:08:34-04:00
MemAvailable:    5661416 kB
SwapFree:       16776312 kB
2026-09-15T15:08:39-04:00
MemAvailable:    5661416 kB
SwapFree:       16776312 kB
2026-09-15T15:08:44-04:00
MemAvailable:    5661140 kB
SwapFree:       16776312 kB
2026-09-15T15:08:49-04:00
MemAvailable:    5654152 kB
SwapFree:       16776312 kB
2026-09-15T15:08:54-04:00
MemAvailable:    5657996 kB
SwapFree:       16776312 kB
2026-09-15T15:08:59-04:00
MemAvailable:    5660200 kB
SwapFree:       16776312 kB
2026-09-15T15:09:04-04:00
MemAvailable:    5660200 kB
SwapFree:       16776312 kB
2026-09-15T15:09:09-04:00
MemAvailable:    5660744 kB
SwapFree:       16776312 kB
2026-09-15T15:09:14-04:00
MemAvailable:    5660588 kB
SwapFree:       16776312 kB
2026-09-15T15:09:19-04:00
MemAvailable:    5660460 kB
SwapFree:       16776312 kB
2026-09-15T15:09:24-04:00
MemAvailable:    5660984 kB
SwapFree:       16776312 kB
2026-09-15T15:09:29-04:00
MemAvailable:    5647388 kB
SwapFree:       16776312 kB
2026-09-15T15:09:34-04:00
MemAvailable:    5650812 kB
SwapFree:       16776312 kB
2026-09-15T15:09:39-04:00
MemAvailable:    5650596 kB
SwapFree:       16776312 kB
2026-09-15T15:09:44-04:00
MemAvailable:    5658800 kB
SwapFree:       16776312 kB
2026-09-15T15:09:49-04:00
MemAvailable:    5659924 kB
SwapFree:       16776312 kB
2026-09-15T15:09:54-04:00
MemAvailable:    5660076 kB
SwapFree:       16776312 kB
2026-09-15T15:09:59-04:00
MemAvailable:    5660480 kB
SwapFree:       16776312 kB
2026-09-15T15:10:04-04:00
MemAvailable:    5660040 kB
SwapFree:       16776312 kB
2026-09-15T15:10:09-04:00
MemAvailable:    5660416 kB
SwapFree:       16776312 kB
2026-09-15T15:10:14-04:00
MemAvailable:    5661628 kB
SwapFree:       16776312 kB
