2026-09-15T13:29:30-04:00
MemAvailable:    7951356 kB
SwapFree:       16775964 kB
2026-09-15T13:29:35-04:00
MemAvailable:    8020244 kB
SwapFree:       16775964 kB
2026-09-15T13:29:40-04:00
MemAvailable:   11740476 kB
SwapFree:       16775964 kB
2026-09-15T13:29:45-04:00
MemAvailable:   122624116 kB
SwapFree:       16776164 kB
2026-09-15T13:29:50-04:00
MemAvailable:   122648216 kB
SwapFree:       16776164 kB
2026-09-15T13:29:55-04:00
MemAvailable:   122131404 kB
SwapFree:       16776188 kB
2026-09-15T13:30:00-04:00
MemAvailable:   122049208 kB
SwapFree:       16776188 kB
2026-09-15T13:30:05-04:00
MemAvailable:   121576576 kB
SwapFree:       16776188 kB
2026-09-15T13:30:10-04:00
MemAvailable:   120751516 kB
SwapFree:       16776188 kB
2026-09-15T13:30:15-04:00
MemAvailable:   121060164 kB
SwapFree:       16776188 kB
2026-09-15T13:30:20-04:00
MemAvailable:   121278100 kB
SwapFree:       16776188 kB
2026-09-15T13:30:25-04:00
MemAvailable:   120366708 kB
SwapFree:       16776188 kB
2026-09-15T13:30:30-04:00
MemAvailable:   120560704 kB
SwapFree:       16776188 kB
2026-09-15T13:30:35-04:00
MemAvailable:   120567116 kB
SwapFree:       16776188 kB
2026-09-15T13:30:40-04:00
MemAvailable:   120553972 kB
SwapFree:       16776188 kB
2026-09-15T13:30:45-04:00
MemAvailable:   120565896 kB
SwapFree:       16776188 kB
2026-09-15T13:30:50-04:00
MemAvailable:   116373584 kB
SwapFree:       16776188 kB
2026-09-15T13:30:55-04:00
MemAvailable:   61374792 kB
SwapFree:       16776188 kB
2026-09-15T13:31:00-04:00
MemAvailable:   54756640 kB
SwapFree:       16776188 kB
2026-09-15T13:31:05-04:00
MemAvailable:   40539928 kB
SwapFree:       16776188 kB
2026-09-15T13:31:10-04:00
MemAvailable:   36060940 kB
SwapFree:       16776188 kB
2026-09-15T13:31:15-04:00
MemAvailable:   36071948 kB
SwapFree:       16776188 kB
2026-09-15T13:31:20-04:00
MemAvailable:   36053276 kB
SwapFree:       16776188 kB
2026-09-15T13:31:25-04:00
MemAvailable:   36105100 kB
SwapFree:       16775976 kB
2026-09-15T13:31:30-04:00
MemAvailable:   36111628 kB
SwapFree:       16776024 kB
2026-09-15T13:31:35-04:00
MemAvailable:   36125972 kB
SwapFree:       16776028 kB
2026-09-15T13:31:40-04:00
MemAvailable:   36135460 kB
SwapFree:       16776024 kB
2026-09-15T13:31:45-04:00
MemAvailable:   36136064 kB
SwapFree:       16776028 kB
2026-09-15T13:31:50-04:00
MemAvailable:   36134656 kB
SwapFree:       16776028 kB
2026-09-15T13:31:55-04:00
MemAvailable:   37224868 kB
SwapFree:       16776028 kB
2026-09-15T13:32:00-04:00
MemAvailable:   56454160 kB
SwapFree:       16776028 kB
2026-09-15T13:32:05-04:00
MemAvailable:   54583404 kB
SwapFree:       16776028 kB
2026-09-15T13:32:10-04:00
MemAvailable:   54590816 kB
SwapFree:       16776028 kB
2026-09-15T13:32:15-04:00
MemAvailable:   54591396 kB
SwapFree:       16776028 kB
2026-09-15T13:32:20-04:00
MemAvailable:   54591660 kB
SwapFree:       16776028 kB
2026-09-15T13:32:25-04:00
MemAvailable:   54610380 kB
SwapFree:       16776028 kB
2026-09-15T13:32:30-04:00
MemAvailable:   54601436 kB
SwapFree:       16776028 kB
2026-09-15T13:32:35-04:00
MemAvailable:   54526252 kB
SwapFree:       16776028 kB
2026-09-15T13:32:40-04:00
MemAvailable:   54829900 kB
SwapFree:       16776028 kB
2026-09-15T13:32:45-04:00
MemAvailable:   54516904 kB
SwapFree:       16776028 kB
2026-09-15T13:32:50-04:00
MemAvailable:   54294276 kB
SwapFree:       16776028 kB
2026-09-15T13:32:55-04:00
MemAvailable:   54095100 kB
SwapFree:       16776028 kB
2026-09-15T13:33:00-04:00
MemAvailable:   54467580 kB
SwapFree:       16776028 kB
2026-09-15T13:33:05-04:00
MemAvailable:   53888184 kB
SwapFree:       16776028 kB
2026-09-15T13:33:10-04:00
MemAvailable:   55031148 kB
SwapFree:       16776028 kB
2026-09-15T13:33:15-04:00
MemAvailable:   54990304 kB
SwapFree:       16776028 kB
2026-09-15T13:33:20-04:00
MemAvailable:   54985656 kB
SwapFree:       16776028 kB
2026-09-15T13:33:25-04:00
MemAvailable:   54865080 kB
SwapFree:       16776028 kB
2026-09-15T13:33:30-04:00
MemAvailable:   54861072 kB
SwapFree:       16776028 kB
2026-09-15T13:33:35-04:00
MemAvailable:   54923936 kB
SwapFree:       16776028 kB
2026-09-15T13:33:40-04:00
MemAvailable:   54905312 kB
SwapFree:       16776028 kB
2026-09-15T13:33:45-04:00
MemAvailable:   52841812 kB
SwapFree:       16776028 kB
2026-09-15T13:33:50-04:00
MemAvailable:   52520068 kB
SwapFree:       16776028 kB
2026-09-15T13:33:55-04:00
MemAvailable:   52365160 kB
SwapFree:       16776028 kB
2026-09-15T13:34:00-04:00
MemAvailable:   52208292 kB
SwapFree:       16776028 kB
2026-09-15T13:34:05-04:00
MemAvailable:    7402956 kB
SwapFree:       16776028 kB
2026-09-15T13:34:10-04:00
MemAvailable:    7587984 kB
SwapFree:       16776028 kB
2026-09-15T13:34:15-04:00
MemAvailable:    7351312 kB
SwapFree:       16776024 kB
2026-09-15T13:34:20-04:00
MemAvailable:    6784192 kB
SwapFree:       16776024 kB
2026-09-15T13:34:25-04:00
MemAvailable:    6657796 kB
SwapFree:       16776028 kB
2026-09-15T13:34:30-04:00
MemAvailable:    6706912 kB
SwapFree:       16776028 kB
2026-09-15T13:34:35-04:00
MemAvailable:    6769924 kB
SwapFree:       16776028 kB
2026-09-15T13:34:40-04:00
MemAvailable:    6805052 kB
SwapFree:       16776028 kB
2026-09-15T13:34:45-04:00
MemAvailable:    6825520 kB
SwapFree:       16776028 kB
2026-09-15T13:34:50-04:00
MemAvailable:    6829232 kB
SwapFree:       16776028 kB
2026-09-15T13:34:55-04:00
MemAvailable:    6819716 kB
SwapFree:       16776028 kB
2026-09-15T13:35:00-04:00
MemAvailable:    6824968 kB
SwapFree:       16776028 kB
2026-09-15T13:35:05-04:00
MemAvailable:    6832212 kB
SwapFree:       16776028 kB
2026-09-15T13:35:10-04:00
MemAvailable:    6815208 kB
SwapFree:       16776028 kB
2026-09-15T13:35:15-04:00
MemAvailable:    6799496 kB
SwapFree:       16776028 kB
2026-09-15T13:35:20-04:00
MemAvailable:    6805448 kB
SwapFree:       16776028 kB
2026-09-15T13:35:25-04:00
MemAvailable:    6814032 kB
SwapFree:       16776028 kB
2026-09-15T13:35:31-04:00
MemAvailable:    6814032 kB
SwapFree:       16776044 kB
2026-09-15T13:35:36-04:00
MemAvailable:    6813284 kB
SwapFree:       16776044 kB
2026-09-15T13:35:41-04:00
MemAvailable:    6566260 kB
SwapFree:       16776044 kB
2026-09-15T13:35:46-04:00
MemAvailable:    6545908 kB
SwapFree:       16776044 kB
2026-09-15T13:35:51-04:00
MemAvailable:    6554988 kB
SwapFree:       16776044 kB
2026-09-15T13:35:56-04:00
MemAvailable:    6556224 kB
SwapFree:       16776044 kB
2026-09-15T13:36:01-04:00
MemAvailable:    6556224 kB
SwapFree:       16776044 kB
2026-09-15T13:36:06-04:00
MemAvailable:    6556232 kB
SwapFree:       16776044 kB
2026-09-15T13:36:11-04:00
MemAvailable:    6556484 kB
SwapFree:       16776044 kB
2026-09-15T13:36:16-04:00
MemAvailable:    6556484 kB
SwapFree:       16776044 kB
2026-09-15T13:36:21-04:00
MemAvailable:    6556484 kB
SwapFree:       16776044 kB
2026-09-15T13:36:26-04:00
MemAvailable:    6556496 kB
SwapFree:       16776044 kB
2026-09-15T13:36:31-04:00
MemAvailable:    6556496 kB
SwapFree:       16776044 kB
2026-09-15T13:36:36-04:00
MemAvailable:    6500744 kB
SwapFree:       16776044 kB
2026-09-15T13:36:41-04:00
MemAvailable:    6524096 kB
SwapFree:       16776044 kB
2026-09-15T13:36:46-04:00
MemAvailable:    6544700 kB
SwapFree:       16776044 kB
2026-09-15T13:36:51-04:00
MemAvailable:    6547580 kB
SwapFree:       16776044 kB
2026-09-15T13:36:56-04:00
MemAvailable:    6547780 kB
SwapFree:       16776044 kB
2026-09-15T13:37:01-04:00
MemAvailable:    6547780 kB
SwapFree:       16776044 kB
2026-09-15T13:37:06-04:00
MemAvailable:    6547876 kB
SwapFree:       16776044 kB
2026-09-15T13:37:11-04:00
MemAvailable:    6547816 kB
SwapFree:       16776044 kB
2026-09-15T13:37:16-04:00
MemAvailable:    6547824 kB
SwapFree:       16776044 kB
2026-09-15T13:37:21-04:00
MemAvailable:    6546816 kB
SwapFree:       16776044 kB
2026-09-15T13:37:26-04:00
MemAvailable:    6546816 kB
SwapFree:       16776044 kB
2026-09-15T13:37:31-04:00
MemAvailable:    6547068 kB
SwapFree:       16776044 kB
2026-09-15T13:37:36-04:00
MemAvailable:    6547320 kB
SwapFree:       16776044 kB
2026-09-15T13:37:41-04:00
MemAvailable:    6547572 kB
SwapFree:       16776044 kB
2026-09-15T13:37:46-04:00
MemAvailable:    6546056 kB
SwapFree:       16776044 kB
2026-09-15T13:37:51-04:00
MemAvailable:    6543264 kB
SwapFree:       16776044 kB
2026-09-15T13:37:56-04:00
MemAvailable:    6543516 kB
SwapFree:       16776044 kB
2026-09-15T13:38:01-04:00
MemAvailable:    6543516 kB
SwapFree:       16776044 kB
2026-09-15T13:38:06-04:00
MemAvailable:    6543264 kB
SwapFree:       16776044 kB
2026-09-15T13:38:11-04:00
MemAvailable:    6540964 kB
SwapFree:       16776044 kB
2026-09-15T13:38:16-04:00
MemAvailable:    6541408 kB
SwapFree:       16776044 kB
2026-09-15T13:38:21-04:00
MemAvailable:    6541756 kB
SwapFree:       16776044 kB
2026-09-15T13:38:26-04:00
MemAvailable:    6541756 kB
SwapFree:       16776044 kB
2026-09-15T13:38:31-04:00
MemAvailable:    6541312 kB
SwapFree:       16776044 kB
2026-09-15T13:38:36-04:00
MemAvailable:    6541000 kB
SwapFree:       16776044 kB
2026-09-15T13:38:41-04:00
MemAvailable:    6541000 kB
SwapFree:       16776044 kB
2026-09-15T13:38:46-04:00
MemAvailable:    6541252 kB
SwapFree:       16776044 kB
2026-09-15T13:38:51-04:00
MemAvailable:    6541252 kB
SwapFree:       16776044 kB
2026-09-15T13:38:56-04:00
MemAvailable:    6541252 kB
SwapFree:       16776044 kB
2026-09-15T13:39:01-04:00
MemAvailable:    6541260 kB
SwapFree:       16776044 kB
2026-09-15T13:39:06-04:00
MemAvailable:    6541260 kB
SwapFree:       16776044 kB
2026-09-15T13:39:11-04:00
MemAvailable:    6541260 kB
SwapFree:       16776044 kB
2026-09-15T13:39:16-04:00
MemAvailable:    6541008 kB
SwapFree:       16776044 kB
2026-09-15T13:39:21-04:00
MemAvailable:    6541008 kB
SwapFree:       16776044 kB
2026-09-15T13:39:26-04:00
MemAvailable:    6541008 kB
SwapFree:       16776044 kB
2026-09-15T13:39:31-04:00
MemAvailable:    6541008 kB
SwapFree:       16776044 kB
2026-09-15T13:39:36-04:00
MemAvailable:    6541008 kB
SwapFree:       16776044 kB
2026-09-15T13:39:41-04:00
MemAvailable:    6541260 kB
SwapFree:       16776044 kB
2026-09-15T13:39:46-04:00
MemAvailable:    6541512 kB
SwapFree:       16776044 kB
2026-09-15T13:39:51-04:00
MemAvailable:    6541764 kB
SwapFree:       16776044 kB
2026-09-15T13:39:56-04:00
MemAvailable:    6541764 kB
SwapFree:       16776044 kB
2026-09-15T13:40:01-04:00
MemAvailable:    6541764 kB
SwapFree:       16776044 kB
2026-09-15T13:40:06-04:00
MemAvailable:    6541764 kB
SwapFree:       16776044 kB
2026-09-15T13:40:11-04:00
MemAvailable:    6541544 kB
SwapFree:       16776044 kB
2026-09-15T13:40:16-04:00
MemAvailable:    6541544 kB
SwapFree:       16776044 kB
2026-09-15T13:40:21-04:00
MemAvailable:    6541300 kB
SwapFree:       16776044 kB
2026-09-15T13:40:26-04:00
MemAvailable:    6541300 kB
SwapFree:       16776044 kB
2026-09-15T13:40:31-04:00
MemAvailable:    6542584 kB
SwapFree:       16776044 kB
2026-09-15T13:40:36-04:00
MemAvailable:    6542584 kB
SwapFree:       16776044 kB
2026-09-15T13:40:41-04:00
MemAvailable:    6503464 kB
SwapFree:       16776044 kB
2026-09-15T13:40:46-04:00
MemAvailable:    6504412 kB
SwapFree:       16776044 kB
2026-09-15T13:40:51-04:00
MemAvailable:    6512500 kB
SwapFree:       16776044 kB
2026-09-15T13:40:56-04:00
MemAvailable:    6512816 kB
SwapFree:       16776044 kB
2026-09-15T13:41:01-04:00
MemAvailable:    6512424 kB
SwapFree:       16776044 kB
2026-09-15T13:41:06-04:00
MemAvailable:    6512424 kB
SwapFree:       16776044 kB
2026-09-15T13:41:11-04:00
MemAvailable:    6511388 kB
SwapFree:       16776044 kB
2026-09-15T13:41:16-04:00
MemAvailable:    6511388 kB
SwapFree:       16776044 kB
2026-09-15T13:41:21-04:00
MemAvailable:    6504924 kB
SwapFree:       16776044 kB
2026-09-15T13:41:26-04:00
MemAvailable:    6512736 kB
SwapFree:       16776044 kB
2026-09-15T13:41:31-04:00
MemAvailable:    6512992 kB
SwapFree:       16776044 kB
2026-09-15T13:41:36-04:00
MemAvailable:    6512992 kB
SwapFree:       16776044 kB
2026-09-15T13:41:41-04:00
MemAvailable:    6513748 kB
SwapFree:       16776044 kB
2026-09-15T13:41:46-04:00
MemAvailable:    6507244 kB
SwapFree:       16776044 kB
2026-09-15T13:41:51-04:00
MemAvailable:    6510648 kB
SwapFree:       16776044 kB
2026-09-15T13:41:56-04:00
MemAvailable:    6510416 kB
SwapFree:       16776044 kB
2026-09-15T13:42:01-04:00
MemAvailable:    6510920 kB
SwapFree:       16776044 kB
2026-09-15T13:42:06-04:00
MemAvailable:    6506912 kB
SwapFree:       16776044 kB
2026-09-15T13:42:11-04:00
MemAvailable:    6517612 kB
SwapFree:       16776044 kB
2026-09-15T13:42:16-04:00
MemAvailable:    6511868 kB
SwapFree:       16776044 kB
2026-09-15T13:42:21-04:00
MemAvailable:    6518096 kB
SwapFree:       16776044 kB
2026-09-15T13:42:26-04:00
MemAvailable:    6518356 kB
SwapFree:       16776044 kB
2026-09-15T13:42:31-04:00
MemAvailable:    6518104 kB
SwapFree:       16776044 kB
2026-09-15T13:42:36-04:00
MemAvailable:    6518612 kB
SwapFree:       16776044 kB
2026-09-15T13:42:41-04:00
MemAvailable:    6518864 kB
SwapFree:       16776044 kB
2026-09-15T13:42:46-04:00
MemAvailable:    6519120 kB
SwapFree:       16776044 kB
2026-09-15T13:42:51-04:00
MemAvailable:    6519120 kB
SwapFree:       16776044 kB
2026-09-15T13:42:56-04:00
MemAvailable:    6518428 kB
SwapFree:       16776044 kB
2026-09-15T13:43:01-04:00
MemAvailable:    6518196 kB
SwapFree:       16776044 kB
2026-09-15T13:43:06-04:00
MemAvailable:    6505116 kB
SwapFree:       16776044 kB
2026-09-15T13:43:11-04:00
MemAvailable:    6514336 kB
SwapFree:       16776044 kB
2026-09-15T13:43:16-04:00
MemAvailable:    6517328 kB
SwapFree:       16776044 kB
2026-09-15T13:43:21-04:00
MemAvailable:    6517328 kB
SwapFree:       16776044 kB
2026-09-15T13:43:26-04:00
MemAvailable:    6516824 kB
SwapFree:       16776044 kB
2026-09-15T13:43:31-04:00
MemAvailable:    6517076 kB
SwapFree:       16776044 kB
2026-09-15T13:43:36-04:00
MemAvailable:    6517324 kB
SwapFree:       16776044 kB
2026-09-15T13:43:41-04:00
MemAvailable:    6517324 kB
SwapFree:       16776044 kB
2026-09-15T13:43:46-04:00
MemAvailable:    6517080 kB
SwapFree:       16776044 kB
2026-09-15T13:43:51-04:00
MemAvailable:    6516828 kB
SwapFree:       16776044 kB
2026-09-15T13:43:56-04:00
MemAvailable:    6516576 kB
SwapFree:       16776044 kB
2026-09-15T13:44:01-04:00
MemAvailable:    6503440 kB
SwapFree:       16776044 kB
2026-09-15T13:44:06-04:00
MemAvailable:    6462992 kB
SwapFree:       16776044 kB
2026-09-15T13:44:11-04:00
MemAvailable:    6465856 kB
SwapFree:       16776044 kB
2026-09-15T13:44:16-04:00
MemAvailable:    6466296 kB
SwapFree:       16776044 kB
2026-09-15T13:44:21-04:00
MemAvailable:    6466044 kB
SwapFree:       16776044 kB
2026-09-15T13:44:26-04:00
MemAvailable:    6465792 kB
SwapFree:       16776044 kB
2026-09-15T13:44:31-04:00
MemAvailable:    6465096 kB
SwapFree:       16776044 kB
2026-09-15T13:44:36-04:00
MemAvailable:    6464784 kB
SwapFree:       16776044 kB
2026-09-15T13:44:41-04:00
MemAvailable:    6464532 kB
SwapFree:       16776044 kB
2026-09-15T13:44:46-04:00
MemAvailable:    6464096 kB
SwapFree:       16776044 kB
2026-09-15T13:44:51-04:00
MemAvailable:    6464036 kB
SwapFree:       16776044 kB
2026-09-15T13:44:56-04:00
MemAvailable:    6463532 kB
SwapFree:       16776044 kB
2026-09-15T13:45:01-04:00
MemAvailable:    6463348 kB
SwapFree:       16776044 kB
2026-09-15T13:45:06-04:00
MemAvailable:    6463840 kB
SwapFree:       16776044 kB
2026-09-15T13:45:11-04:00
MemAvailable:    6463396 kB
SwapFree:       16776044 kB
2026-09-15T13:45:16-04:00
MemAvailable:    6463116 kB
SwapFree:       16776044 kB
2026-09-15T13:45:21-04:00
MemAvailable:    6462624 kB
SwapFree:       16776044 kB
2026-09-15T13:45:26-04:00
MemAvailable:    6462180 kB
SwapFree:       16776044 kB
2026-09-15T13:45:31-04:00
MemAvailable:    6461424 kB
SwapFree:       16776044 kB
2026-09-15T13:45:36-04:00
MemAvailable:    6459600 kB
SwapFree:       16776044 kB
2026-09-15T13:45:41-04:00
MemAvailable:    6459852 kB
SwapFree:       16776044 kB
2026-09-15T13:45:46-04:00
MemAvailable:    6459852 kB
SwapFree:       16776044 kB
2026-09-15T13:45:51-04:00
MemAvailable:    6459852 kB
SwapFree:       16776044 kB
2026-09-15T13:45:56-04:00
MemAvailable:    6460172 kB
SwapFree:       16776044 kB
2026-09-15T13:46:01-04:00
MemAvailable:    6461280 kB
SwapFree:       16776044 kB
2026-09-15T13:46:06-04:00
MemAvailable:    6461280 kB
SwapFree:       16776044 kB
2026-09-15T13:46:11-04:00
MemAvailable:    6461544 kB
SwapFree:       16776044 kB
2026-09-15T13:46:16-04:00
MemAvailable:    6461544 kB
SwapFree:       16776044 kB
2026-09-15T13:46:21-04:00
MemAvailable:    6461396 kB
SwapFree:       16776044 kB
2026-09-15T13:46:26-04:00
MemAvailable:    6461396 kB
SwapFree:       16776044 kB
2026-09-15T13:46:31-04:00
MemAvailable:    6461784 kB
SwapFree:       16776044 kB
2026-09-15T13:46:36-04:00
MemAvailable:    6461532 kB
SwapFree:       16776044 kB
2026-09-15T13:46:41-04:00
MemAvailable:    6455536 kB
SwapFree:       16776044 kB
2026-09-15T13:46:46-04:00
MemAvailable:    6461508 kB
SwapFree:       16776044 kB
2026-09-15T13:46:51-04:00
MemAvailable:    6461508 kB
SwapFree:       16776044 kB
2026-09-15T13:46:56-04:00
MemAvailable:    6461780 kB
SwapFree:       16776044 kB
2026-09-15T13:47:01-04:00
MemAvailable:    6461780 kB
SwapFree:       16776044 kB
2026-09-15T13:47:06-04:00
MemAvailable:    6461528 kB
SwapFree:       16776044 kB
2026-09-15T13:47:11-04:00
MemAvailable:    6461092 kB
SwapFree:       16776044 kB
2026-09-15T13:47:16-04:00
MemAvailable:    6460780 kB
SwapFree:       16776044 kB
2026-09-15T13:47:21-04:00
MemAvailable:    6460276 kB
SwapFree:       16776044 kB
2026-09-15T13:47:26-04:00
MemAvailable:    6460276 kB
SwapFree:       16776048 kB
2026-09-15T13:47:31-04:00
MemAvailable:    6444148 kB
SwapFree:       16776048 kB
2026-09-15T13:47:36-04:00
MemAvailable:    6457048 kB
SwapFree:       16776048 kB
2026-09-15T13:47:41-04:00
MemAvailable:    6459584 kB
SwapFree:       16776048 kB
2026-09-15T13:47:46-04:00
MemAvailable:    6459584 kB
SwapFree:       16776048 kB
2026-09-15T13:47:51-04:00
MemAvailable:    6459332 kB
SwapFree:       16776048 kB
2026-09-15T13:47:56-04:00
MemAvailable:    6458944 kB
SwapFree:       16776048 kB
2026-09-15T13:48:01-04:00
MemAvailable:    6459352 kB
SwapFree:       16776048 kB
2026-09-15T13:48:06-04:00
MemAvailable:    6459100 kB
SwapFree:       16776048 kB
2026-09-15T13:48:11-04:00
MemAvailable:    6456044 kB
SwapFree:       16776048 kB
2026-09-15T13:48:16-04:00
MemAvailable:    6455540 kB
SwapFree:       16776048 kB
2026-09-15T13:48:21-04:00
MemAvailable:    6455548 kB
SwapFree:       16776048 kB
2026-09-15T13:48:26-04:00
MemAvailable:    6455296 kB
SwapFree:       16776048 kB
2026-09-15T13:48:31-04:00
MemAvailable:    6454852 kB
SwapFree:       16776048 kB
2026-09-15T13:48:36-04:00
MemAvailable:    6453904 kB
SwapFree:       16776048 kB
2026-09-15T13:48:41-04:00
MemAvailable:    6454432 kB
SwapFree:       16776048 kB
2026-09-15T13:48:46-04:00
MemAvailable:    6422848 kB
SwapFree:       16776100 kB
2026-09-15T13:48:51-04:00
MemAvailable:    6795944 kB
SwapFree:       16776100 kB
2026-09-15T13:48:56-04:00
MemAvailable:    6760992 kB
SwapFree:       16776136 kB
2026-09-15T13:49:01-04:00
MemAvailable:    6799052 kB
SwapFree:       16776148 kB
2026-09-15T13:49:06-04:00
MemAvailable:    6797640 kB
SwapFree:       16776148 kB
2026-09-15T13:49:11-04:00
MemAvailable:    6834376 kB
SwapFree:       16776148 kB
2026-09-15T13:49:16-04:00
MemAvailable:    6836840 kB
SwapFree:       16776148 kB
2026-09-15T13:49:21-04:00
MemAvailable:    6814556 kB
SwapFree:       16776160 kB
2026-09-15T13:49:26-04:00
MemAvailable:    6840736 kB
SwapFree:       16776160 kB
2026-09-15T13:49:31-04:00
MemAvailable:    6815512 kB
SwapFree:       16776192 kB
2026-09-15T13:49:36-04:00
MemAvailable:    6807888 kB
SwapFree:       16776192 kB
2026-09-15T13:49:41-04:00
MemAvailable:    6809232 kB
SwapFree:       16776192 kB
2026-09-15T13:49:46-04:00
MemAvailable:    6815564 kB
SwapFree:       16776232 kB
2026-09-15T13:49:51-04:00
MemAvailable:    6830656 kB
SwapFree:       16776236 kB
2026-09-15T13:49:56-04:00
MemAvailable:    6845740 kB
SwapFree:       16776236 kB
2026-09-15T13:50:01-04:00
MemAvailable:    6847976 kB
SwapFree:       16776236 kB
2026-09-15T13:50:06-04:00
MemAvailable:    6848560 kB
SwapFree:       16776236 kB
2026-09-15T13:50:11-04:00
MemAvailable:    6849016 kB
SwapFree:       16776236 kB
2026-09-15T13:50:16-04:00
MemAvailable:    6848780 kB
SwapFree:       16776236 kB
2026-09-15T13:50:21-04:00
MemAvailable:    6848780 kB
SwapFree:       16776236 kB
2026-09-15T13:50:26-04:00
MemAvailable:    6848528 kB
SwapFree:       16776236 kB
2026-09-15T13:50:31-04:00
MemAvailable:    6848276 kB
SwapFree:       16776236 kB
2026-09-15T13:50:37-04:00
MemAvailable:    6848080 kB
SwapFree:       16776236 kB
2026-09-15T13:50:42-04:00
MemAvailable:    6848664 kB
SwapFree:       16776236 kB
2026-09-15T13:50:47-04:00
MemAvailable:    6848956 kB
SwapFree:       16776236 kB
2026-09-15T13:50:52-04:00
MemAvailable:    6848636 kB
SwapFree:       16776236 kB
2026-09-15T13:50:57-04:00
MemAvailable:    6849184 kB
SwapFree:       16776236 kB
2026-09-15T13:51:02-04:00
MemAvailable:    6848932 kB
SwapFree:       16776236 kB
2026-09-15T13:51:07-04:00
MemAvailable:    6848680 kB
SwapFree:       16776236 kB
2026-09-15T13:51:12-04:00
MemAvailable:    6848192 kB
SwapFree:       16776236 kB
2026-09-15T13:51:17-04:00
MemAvailable:    6848192 kB
SwapFree:       16776236 kB
2026-09-15T13:51:22-04:00
MemAvailable:    6847940 kB
SwapFree:       16776236 kB
2026-09-15T13:51:27-04:00
MemAvailable:    6847980 kB
SwapFree:       16776236 kB
2026-09-15T13:51:32-04:00
MemAvailable:    6847980 kB
SwapFree:       16776236 kB
2026-09-15T13:51:37-04:00
MemAvailable:    6806700 kB
SwapFree:       16776236 kB
2026-09-15T13:51:42-04:00
MemAvailable:    6806640 kB
SwapFree:       16776236 kB
2026-09-15T13:51:47-04:00
MemAvailable:    6807172 kB
SwapFree:       16776240 kB
2026-09-15T13:51:52-04:00
MemAvailable:    6807424 kB
SwapFree:       16776240 kB
2026-09-15T13:51:57-04:00
MemAvailable:    6807424 kB
SwapFree:       16776240 kB
2026-09-15T13:52:02-04:00
MemAvailable:    6807424 kB
SwapFree:       16776240 kB
2026-09-15T13:52:07-04:00
MemAvailable:    6807720 kB
SwapFree:       16776240 kB
2026-09-15T13:52:12-04:00
MemAvailable:    6807468 kB
SwapFree:       16776240 kB
2026-09-15T13:52:17-04:00
MemAvailable:    6803212 kB
SwapFree:       16776240 kB
2026-09-15T13:52:22-04:00
MemAvailable:    6805928 kB
SwapFree:       16776240 kB
2026-09-15T13:52:27-04:00
MemAvailable:    6805676 kB
SwapFree:       16776240 kB
2026-09-15T13:52:32-04:00
MemAvailable:    6805424 kB
SwapFree:       16776240 kB
2026-09-15T13:52:37-04:00
MemAvailable:    6805424 kB
SwapFree:       16776240 kB
2026-09-15T13:52:42-04:00
MemAvailable:    6805588 kB
SwapFree:       16776240 kB
2026-09-15T13:52:47-04:00
MemAvailable:    6805336 kB
SwapFree:       16776240 kB
2026-09-15T13:52:52-04:00
MemAvailable:    6805084 kB
SwapFree:       16776240 kB
2026-09-15T13:52:57-04:00
MemAvailable:    6803912 kB
SwapFree:       16776240 kB
2026-09-15T13:53:02-04:00
MemAvailable:    6805348 kB
SwapFree:       16776240 kB
2026-09-15T13:53:07-04:00
MemAvailable:    6806704 kB
SwapFree:       16776240 kB
2026-09-15T13:53:12-04:00
MemAvailable:    6806468 kB
SwapFree:       16776240 kB
2026-09-15T13:53:17-04:00
MemAvailable:    6806756 kB
SwapFree:       16776240 kB
2026-09-15T13:53:22-04:00
MemAvailable:    6806756 kB
SwapFree:       16776240 kB
2026-09-15T13:53:27-04:00
MemAvailable:    6807148 kB
SwapFree:       16776240 kB
2026-09-15T13:53:32-04:00
MemAvailable:    6807148 kB
SwapFree:       16776240 kB
2026-09-15T13:53:37-04:00
MemAvailable:    6807148 kB
SwapFree:       16776240 kB
2026-09-15T13:53:42-04:00
MemAvailable:    6800644 kB
SwapFree:       16776240 kB
2026-09-15T13:53:47-04:00
MemAvailable:    6804976 kB
SwapFree:       16776240 kB
2026-09-15T13:53:52-04:00
MemAvailable:    6816936 kB
SwapFree:       16776240 kB
2026-09-15T13:53:57-04:00
MemAvailable:    6823212 kB
SwapFree:       16776240 kB
2026-09-15T13:54:02-04:00
MemAvailable:    6823620 kB
SwapFree:       16776240 kB
2026-09-15T13:54:07-04:00
MemAvailable:    6823636 kB
SwapFree:       16776240 kB
2026-09-15T13:54:12-04:00
MemAvailable:    6823908 kB
SwapFree:       16776240 kB
2026-09-15T13:54:17-04:00
MemAvailable:    6824160 kB
SwapFree:       16776240 kB
2026-09-15T13:54:22-04:00
MemAvailable:    6823916 kB
SwapFree:       16776240 kB
2026-09-15T13:54:27-04:00
MemAvailable:    6813512 kB
SwapFree:       16776240 kB
2026-09-15T13:54:32-04:00
MemAvailable:    6814144 kB
SwapFree:       16776240 kB
2026-09-15T13:54:37-04:00
MemAvailable:    6817464 kB
SwapFree:       16776240 kB
2026-09-15T13:54:42-04:00
MemAvailable:    6822700 kB
SwapFree:       16776240 kB
2026-09-15T13:54:47-04:00
MemAvailable:    6822588 kB
SwapFree:       16776248 kB
2026-09-15T13:54:52-04:00
MemAvailable:    6822724 kB
SwapFree:       16776248 kB
2026-09-15T13:54:57-04:00
MemAvailable:    6822976 kB
SwapFree:       16776248 kB
2026-09-15T13:55:02-04:00
MemAvailable:    6822220 kB
SwapFree:       16776248 kB
2026-09-15T13:55:07-04:00
MemAvailable:    6822220 kB
SwapFree:       16776248 kB
2026-09-15T13:55:12-04:00
MemAvailable:    6822872 kB
SwapFree:       16776248 kB
2026-09-15T13:55:17-04:00
MemAvailable:    6815508 kB
SwapFree:       16776248 kB
2026-09-15T13:55:22-04:00
MemAvailable:    6819232 kB
SwapFree:       16776248 kB
2026-09-15T13:55:27-04:00
MemAvailable:   13025520 kB
SwapFree:       16776248 kB
2026-09-15T13:55:32-04:00
MemAvailable:   122675820 kB
SwapFree:       16776444 kB
2026-09-15T13:55:37-04:00
MemAvailable:   122532560 kB
SwapFree:       16776452 kB
2026-09-15T13:55:42-04:00
MemAvailable:   122105236 kB
SwapFree:       16776452 kB
2026-09-15T13:55:47-04:00
MemAvailable:   121932964 kB
SwapFree:       16776452 kB
2026-09-15T13:55:52-04:00
MemAvailable:   121002344 kB
SwapFree:       16776452 kB
2026-09-15T13:55:57-04:00
MemAvailable:   120494656 kB
SwapFree:       16776452 kB
2026-09-15T13:56:02-04:00
MemAvailable:   120515100 kB
SwapFree:       16776452 kB
2026-09-15T13:56:07-04:00
MemAvailable:   120521148 kB
SwapFree:       16776452 kB
2026-09-15T13:56:12-04:00
MemAvailable:   120562020 kB
SwapFree:       16776452 kB
2026-09-15T13:56:17-04:00
MemAvailable:   118411352 kB
SwapFree:       16776452 kB
2026-09-15T13:56:22-04:00
MemAvailable:   89142180 kB
SwapFree:       16776452 kB
2026-09-15T13:56:27-04:00
MemAvailable:   57932704 kB
SwapFree:       16776452 kB
2026-09-15T13:56:32-04:00
MemAvailable:   45799660 kB
SwapFree:       16776452 kB
2026-09-15T13:56:37-04:00
MemAvailable:   38196924 kB
SwapFree:       16776452 kB
2026-09-15T13:56:42-04:00
MemAvailable:   36170172 kB
SwapFree:       16776452 kB
2026-09-15T13:56:47-04:00
MemAvailable:   36195300 kB
SwapFree:       16776452 kB
2026-09-15T13:56:52-04:00
MemAvailable:   36250800 kB
SwapFree:       16776452 kB
2026-09-15T13:56:57-04:00
MemAvailable:   36267076 kB
SwapFree:       16776452 kB
2026-09-15T13:57:02-04:00
MemAvailable:   36406440 kB
SwapFree:       16776452 kB
2026-09-15T13:57:07-04:00
MemAvailable:   36358004 kB
SwapFree:       16776452 kB
2026-09-15T13:57:12-04:00
MemAvailable:   36350604 kB
SwapFree:       16776452 kB
2026-09-15T13:57:17-04:00
MemAvailable:   36349316 kB
SwapFree:       16776448 kB
2026-09-15T13:57:22-04:00
MemAvailable:   37568368 kB
SwapFree:       16776448 kB
2026-09-15T13:57:27-04:00
MemAvailable:   58075548 kB
SwapFree:       16776452 kB
2026-09-15T13:57:32-04:00
MemAvailable:   56432168 kB
SwapFree:       16776452 kB
2026-09-15T13:57:37-04:00
MemAvailable:   56429672 kB
SwapFree:       16776452 kB
2026-09-15T13:57:42-04:00
MemAvailable:   56435864 kB
SwapFree:       16776452 kB
2026-09-15T13:57:47-04:00
MemAvailable:   56421208 kB
SwapFree:       16776452 kB
2026-09-15T13:57:52-04:00
MemAvailable:   56467992 kB
SwapFree:       16776452 kB
2026-09-15T13:57:57-04:00
MemAvailable:   56636656 kB
SwapFree:       16776452 kB
2026-09-15T13:58:02-04:00
MemAvailable:   55928724 kB
SwapFree:       16776452 kB
2026-09-15T13:58:07-04:00
MemAvailable:   54409796 kB
SwapFree:       16776452 kB
2026-09-15T13:58:12-04:00
MemAvailable:   15706128 kB
SwapFree:       16776252 kB
2026-09-15T13:58:17-04:00
MemAvailable:    6873056 kB
SwapFree:       16776252 kB
2026-09-15T13:58:22-04:00
MemAvailable:    6887504 kB
SwapFree:       16776256 kB
2026-09-15T13:58:27-04:00
MemAvailable:    6618448 kB
SwapFree:       16776256 kB
2026-09-15T13:58:32-04:00
MemAvailable:    6695116 kB
SwapFree:       16776256 kB
2026-09-15T13:58:37-04:00
MemAvailable:    6716828 kB
SwapFree:       16776256 kB
2026-09-15T13:58:42-04:00
MemAvailable:    6742860 kB
SwapFree:       16776256 kB
2026-09-15T13:58:47-04:00
MemAvailable:    6761692 kB
SwapFree:       16776256 kB
2026-09-15T13:58:52-04:00
MemAvailable:    6768488 kB
SwapFree:       16776256 kB
2026-09-15T13:58:57-04:00
MemAvailable:    6712004 kB
SwapFree:       16776256 kB
2026-09-15T13:59:02-04:00
MemAvailable:    6418224 kB
SwapFree:       16776256 kB
2026-09-15T13:59:07-04:00
MemAvailable:    6394284 kB
SwapFree:       16776256 kB
2026-09-15T13:59:12-04:00
MemAvailable:    6406488 kB
SwapFree:       16776256 kB
2026-09-15T13:59:17-04:00
MemAvailable:    6413596 kB
SwapFree:       16776256 kB
2026-09-15T13:59:22-04:00
MemAvailable:    6413816 kB
SwapFree:       16776256 kB
2026-09-15T13:59:27-04:00
MemAvailable:    6413816 kB
SwapFree:       16776256 kB
2026-09-15T13:59:32-04:00
MemAvailable:    6413564 kB
SwapFree:       16776256 kB
2026-09-15T13:59:37-04:00
MemAvailable:    6413320 kB
SwapFree:       16776256 kB
2026-09-15T13:59:42-04:00
MemAvailable:    6413068 kB
SwapFree:       16776256 kB
2026-09-15T13:59:47-04:00
MemAvailable:    6413076 kB
SwapFree:       16776256 kB
2026-09-15T13:59:52-04:00
MemAvailable:    6411700 kB
SwapFree:       16776256 kB
2026-09-15T13:59:57-04:00
MemAvailable:    6411448 kB
SwapFree:       16776256 kB
2026-09-15T14:00:02-04:00
MemAvailable:    6386352 kB
SwapFree:       16776256 kB
2026-09-15T14:00:07-04:00
MemAvailable:    6384632 kB
SwapFree:       16776256 kB
2026-09-15T14:00:12-04:00
MemAvailable:    8488640 kB
SwapFree:       16776256 kB
2026-09-15T14:00:17-04:00
MemAvailable:   122668168 kB
SwapFree:       16776452 kB
2026-09-15T14:00:22-04:00
MemAvailable:   122670920 kB
SwapFree:       16776452 kB
2026-09-15T14:00:27-04:00
MemAvailable:   122649484 kB
SwapFree:       16776452 kB
2026-09-15T14:00:32-04:00
MemAvailable:   122078300 kB
SwapFree:       16776452 kB
2026-09-15T14:00:37-04:00
MemAvailable:   121039624 kB
SwapFree:       16776452 kB
2026-09-15T14:00:42-04:00
MemAvailable:   120960224 kB
SwapFree:       16776452 kB
2026-09-15T14:00:47-04:00
MemAvailable:   120322480 kB
SwapFree:       16776452 kB
2026-09-15T14:00:52-04:00
MemAvailable:   120340220 kB
SwapFree:       16776452 kB
2026-09-15T14:00:57-04:00
MemAvailable:   120365604 kB
SwapFree:       16776452 kB
2026-09-15T14:01:02-04:00
MemAvailable:   120374456 kB
SwapFree:       16776452 kB
2026-09-15T14:01:07-04:00
MemAvailable:   118177284 kB
SwapFree:       16776452 kB
2026-09-15T14:01:12-04:00
MemAvailable:   83397444 kB
SwapFree:       16776452 kB
2026-09-15T14:01:17-04:00
MemAvailable:   57792084 kB
SwapFree:       16776452 kB
2026-09-15T14:01:22-04:00
MemAvailable:   44028732 kB
SwapFree:       16776452 kB
2026-09-15T14:01:27-04:00
MemAvailable:   36015692 kB
SwapFree:       16776452 kB
2026-09-15T14:01:32-04:00
MemAvailable:   36027460 kB
SwapFree:       16776452 kB
2026-09-15T14:01:37-04:00
MemAvailable:   36049552 kB
SwapFree:       16776452 kB
2026-09-15T14:01:42-04:00
MemAvailable:   36086184 kB
SwapFree:       16776452 kB
2026-09-15T14:01:47-04:00
MemAvailable:   36096852 kB
SwapFree:       16776452 kB
2026-09-15T14:01:52-04:00
MemAvailable:   36150920 kB
SwapFree:       16776264 kB
2026-09-15T14:01:57-04:00
MemAvailable:   36138456 kB
SwapFree:       16776260 kB
2026-09-15T14:02:02-04:00
MemAvailable:   36130300 kB
SwapFree:       16776260 kB
2026-09-15T14:02:07-04:00
MemAvailable:   36110360 kB
SwapFree:       16776260 kB
2026-09-15T14:02:12-04:00
MemAvailable:   52307156 kB
SwapFree:       16776260 kB
2026-09-15T14:02:17-04:00
MemAvailable:   56265272 kB
SwapFree:       16776264 kB
2026-09-15T14:02:22-04:00
MemAvailable:   54566592 kB
SwapFree:       16776264 kB
2026-09-15T14:02:27-04:00
MemAvailable:   54582608 kB
SwapFree:       16776264 kB
2026-09-15T14:02:32-04:00
MemAvailable:   54579688 kB
SwapFree:       16776264 kB
2026-09-15T14:02:37-04:00
MemAvailable:   54644732 kB
SwapFree:       16776264 kB
2026-09-15T14:02:42-04:00
MemAvailable:   53086936 kB
SwapFree:       16776264 kB
2026-09-15T14:02:47-04:00
MemAvailable:   28771280 kB
SwapFree:       16776260 kB
2026-09-15T14:02:52-04:00
MemAvailable:    6928660 kB
SwapFree:       16776260 kB
2026-09-15T14:02:57-04:00
MemAvailable:    6457848 kB
SwapFree:       16776264 kB
2026-09-15T14:03:02-04:00
MemAvailable:    6462660 kB
SwapFree:       16776264 kB
2026-09-15T14:03:07-04:00
MemAvailable:    6462428 kB
SwapFree:       16776264 kB
2026-09-15T14:03:12-04:00
MemAvailable:    6451860 kB
SwapFree:       16776264 kB
2026-09-15T14:03:17-04:00
MemAvailable:    6451880 kB
SwapFree:       16776264 kB
2026-09-15T14:03:22-04:00
MemAvailable:    6432836 kB
SwapFree:       16776264 kB
2026-09-15T14:03:27-04:00
MemAvailable:    6433508 kB
SwapFree:       16776264 kB
2026-09-15T14:03:32-04:00
MemAvailable:    6441020 kB
SwapFree:       16776264 kB
2026-09-15T14:03:37-04:00
MemAvailable:    6442984 kB
SwapFree:       16776264 kB
2026-09-15T14:03:42-04:00
MemAvailable:    6441888 kB
SwapFree:       16776264 kB
2026-09-15T14:03:47-04:00
MemAvailable:    6441456 kB
SwapFree:       16776264 kB
2026-09-15T14:03:52-04:00
MemAvailable:    6441464 kB
SwapFree:       16776264 kB
2026-09-15T14:03:57-04:00
MemAvailable:    6441212 kB
SwapFree:       16776264 kB
2026-09-15T14:04:02-04:00
MemAvailable:    6195392 kB
SwapFree:       16776264 kB
2026-09-15T14:04:07-04:00
MemAvailable:    6154832 kB
SwapFree:       16776264 kB
2026-09-15T14:04:12-04:00
MemAvailable:    6167348 kB
SwapFree:       16776264 kB
2026-09-15T14:04:17-04:00
MemAvailable:    6173744 kB
SwapFree:       16776264 kB
2026-09-15T14:04:22-04:00
MemAvailable:    6173492 kB
SwapFree:       16776264 kB
2026-09-15T14:04:27-04:00
MemAvailable:    6173492 kB
SwapFree:       16776264 kB
2026-09-15T14:04:32-04:00
MemAvailable:    6173240 kB
SwapFree:       16776264 kB
2026-09-15T14:04:37-04:00
MemAvailable:    6172484 kB
SwapFree:       16776264 kB
2026-09-15T14:04:42-04:00
MemAvailable:    6172484 kB
SwapFree:       16776264 kB
2026-09-15T14:04:47-04:00
MemAvailable:    6171788 kB
SwapFree:       16776264 kB
2026-09-15T14:04:52-04:00
MemAvailable:    6171476 kB
SwapFree:       16776264 kB
2026-09-15T14:04:57-04:00
MemAvailable:    6118892 kB
SwapFree:       16776264 kB
2026-09-15T14:05:02-04:00
MemAvailable:    6135648 kB
SwapFree:       16776264 kB
2026-09-15T14:05:07-04:00
MemAvailable:    6147892 kB
SwapFree:       16776264 kB
2026-09-15T14:05:12-04:00
MemAvailable:    6152128 kB
SwapFree:       16776264 kB
2026-09-15T14:05:17-04:00
MemAvailable:    6151936 kB
SwapFree:       16776264 kB
2026-09-15T14:05:22-04:00
MemAvailable:    6151624 kB
SwapFree:       16776264 kB
2026-09-15T14:05:27-04:00
MemAvailable:    6151876 kB
SwapFree:       16776264 kB
2026-09-15T14:05:32-04:00
MemAvailable:    6152412 kB
SwapFree:       16776264 kB
2026-09-15T14:05:37-04:00
MemAvailable:    6152664 kB
SwapFree:       16776264 kB
2026-09-15T14:05:42-04:00
MemAvailable:    6152412 kB
SwapFree:       16776264 kB
2026-09-15T14:05:47-04:00
MemAvailable:    6152412 kB
SwapFree:       16776264 kB
2026-09-15T14:05:52-04:00
MemAvailable:    6152160 kB
SwapFree:       16776264 kB
2026-09-15T14:05:57-04:00
MemAvailable:    6151404 kB
SwapFree:       16776264 kB
2026-09-15T14:06:02-04:00
MemAvailable:    6151380 kB
SwapFree:       16776264 kB
2026-09-15T14:06:07-04:00
MemAvailable:    6150684 kB
SwapFree:       16776264 kB
2026-09-15T14:06:12-04:00
MemAvailable:    6150372 kB
SwapFree:       16776264 kB
2026-09-15T14:06:17-04:00
MemAvailable:    6150128 kB
SwapFree:       16776264 kB
2026-09-15T14:06:22-04:00
MemAvailable:    6149684 kB
SwapFree:       16776264 kB
2026-09-15T14:06:27-04:00
MemAvailable:    6149372 kB
SwapFree:       16776264 kB
2026-09-15T14:06:32-04:00
MemAvailable:    6149372 kB
SwapFree:       16776264 kB
2026-09-15T14:06:37-04:00
MemAvailable:    6148928 kB
SwapFree:       16776264 kB
2026-09-15T14:06:42-04:00
MemAvailable:    6148172 kB
SwapFree:       16776264 kB
2026-09-15T14:06:47-04:00
MemAvailable:    6148112 kB
SwapFree:       16776264 kB
2026-09-15T14:06:52-04:00
MemAvailable:    6147860 kB
SwapFree:       16776264 kB
2026-09-15T14:06:57-04:00
MemAvailable:    6147356 kB
SwapFree:       16776264 kB
2026-09-15T14:07:02-04:00
MemAvailable:    6147356 kB
SwapFree:       16776264 kB
2026-09-15T14:07:07-04:00
MemAvailable:    6147608 kB
SwapFree:       16776264 kB
2026-09-15T14:07:12-04:00
MemAvailable:    6147608 kB
SwapFree:       16776264 kB
2026-09-15T14:07:17-04:00
MemAvailable:    6147912 kB
SwapFree:       16776264 kB
2026-09-15T14:07:22-04:00
MemAvailable:    6147468 kB
SwapFree:       16776264 kB
2026-09-15T14:07:28-04:00
MemAvailable:    6147156 kB
SwapFree:       16776264 kB
2026-09-15T14:07:33-04:00
MemAvailable:    6147156 kB
SwapFree:       16776264 kB
2026-09-15T14:07:38-04:00
MemAvailable:    6146652 kB
SwapFree:       16776264 kB
2026-09-15T14:07:43-04:00
MemAvailable:    6146400 kB
SwapFree:       16776264 kB
2026-09-15T14:07:48-04:00
MemAvailable:    6145956 kB
SwapFree:       16776264 kB
2026-09-15T14:07:53-04:00
MemAvailable:    6145896 kB
SwapFree:       16776264 kB
2026-09-15T14:07:58-04:00
MemAvailable:    6145644 kB
SwapFree:       16776264 kB
2026-09-15T14:08:03-04:00
MemAvailable:    6145644 kB
SwapFree:       16776264 kB
2026-09-15T14:08:08-04:00
MemAvailable:    6145644 kB
SwapFree:       16776264 kB
2026-09-15T14:08:13-04:00
MemAvailable:    6145392 kB
SwapFree:       16776264 kB
2026-09-15T14:08:18-04:00
MemAvailable:    6144696 kB
SwapFree:       16776264 kB
2026-09-15T14:08:23-04:00
MemAvailable:    6144888 kB
SwapFree:       16776264 kB
2026-09-15T14:08:28-04:00
MemAvailable:    6144896 kB
SwapFree:       16776264 kB
2026-09-15T14:08:33-04:00
MemAvailable:    6144644 kB
SwapFree:       16776264 kB
2026-09-15T14:08:38-04:00
MemAvailable:    6143948 kB
SwapFree:       16776264 kB
2026-09-15T14:08:43-04:00
MemAvailable:    6143888 kB
SwapFree:       16776264 kB
2026-09-15T14:08:48-04:00
MemAvailable:    6143888 kB
SwapFree:       16776264 kB
2026-09-15T14:08:53-04:00
MemAvailable:    6144108 kB
SwapFree:       16776264 kB
2026-09-15T14:08:58-04:00
MemAvailable:    6143040 kB
SwapFree:       16776264 kB
2026-09-15T14:09:03-04:00
MemAvailable:    6143160 kB
SwapFree:       16776264 kB
2026-09-15T14:09:08-04:00
MemAvailable:    6111512 kB
SwapFree:       16776264 kB
2026-09-15T14:09:13-04:00
MemAvailable:    6121036 kB
SwapFree:       16776264 kB
2026-09-15T14:09:18-04:00
MemAvailable:    6129908 kB
SwapFree:       16776264 kB
2026-09-15T14:09:23-04:00
MemAvailable:    6133644 kB
SwapFree:       16776264 kB
2026-09-15T14:09:28-04:00
MemAvailable:    6134208 kB
SwapFree:       16776264 kB
2026-09-15T14:09:33-04:00
MemAvailable:    6134208 kB
SwapFree:       16776264 kB
2026-09-15T14:09:38-04:00
MemAvailable:    6135548 kB
SwapFree:       16776264 kB
2026-09-15T14:09:43-04:00
MemAvailable:    6135176 kB
SwapFree:       16776264 kB
2026-09-15T14:09:48-04:00
MemAvailable:    6135176 kB
SwapFree:       16776264 kB
2026-09-15T14:09:53-04:00
MemAvailable:    6135188 kB
SwapFree:       16776264 kB
2026-09-15T14:09:58-04:00
MemAvailable:    6134948 kB
SwapFree:       16776264 kB
2026-09-15T14:10:03-04:00
MemAvailable:    6135068 kB
SwapFree:       16776264 kB
2026-09-15T14:10:08-04:00
MemAvailable:    6136208 kB
SwapFree:       16776264 kB
2026-09-15T14:10:13-04:00
MemAvailable:    6136240 kB
SwapFree:       16776264 kB
2026-09-15T14:10:18-04:00
MemAvailable:    6136240 kB
SwapFree:       16776264 kB
2026-09-15T14:10:23-04:00
MemAvailable:    6136248 kB
SwapFree:       16776264 kB
2026-09-15T14:10:28-04:00
MemAvailable:    6136248 kB
SwapFree:       16776264 kB
2026-09-15T14:10:33-04:00
MemAvailable:    6104600 kB
SwapFree:       16776264 kB
2026-09-15T14:10:38-04:00
MemAvailable:    6108184 kB
SwapFree:       16776264 kB
2026-09-15T14:10:43-04:00
MemAvailable:    6117472 kB
SwapFree:       16776264 kB
2026-09-15T14:10:48-04:00
MemAvailable:    6117484 kB
SwapFree:       16776264 kB
2026-09-15T14:10:53-04:00
MemAvailable:    6116736 kB
SwapFree:       16776264 kB
2026-09-15T14:10:58-04:00
MemAvailable:    6116736 kB
SwapFree:       16776264 kB
2026-09-15T14:11:03-04:00
MemAvailable:    6115992 kB
SwapFree:       16776264 kB
2026-09-15T14:11:08-04:00
MemAvailable:    6116244 kB
SwapFree:       16776264 kB
2026-09-15T14:11:13-04:00
MemAvailable:    6115800 kB
SwapFree:       16776264 kB
2026-09-15T14:11:18-04:00
MemAvailable:    6115740 kB
SwapFree:       16776264 kB
2026-09-15T14:11:23-04:00
MemAvailable:    6115740 kB
SwapFree:       16776264 kB
2026-09-15T14:11:28-04:00
MemAvailable:    6101420 kB
SwapFree:       16776264 kB
2026-09-15T14:11:33-04:00
MemAvailable:    6108320 kB
SwapFree:       16776264 kB
2026-09-15T14:11:38-04:00
MemAvailable:    6111104 kB
SwapFree:       16776264 kB
2026-09-15T14:11:43-04:00
MemAvailable:    6111104 kB
SwapFree:       16776264 kB
2026-09-15T14:11:48-04:00
MemAvailable:    6110852 kB
SwapFree:       16776264 kB
2026-09-15T14:11:53-04:00
MemAvailable:    6110852 kB
SwapFree:       16776264 kB
2026-09-15T14:11:58-04:00
MemAvailable:    6110600 kB
SwapFree:       16776264 kB
2026-09-15T14:12:03-04:00
MemAvailable:    6110356 kB
SwapFree:       16776264 kB
2026-09-15T14:12:08-04:00
MemAvailable:    6110356 kB
SwapFree:       16776264 kB
2026-09-15T14:12:13-04:00
MemAvailable:    6110104 kB
SwapFree:       16776264 kB
2026-09-15T14:12:18-04:00
MemAvailable:    6109600 kB
SwapFree:       16776264 kB
2026-09-15T14:12:23-04:00
MemAvailable:    6109880 kB
SwapFree:       16776264 kB
2026-09-15T14:12:28-04:00
MemAvailable:    6109880 kB
SwapFree:       16776264 kB
2026-09-15T14:12:33-04:00
MemAvailable:    6109640 kB
SwapFree:       16776264 kB
2026-09-15T14:12:38-04:00
MemAvailable:    6109388 kB
SwapFree:       16776264 kB
2026-09-15T14:12:43-04:00
MemAvailable:    6108692 kB
SwapFree:       16776264 kB
2026-09-15T14:12:48-04:00
MemAvailable:    6108632 kB
SwapFree:       16776264 kB
2026-09-15T14:12:53-04:00
MemAvailable:    6108380 kB
SwapFree:       16776264 kB
2026-09-15T14:12:58-04:00
MemAvailable:    6108268 kB
SwapFree:       16776264 kB
2026-09-15T14:13:03-04:00
MemAvailable:    6108208 kB
SwapFree:       16776264 kB
2026-09-15T14:13:08-04:00
MemAvailable:    6107956 kB
SwapFree:       16776264 kB
2026-09-15T14:13:13-04:00
MemAvailable:    6107704 kB
SwapFree:       16776264 kB
2026-09-15T14:13:18-04:00
MemAvailable:    6107460 kB
SwapFree:       16776264 kB
2026-09-15T14:13:23-04:00
MemAvailable:    6107460 kB
SwapFree:       16776264 kB
2026-09-15T14:13:28-04:00
MemAvailable:    6107208 kB
SwapFree:       16776264 kB
2026-09-15T14:13:33-04:00
MemAvailable:    6106956 kB
SwapFree:       16776264 kB
2026-09-15T14:13:38-04:00
MemAvailable:    6106704 kB
SwapFree:       16776264 kB
2026-09-15T14:13:43-04:00
MemAvailable:    6106704 kB
SwapFree:       16776264 kB
2026-09-15T14:13:48-04:00
MemAvailable:    6105948 kB
SwapFree:       16776264 kB
2026-09-15T14:13:53-04:00
MemAvailable:    6104568 kB
SwapFree:       16776264 kB
2026-09-15T14:13:58-04:00
MemAvailable:    6105648 kB
SwapFree:       16776264 kB
2026-09-15T14:14:03-04:00
MemAvailable:    6105568 kB
SwapFree:       16776264 kB
2026-09-15T14:14:08-04:00
MemAvailable:    6105440 kB
SwapFree:       16776264 kB
2026-09-15T14:14:13-04:00
MemAvailable:    6105776 kB
SwapFree:       16776264 kB
2026-09-15T14:14:18-04:00
MemAvailable:    6103696 kB
SwapFree:       16776264 kB
2026-09-15T14:14:23-04:00
MemAvailable:    6103568 kB
SwapFree:       16776264 kB
2026-09-15T14:14:28-04:00
MemAvailable:    6103636 kB
SwapFree:       16776264 kB
2026-09-15T14:14:33-04:00
MemAvailable:    6102892 kB
SwapFree:       16776264 kB
2026-09-15T14:14:38-04:00
MemAvailable:    6103228 kB
SwapFree:       16776264 kB
2026-09-15T14:14:43-04:00
MemAvailable:    6102960 kB
SwapFree:       16776264 kB
2026-09-15T14:14:48-04:00
MemAvailable:    6102204 kB
SwapFree:       16776264 kB
2026-09-15T14:14:53-04:00
MemAvailable:    6102788 kB
SwapFree:       16776264 kB
2026-09-15T14:14:58-04:00
MemAvailable:    6087356 kB
SwapFree:       16776264 kB
2026-09-15T14:15:03-04:00
MemAvailable:    6097368 kB
SwapFree:       16776264 kB
2026-09-15T14:15:08-04:00
MemAvailable:    6099292 kB
SwapFree:       16776264 kB
2026-09-15T14:15:13-04:00
MemAvailable:    6098788 kB
SwapFree:       16776264 kB
2026-09-15T14:15:18-04:00
MemAvailable:    6098804 kB
SwapFree:       16776264 kB
2026-09-15T14:15:23-04:00
MemAvailable:    6098912 kB
SwapFree:       16776264 kB
2026-09-15T14:15:28-04:00
MemAvailable:    6099048 kB
SwapFree:       16776264 kB
2026-09-15T14:15:33-04:00
MemAvailable:    6098796 kB
SwapFree:       16776264 kB
2026-09-15T14:15:38-04:00
MemAvailable:    6098628 kB
SwapFree:       16776264 kB
2026-09-15T14:15:43-04:00
MemAvailable:    6098700 kB
SwapFree:       16776264 kB
2026-09-15T14:15:48-04:00
MemAvailable:    6098448 kB
SwapFree:       16776264 kB
2026-09-15T14:15:53-04:00
MemAvailable:    6090672 kB
SwapFree:       16776264 kB
2026-09-15T14:15:58-04:00
MemAvailable:    6098664 kB
SwapFree:       16776264 kB
2026-09-15T14:16:03-04:00
MemAvailable:    6099012 kB
SwapFree:       16776264 kB
2026-09-15T14:16:08-04:00
MemAvailable:    6099404 kB
SwapFree:       16776264 kB
2026-09-15T14:16:13-04:00
MemAvailable:    6099152 kB
SwapFree:       16776264 kB
2026-09-15T14:16:18-04:00
MemAvailable:    6098472 kB
SwapFree:       16776264 kB
2026-09-15T14:16:23-04:00
MemAvailable:    6099216 kB
SwapFree:       16776264 kB
2026-09-15T14:16:28-04:00
MemAvailable:    6099468 kB
SwapFree:       16776264 kB
2026-09-15T14:16:33-04:00
MemAvailable:    6096340 kB
SwapFree:       16776264 kB
2026-09-15T14:16:38-04:00
MemAvailable:    6096348 kB
SwapFree:       16776264 kB
2026-09-15T14:16:43-04:00
MemAvailable:    6096096 kB
SwapFree:       16776264 kB
2026-09-15T14:16:48-04:00
MemAvailable:    6096096 kB
SwapFree:       16776264 kB
2026-09-15T14:16:53-04:00
MemAvailable:    6096096 kB
SwapFree:       16776264 kB
2026-09-15T14:16:58-04:00
MemAvailable:    6096096 kB
SwapFree:       16776264 kB
2026-09-15T14:17:03-04:00
MemAvailable:    6095968 kB
SwapFree:       16776264 kB
2026-09-15T14:17:08-04:00
MemAvailable:    6095984 kB
SwapFree:       16776264 kB
2026-09-15T14:17:13-04:00
MemAvailable:    6095736 kB
SwapFree:       16776264 kB
2026-09-15T14:17:18-04:00
MemAvailable:    6095736 kB
SwapFree:       16776264 kB
2026-09-15T14:17:23-04:00
MemAvailable:    6096328 kB
SwapFree:       16776264 kB
2026-09-15T14:17:28-04:00
MemAvailable:    6096692 kB
SwapFree:       16776264 kB
2026-09-15T14:17:33-04:00
MemAvailable:    6096440 kB
SwapFree:       16776264 kB
2026-09-15T14:17:38-04:00
MemAvailable:    6095492 kB
SwapFree:       16776264 kB
2026-09-15T14:17:43-04:00
MemAvailable:    6095440 kB
SwapFree:       16776264 kB
2026-09-15T14:17:48-04:00
MemAvailable:    6094996 kB
SwapFree:       16776264 kB
2026-09-15T14:17:53-04:00
MemAvailable:    6094492 kB
SwapFree:       16776264 kB
2026-09-15T14:17:58-04:00
MemAvailable:    6094432 kB
SwapFree:       16776264 kB
2026-09-15T14:18:03-04:00
MemAvailable:    6094604 kB
SwapFree:       16776264 kB
2026-09-15T14:18:08-04:00
MemAvailable:    6094216 kB
SwapFree:       16776264 kB
2026-09-15T14:18:13-04:00
MemAvailable:    6094172 kB
SwapFree:       16776264 kB
2026-09-15T14:18:18-04:00
MemAvailable:    6095980 kB
SwapFree:       16776264 kB
2026-09-15T14:18:23-04:00
MemAvailable:    6095748 kB
SwapFree:       16776264 kB
2026-09-15T14:18:28-04:00
MemAvailable:    6095564 kB
SwapFree:       16776264 kB
2026-09-15T14:18:33-04:00
MemAvailable:    6095624 kB
SwapFree:       16776264 kB
2026-09-15T14:18:38-04:00
MemAvailable:    6095648 kB
SwapFree:       16776264 kB
2026-09-15T14:18:43-04:00
MemAvailable:    6095648 kB
SwapFree:       16776264 kB
2026-09-15T14:18:48-04:00
MemAvailable:    6096128 kB
SwapFree:       16776264 kB
2026-09-15T14:18:53-04:00
MemAvailable:    6096128 kB
SwapFree:       16776264 kB
2026-09-15T14:18:58-04:00
MemAvailable:    6095432 kB
SwapFree:       16776264 kB
2026-09-15T14:19:03-04:00
MemAvailable:    6095380 kB
SwapFree:       16776264 kB
2026-09-15T14:19:08-04:00
MemAvailable:    6095128 kB
SwapFree:       16776264 kB
2026-09-15T14:19:13-04:00
MemAvailable:    6094876 kB
SwapFree:       16776264 kB
2026-09-15T14:19:18-04:00
MemAvailable:    6094180 kB
SwapFree:       16776264 kB
2026-09-15T14:19:23-04:00
MemAvailable:    6093868 kB
SwapFree:       16776264 kB
2026-09-15T14:19:28-04:00
MemAvailable:    6093868 kB
SwapFree:       16776264 kB
2026-09-15T14:19:33-04:00
MemAvailable:    6093868 kB
SwapFree:       16776264 kB
2026-09-15T14:19:38-04:00
MemAvailable:    6093868 kB
SwapFree:       16776264 kB
2026-09-15T14:19:43-04:00
MemAvailable:    6093868 kB
SwapFree:       16776264 kB
2026-09-15T14:19:48-04:00
MemAvailable:    6093868 kB
SwapFree:       16776264 kB
2026-09-15T14:19:53-04:00
MemAvailable:    6095824 kB
SwapFree:       16776264 kB
2026-09-15T14:19:58-04:00
MemAvailable:    6054476 kB
SwapFree:       16776264 kB
2026-09-15T14:20:03-04:00
MemAvailable:    6054476 kB
SwapFree:       16776264 kB
2026-09-15T14:20:08-04:00
MemAvailable:    6054224 kB
SwapFree:       16776264 kB
2026-09-15T14:20:13-04:00
MemAvailable:    6053996 kB
SwapFree:       16776264 kB
2026-09-15T14:20:18-04:00
MemAvailable:    6053996 kB
SwapFree:       16776264 kB
2026-09-15T14:20:23-04:00
MemAvailable:    6054004 kB
SwapFree:       16776264 kB
2026-09-15T14:20:28-04:00
MemAvailable:    6054004 kB
SwapFree:       16776264 kB
2026-09-15T14:20:33-04:00
MemAvailable:    6052672 kB
SwapFree:       16776264 kB
2026-09-15T14:20:38-04:00
MemAvailable:    6053844 kB
SwapFree:       16776264 kB
2026-09-15T14:20:43-04:00
MemAvailable:    6053844 kB
SwapFree:       16776264 kB
2026-09-15T14:20:48-04:00
MemAvailable:    6053844 kB
SwapFree:       16776264 kB
2026-09-15T14:20:53-04:00
MemAvailable:    6054104 kB
SwapFree:       16776264 kB
2026-09-15T14:20:58-04:00
MemAvailable:    6054104 kB
SwapFree:       16776264 kB
2026-09-15T14:21:03-04:00
MemAvailable:    6054104 kB
SwapFree:       16776264 kB
2026-09-15T14:21:08-04:00
MemAvailable:    6054104 kB
SwapFree:       16776264 kB
2026-09-15T14:21:13-04:00
MemAvailable:    6054356 kB
SwapFree:       16776264 kB
2026-09-15T14:21:18-04:00
MemAvailable:    6053192 kB
SwapFree:       16776264 kB
2026-09-15T14:21:23-04:00
MemAvailable:    6052592 kB
SwapFree:       16776264 kB
2026-09-15T14:21:28-04:00
MemAvailable:    6054012 kB
SwapFree:       16776264 kB
2026-09-15T14:21:33-04:00
MemAvailable:    6053712 kB
SwapFree:       16776264 kB
2026-09-15T14:21:38-04:00
MemAvailable:    6053712 kB
SwapFree:       16776264 kB
2026-09-15T14:21:43-04:00
MemAvailable:    6053208 kB
SwapFree:       16776264 kB
2026-09-15T14:21:48-04:00
MemAvailable:    6053676 kB
SwapFree:       16776264 kB
2026-09-15T14:21:53-04:00
MemAvailable:    6053676 kB
SwapFree:       16776264 kB
2026-09-15T14:21:58-04:00
MemAvailable:    6053676 kB
SwapFree:       16776264 kB
2026-09-15T14:22:04-04:00
MemAvailable:    6041524 kB
SwapFree:       16776264 kB
2026-09-15T14:22:09-04:00
MemAvailable:    6049232 kB
SwapFree:       16776264 kB
2026-09-15T14:22:14-04:00
MemAvailable:    6051576 kB
SwapFree:       16776264 kB
2026-09-15T14:22:19-04:00
MemAvailable:    6051828 kB
SwapFree:       16776264 kB
2026-09-15T14:22:24-04:00
MemAvailable:    6051576 kB
SwapFree:       16776264 kB
2026-09-15T14:22:29-04:00
MemAvailable:    6051584 kB
SwapFree:       16776264 kB
2026-09-15T14:22:34-04:00
MemAvailable:    6051332 kB
SwapFree:       16776264 kB
2026-09-15T14:22:39-04:00
MemAvailable:    6050836 kB
SwapFree:       16776264 kB
2026-09-15T14:22:44-04:00
MemAvailable:    6035548 kB
SwapFree:       16776264 kB
2026-09-15T14:22:49-04:00
MemAvailable:    6044344 kB
SwapFree:       16776264 kB
2026-09-15T14:22:54-04:00
MemAvailable:    6042904 kB
SwapFree:       16776264 kB
2026-09-15T14:22:59-04:00
MemAvailable:    6047092 kB
SwapFree:       16776264 kB
2026-09-15T14:23:04-04:00
MemAvailable:    6052068 kB
SwapFree:       16776264 kB
2026-09-15T14:23:09-04:00
MemAvailable:    6052320 kB
SwapFree:       16776264 kB
2026-09-15T14:23:14-04:00
MemAvailable:    6052976 kB
SwapFree:       16776264 kB
2026-09-15T14:23:19-04:00
MemAvailable:    6052976 kB
SwapFree:       16776264 kB
2026-09-15T14:23:24-04:00
MemAvailable:    6052976 kB
SwapFree:       16776264 kB
2026-09-15T14:23:29-04:00
MemAvailable:    6052976 kB
SwapFree:       16776264 kB
2026-09-15T14:23:34-04:00
MemAvailable:    6052976 kB
SwapFree:       16776264 kB
