label=default-opening-sweep1-before host=dusty timestamp=2026-08-22T07:15:15-04:00
               total        used        free      shared  buff/cache   available
Mem:           121Gi       113Gi       4.8Gi       379Mi       4.9Gi       8.3Gi
Swap:           15Gi        59Mi        15Gi
2026/08/22 07:15:15.681, NVIDIA GB10, 52, 13.99, 2411, 0
label=default-opening-sweep1-before host=kirby timestamp=2026-08-22T07:15:15-04:00
               total        used        free      shared  buff/cache   available
Mem:           121Gi       112Gi       2.8Gi       381Mi       8.0Gi       8.8Gi
Swap:           15Gi       1.1Mi        15Gi
2026/08/22 07:15:16.004, NVIDIA GB10, 55, 12.11, 2405, 0
label=default-opening-sweep1-after host=dusty timestamp=2026-08-22T07:24:54-04:00
               total        used        free      shared  buff/cache   available
Mem:           121Gi       115Gi       3.6Gi       389Mi       4.1Gi       6.2Gi
Swap:           15Gi        59Mi        15Gi
2026/08/22 07:24:55.678, NVIDIA GB10, 67, 17.00, 2405, 0
label=default-opening-sweep1-after host=kirby timestamp=2026-08-22T07:24:55-04:00
               total        used        free      shared  buff/cache   available
Mem:           121Gi       114Gi       1.5Gi       383Mi       7.4Gi       7.5Gi
Swap:           15Gi       1.1Mi        15Gi
2026/08/22 07:24:56.241, NVIDIA GB10, 68, 15.11, 2411, 0
label=mac24-candidate-sweep1-before host=dusty timestamp=2026-08-22T07:29:53-04:00
               total        used        free      shared  buff/cache   available
Mem:           121Gi       113Gi       4.7Gi       379Mi       4.6Gi       7.8Gi
Swap:           15Gi        59Mi        15Gi
2026/08/22 07:29:54.058, NVIDIA GB10, 55, 28.53, 2502, 0
label=mac24-candidate-sweep1-before host=kirby timestamp=2026-08-22T07:29:54-04:00
               total        used        free      shared  buff/cache   available
Mem:           121Gi       112Gi       3.0Gi       381Mi       7.4Gi       8.8Gi
Swap:           15Gi       1.1Mi        15Gi
2026/08/22 07:29:54.395, NVIDIA GB10, 53, 25.31, 2411, 0
label=mac24-candidate-sweep1-after host=dusty timestamp=2026-08-22T07:39:46-04:00
               total        used        free      shared  buff/cache   available
Mem:           121Gi       116Gi       3.4Gi       388Mi       3.8Gi       4.9Gi
Swap:           15Gi        59Mi        15Gi
2026/08/22 07:39:46.739, NVIDIA GB10, 66, 16.90, 2405, 0
label=mac24-candidate-sweep1-after host=kirby timestamp=2026-08-22T07:39:46-04:00
               total        used        free      shared  buff/cache   available
Mem:           121Gi       114Gi       1.5Gi       383Mi       6.9Gi       7.0Gi
Swap:           15Gi       1.1Mi        15Gi
2026/08/22 07:39:47.378, NVIDIA GB10, 64, 14.31, 2411, 0
label=mac32-candidate-sweep1-before host=dusty timestamp=2026-08-22T07:44:44-04:00
               total        used        free      shared  buff/cache   available
Mem:           121Gi       114Gi       4.6Gi       379Mi       4.6Gi       7.6Gi
Swap:           15Gi        59Mi        15Gi
2026/08/22 07:44:45.082, NVIDIA GB10, 56, 23.86, 2496, 0
label=mac32-candidate-sweep1-before host=kirby timestamp=2026-08-22T07:44:45-04:00
               total        used        free      shared  buff/cache   available
Mem:           121Gi       112Gi       2.9Gi       381Mi       7.4Gi       8.8Gi
Swap:           15Gi       1.1Mi        15Gi
2026/08/22 07:44:45.397, NVIDIA GB10, 53, 24.18, 2515, 68
label=mac32-candidate-sweep1-after host=dusty timestamp=2026-08-22T07:54:33-04:00
               total        used        free      shared  buff/cache   available
Mem:           121Gi       117Gi       3.3Gi       389Mi       3.6Gi       4.7Gi
Swap:           15Gi        59Mi        15Gi
2026/08/22 07:54:33.815, NVIDIA GB10, 68, 17.32, 2405, 0
label=mac32-candidate-sweep1-after host=kirby timestamp=2026-08-22T07:54:33-04:00
               total        used        free      shared  buff/cache   available
Mem:           121Gi       114Gi       1.5Gi       383Mi       6.9Gi       7.0Gi
Swap:           15Gi       1.1Mi        15Gi
2026/08/22 07:54:34.417, NVIDIA GB10, 65, 14.48, 2411, 0
label=mac40-candidate-sweep1-before host=dusty timestamp=2026-08-22T07:59:02-04:00
               total        used        free      shared  buff/cache   available
Mem:           121Gi       114Gi       4.6Gi       379Mi       4.3Gi       7.5Gi
Swap:           15Gi        59Mi        15Gi
2026/08/22 07:59:02.409, NVIDIA GB10, 58, 22.83, 2476, 0
label=mac40-candidate-sweep1-before host=kirby timestamp=2026-08-22T07:59:02-04:00
               total        used        free      shared  buff/cache   available
Mem:           121Gi       113Gi       2.8Gi       381Mi       7.3Gi       8.7Gi
Swap:           15Gi       1.1Mi        15Gi
2026/08/22 07:59:02.742, NVIDIA GB10, 53, 21.41, 2405, 0
label=mac40-candidate-sweep1-after host=dusty timestamp=2026-08-22T08:08:46-04:00
               total        used        free      shared  buff/cache   available
Mem:           121Gi       116Gi       3.6Gi       389Mi       3.5Gi       5.7Gi
Swap:           15Gi       261Mi        15Gi
2026/08/22 08:08:47.502, NVIDIA GB10, 66, 16.93, 2405, 0
label=mac40-candidate-sweep1-after host=kirby timestamp=2026-08-22T08:08:47-04:00
               total        used        free      shared  buff/cache   available
Mem:           121Gi       115Gi       1.4Gi       383Mi       6.8Gi       5.9Gi
Swap:           15Gi       1.1Mi        15Gi
2026/08/22 08:08:48.143, NVIDIA GB10, 64, 14.34, 2411, 0
label=default-closing-sweep1-before host=dusty timestamp=2026-08-22T08:13:15-04:00
               total        used        free      shared  buff/cache   available
Mem:           121Gi       114Gi       4.6Gi       379Mi       4.5Gi       7.6Gi
Swap:           15Gi        59Mi        15Gi
2026/08/22 08:13:15.993, NVIDIA GB10, 54, 14.33, 2405, 0
label=default-closing-sweep1-before host=kirby timestamp=2026-08-22T08:13:16-04:00
               total        used        free      shared  buff/cache   available
Mem:           121Gi       112Gi       2.8Gi       381Mi       7.4Gi       8.8Gi
Swap:           15Gi       1.1Mi        15Gi
2026/08/22 08:13:16.322, NVIDIA GB10, 52, 11.55, 2405, 0
label=default-closing-sweep1-after host=dusty timestamp=2026-08-22T08:22:56-04:00
               total        used        free      shared  buff/cache   available
Mem:           121Gi       117Gi       3.5Gi       388Mi       3.5Gi       4.7Gi
Swap:           15Gi        59Mi        15Gi
2026/08/22 08:22:57.602, NVIDIA GB10, 65, 16.78, 2405, 0
label=default-closing-sweep1-after host=kirby timestamp=2026-08-22T08:22:57-04:00
               total        used        free      shared  buff/cache   available
Mem:           121Gi       114Gi       1.5Gi       383Mi       6.8Gi       6.9Gi
Swap:           15Gi       1.1Mi        15Gi
2026/08/22 08:22:58.233, NVIDIA GB10, 66, 14.75, 2411, 0
