[b12x cute.compile] compile-start number=1 target=b12x.moe._shared.kernels.w4a16.kernel.W4A16TopKSumKernel cache_key=26f6f490aa269aa7 kernel=moe.w4a16.topk_sum version=3 params=['w4a16_topk_sum', 'fp16', 8, 6144, True, False, None, None, 'torch.int32', True, True]
[b12x cute.compile] compile-done number=1 duration_s=0.156 total_compile_s=0.156 target=b12x.moe._shared.kernels.w4a16.kernel.W4A16TopKSumKernel cache_key=26f6f490aa269aa7 kernel=moe.w4a16.topk_sum version=3 params=['w4a16_topk_sum', 'fp16', 8, 6144, True, False, None, None, 'torch.int32', True, True]
[b12x cute.compile] compile-start number=2 target=b12x.moe._shared.kernels.w4a16.mixed_trellis.W4A16MixedTrellisKernel cache_key=4a01c29599dd8fcc kernel=moe.w4a16.mixed_trellis version=7 params=['mixed_trellis', 0, ['w4a16_mixed_trellis', 7, [6144, 512, 1024, None, True, 8, 'silu', True, False, False, False, 0.0, 1.0, 0.0, 'trellis3_t256', 3, 'mcg', None, None, 'e4m3_k32', False, False, 'fp16', True, False, False, True, False, True, True, True, False, True, 'bf16', False, False, [1024, 6144, 1024, 6144, 192, False, None, True, 8, False, 128, 128, 256, 8, 'fp16', False, 'trellis3_t256', 3, 'mcg', None, None, 'e4m3_k32', 'trellis3_t256_proj', 0, False, False, False, True, True, False, 1, 1, True, 10784, 1, True, 1, False, False, False], [6144, 512, 6144, 512, 16, False, None, True, 1, False, 512, 32, 256, 8, 'fp16', False, 'trellis3_t256', 3, 'mcg', None, None, 'e4m3_k32', 'packed', 0, False, False, False, False, False, False, 8, 1, True, 7712, 1, True, 1, False, False, False], 256, 48, 10784, 1], [6144, 512, 1024, None, True, 8, 'silu', True, False, False, False, 0.0, 1.0, 0.0, 'trellis3_t256', 3, 'mcg', None, None, 'e4m3_k32', False, False, 'fp16', True, False, False, True, False, True, True, True, False, True, 'bf16', False, False, [1024, 6144, 1024, 6144, 192, False, None, True, 8, False, 128, 128, 256, 8, 'fp16', False, 'trellis3_t256', 3, 'mcg', None, None, 'e4m3_k32', 'trellis3_t256_proj', 0, False, False, False, True, True, False, 1, 1, True, 10784, 1, True, 1, False, False, False], [6144, 512, 6144, 512, 16, False, None, True, 1, False, 512, 32, 256, 8, 'fp16', False, 'trellis3_t256', 3, 'mcg', None, None, 'e4m3_k32', 'packed', 0, False, False, False, False, False, False, 8, 1, True, 7712, 1, True, 1, False, False, False], 256, 48, 10784, 1], [6144, 512, 1024, None, True, 8, 'silu', True, False, False, False, 0.0, 1.0, 0.0, 'trellis3_t256', 4, 'mcg', None, None, 'e4m3_k32', False, False, 'fp16', True, False, False, True, False, True, True, True, False, True, 'bf16', False, False, [1024, 6144, 1024, 6144, 192, False, None, True, 8, False, 128, 128, 256, 8, 'fp16', False, 'trellis3_t256', 4, 'mcg', None, None, 'e4m3_k32', 'trellis3_t256_proj', 0, False, False, False, True, True, False, 1, 1, True, 12832, 1, True, 1, False, False, False], [6144, 512, 6144, 512, 16, False, None, True, 1, False, 512, 32, 256, 8, 'fp16', False, 'trellis3_t256', 4, 'mcg', None, None, 'e4m3_k32', 'packed', 0, False, False, False, False, False, False, 8, 1, True, 9760, 1, True, 1, False, False, False], 256, 48, 12832, 1], 1, 12832], 'torch.int32', 32, 256]
[b12x cute.compile] compile-done number=2 duration_s=1.509 total_compile_s=1.665 target=b12x.moe._shared.kernels.w4a16.mixed_trellis.W4A16MixedTrellisKernel cache_key=4a01c29599dd8fcc kernel=moe.w4a16.mixed_trellis version=7 params=['mixed_trellis', 0, ['w4a16_mixed_trellis', 7, [6144, 512, 1024, None, True, 8, 'silu', True, False, False, False, 0.0, 1.0, 0.0, 'trellis3_t256', 3, 'mcg', None, None, 'e4m3_k32', False, False, 'fp16', True, False, False, True, False, True, True, True, False, True, 'bf16', False, False, [1024, 6144, 1024, 6144, 192, False, None, True, 8, False, 128, 128, 256, 8, 'fp16', False, 'trellis3_t256', 3, 'mcg', None, None, 'e4m3_k32', 'trellis3_t256_proj', 0, False, False, False, True, True, False, 1, 1, True, 10784, 1, True, 1, False, False, False], [6144, 512, 6144, 512, 16, False, None, True, 1, False, 512, 32, 256, 8, 'fp16', False, 'trellis3_t256', 3, 'mcg', None, None, 'e4m3_k32', 'packed', 0, False, False, False, False, False, False, 8, 1, True, 7712, 1, True, 1, False, False, False], 256, 48, 10784, 1], [6144, 512, 1024, None, True, 8, 'silu', True, False, False, False, 0.0, 1.0, 0.0, 'trellis3_t256', 3, 'mcg', None, None, 'e4m3_k32', False, False, 'fp16', True, False, False, True, False, True, True, True, False, True, 'bf16', False, False, [1024, 6144, 1024, 6144, 192, False, None, True, 8, False, 128, 128, 256, 8, 'fp16', False, 'trellis3_t256', 3, 'mcg', None, None, 'e4m3_k32', 'trellis3_t256_proj', 0, False, False, False, True, True, False, 1, 1, True, 10784, 1, True, 1, False, False, False], [6144, 512, 6144, 512, 16, False, None, True, 1, False, 512, 32, 256, 8, 'fp16', False, 'trellis3_t256', 3, 'mcg', None, None, 'e4m3_k32', 'packed', 0, False, False, False, False, False, False, 8, 1, True, 7712, 1, True, 1, False, False, False], 256, 48, 10784, 1], [6144, 512, 1024, None, True, 8, 'silu', True, False, False, False, 0.0, 1.0, 0.0, 'trellis3_t256', 4, 'mcg', None, None, 'e4m3_k32', False, False, 'fp16', True, False, False, True, False, True, True, True, False, True, 'bf16', False, False, [1024, 6144, 1024, 6144, 192, False, None, True, 8, False, 128, 128, 256, 8, 'fp16', False, 'trellis3_t256', 4, 'mcg', None, None, 'e4m3_k32', 'trellis3_t256_proj', 0, False, False, False, True, True, False, 1, 1, True, 12832, 1, True, 1, False, False, False], [6144, 512, 6144, 512, 16, False, None, True, 1, False, 512, 32, 256, 8, 'fp16', False, 'trellis3_t256', 4, 'mcg', None, None, 'e4m3_k32', 'packed', 0, False, False, False, False, False, False, 8, 1, True, 9760, 1, True, 1, False, False, False], 256, 48, 12832, 1], 1, 12832], 'torch.int32', 32, 256]
[b12x cute.compile] compile-start number=3 target=b12x.moe._shared.kernels.w4a16.mixed_trellis.W4A16MixedTrellisKernel cache_key=fb97d285ce2fc620 kernel=moe.w4a16.mixed_trellis version=7 params=['mixed_trellis', 0, ['w4a16_mixed_trellis', 7, [6144, 512, 1024, None, True, 8, 'silu', True, False, False, False, 0.0, 1.0, 0.0, 'trellis3_t256', 3, 'mcg', None, None, 'e4m3_k32', False, False, 'fp16', True, False, False, True, False, True, True, True, False, True, 'bf16', False, False, [1024, 6144, 1024, 6144, 192, False, None, True, 8, False, 128, 128, 256, 32, 'fp16', False, 'trellis3_t256', 3, 'mcg', None, None, 'e4m3_k32', 'trellis3_t256_proj', 0, False, False, False, True, True, False, 1, 2, False, 14976, 1, True, 1, False, False, False], [6144, 512, 6144, 512, 16, False, None, True, 1, False, 512, 32, 256, 8, 'fp16', False, 'trellis3_t256', 3, 'mcg', None, None, 'e4m3_k32', 'packed', 0, False, False, False, False, False, False, 8, 1, True, 8768, 1, True, 2, True, False, False], 256, 48, 14976, 1], [6144, 512, 1024, None, True, 8, 'silu', True, False, False, False, 0.0, 1.0, 0.0, 'trellis3_t256', 3, 'mcg', None, None, 'e4m3_k32', False, False, 'fp16', True, False, False, True, False, True, True, True, False, True, 'bf16', False, False, [1024, 6144, 1024, 6144, 192, False, None, True, 8, False, 128, 128, 256, 32, 'fp16', False, 'trellis3_t256', 3, 'mcg', None, None, 'e4m3_k32', 'trellis3_t256_proj', 0, False, False, False, True, True, False, 1, 2, False, 14976, 1, True, 1, False, False, False], [6144, 512, 6144, 512, 16, False, None, True, 1, False, 512, 32, 256, 8, 'fp16', False, 'trellis3_t256', 3, 'mcg', None, None, 'e4m3_k32', 'packed', 0, False, False, False, False, False, False, 8, 1, True, 8768, 1, True, 2, True, False, False], 256, 48, 14976, 1], [6144, 512, 1024, None, True, 8, 'silu', True, False, False, False, 0.0, 1.0, 0.0, 'trellis3_t256', 4, 'mcg', None, None, 'e4m3_k32', False, False, 'fp16', True, False, False, True, False, True, True, True, False, True, 'bf16', False, False, [1024, 6144, 1024, 6144, 192, False, None, True, 8, False, 128, 128, 256, 32, 'fp16', False, 'trellis3_t256', 4, 'mcg', None, None, 'e4m3_k32', 'trellis3_t256_proj', 0, False, False, False, True, True, False, 1, 2, False, 17024, 1, True, 1, False, False, False], [6144, 512, 6144, 512, 16, False, None, True, 1, False, 512, 32, 256, 8, 'fp16', False, 'trellis3_t256', 4, 'mcg', None, None, 'e4m3_k32', 'packed', 0, False, False, False, False, False, False, 8, 1, True, 10816, 1, True, 2, True, False, False], 256, 48, 17024, 1], 1, 17024], 'torch.int32', 3072, 1016]
[b12x cute.compile] compile-failed number=3 duration_s=0.542 total_compile_s=2.207 target=b12x.moe._shared.kernels.w4a16.mixed_trellis.W4A16MixedTrellisKernel cache_key=fb97d285ce2fc620 kernel=moe.w4a16.mixed_trellis version=7 params=['mixed_trellis', 0, ['w4a16_mixed_trellis', 7, [6144, 512, 1024, None, True, 8, 'silu', True, False, False, False, 0.0, 1.0, 0.0, 'trellis3_t256', 3, 'mcg', None, None, 'e4m3_k32', False, False, 'fp16', True, False, False, True, False, True, True, True, False, True, 'bf16', False, False, [1024, 6144, 1024, 6144, 192, False, None, True, 8, False, 128, 128, 256, 32, 'fp16', False, 'trellis3_t256', 3, 'mcg', None, None, 'e4m3_k32', 'trellis3_t256_proj', 0, False, False, False, True, True, False, 1, 2, False, 14976, 1, True, 1, False, False, False], [6144, 512, 6144, 512, 16, False, None, True, 1, False, 512, 32, 256, 8, 'fp16', False, 'trellis3_t256', 3, 'mcg', None, None, 'e4m3_k32', 'packed', 0, False, False, False, False, False, False, 8, 1, True, 8768, 1, True, 2, True, False, False], 256, 48, 14976, 1], [6144, 512, 1024, None, True, 8, 'silu', True, False, False, False, 0.0, 1.0, 0.0, 'trellis3_t256', 3, 'mcg', None, None, 'e4m3_k32', False, False, 'fp16', True, False, False, True, False, True, True, True, False, True, 'bf16', False, False, [1024, 6144, 1024, 6144, 192, False, None, True, 8, False, 128, 128, 256, 32, 'fp16', False, 'trellis3_t256', 3, 'mcg', None, None, 'e4m3_k32', 'trellis3_t256_proj', 0, False, False, False, True, True, False, 1, 2, False, 14976, 1, True, 1, False, False, False], [6144, 512, 6144, 512, 16, False, None, True, 1, False, 512, 32, 256, 8, 'fp16', False, 'trellis3_t256', 3, 'mcg', None, None, 'e4m3_k32', 'packed', 0, False, False, False, False, False, False, 8, 1, True, 8768, 1, True, 2, True, False, False], 256, 48, 14976, 1], [6144, 512, 1024, None, True, 8, 'silu', True, False, False, False, 0.0, 1.0, 0.0, 'trellis3_t256', 4, 'mcg', None, None, 'e4m3_k32', False, False, 'fp16', True, False, False, True, False, True, True, True, False, True, 'bf16', False, False, [1024, 6144, 1024, 6144, 192, False, None, True, 8, False, 128, 128, 256, 32, 'fp16', False, 'trellis3_t256', 4, 'mcg', None, None, 'e4m3_k32', 'trellis3_t256_proj', 0, False, False, False, True, True, False, 1, 2, False, 17024, 1, True, 1, False, False, False], [6144, 512, 6144, 512, 16, False, None, True, 1, False, 512, 32, 256, 8, 'fp16', False, 'trellis3_t256', 4, 'mcg', None, None, 'e4m3_k32', 'packed', 0, False, False, False, False, False, False, 8, 1, True, 10816, 1, True, 2, True, False, False], 256, 48, 17024, 1], 1, 17024], 'torch.int32', 3072, 1016] error=TypeError: TypeError("W4A16GemmKernel._prefetch_initial_tiles() missing 1 required positional argument: 'dynamic_pair_override'")
Traceback (most recent call last):
  File "/bench.py", line 414, in <module>
    main()
  File "/bench.py", line 302, in main
    prefill, prefill_launch = _make_runner(
                              ^^^^^^^^^^^^^
  File "/bench.py", line 127, in _make_runner
    launch = mixed_api.compile_mixed_trellis(**compile_kwargs)
             ^^^^^^^^^^^^^^^^^^^^^^^^^^^^^^^^^^^^^^^^^^^^^^^^^
  File "/src/b12x/moe/_shared/kernels/w4a16/mixed_trellis.py", line 992, in compile_mixed_trellis
    compiled = b12x_compile(
               ^^^^^^^^^^^^^
  File "/src/b12x/_lib/compiler.py", line 2733, in compile
    compiled = _call_cute_compile(
               ^^^^^^^^^^^^^^^^^^^
  File "/src/b12x/_lib/compiler.py", line 1391, in _call_cute_compile
    compiled = compile_callable(func, *args, **kwargs)
               ^^^^^^^^^^^^^^^^^^^^^^^^^^^^^^^^^^^^^^^
  File "/src/b12x/moe/_shared/kernels/w4a16/mixed_trellis.py", line 648, in __call__
    ).launch(
      ^^^^^^^
  File "/src/b12x/moe/_shared/kernels/w4a16/mixed_trellis.py", line 774, in kernel
    self.driver._moe_body(
  File "/src/b12x/moe/_shared/kernels/w4a16/kernel.py", line 7214, in _moe_body
    self.fc2._run_persistent_gemm(
  File "/src/b12x/moe/_shared/kernels/w4a16/kernel.py", line 1559, in _run_persistent_gemm
    while has_work != Int32(0):
  File "/src/b12x/moe/_shared/kernels/w4a16/kernel.py", line 1632, in if_region_38
    if (
  File "/src/b12x/moe/_shared/kernels/w4a16/kernel.py", line 1642, in then_block_41
    emit_tile(
  File "/src/b12x/moe/_shared/kernels/w4a16/mixed_trellis.py", line 351, in _emit_tier_tile
    if combined_expert >= Int32(0) and combined_expert < total_experts:
  File "/src/b12x/moe/_shared/kernels/w4a16/mixed_trellis.py", line 353, in if_region_1
    if descriptor >= Int32(0):
  File "/src/b12x/moe/_shared/kernels/w4a16/mixed_trellis.py", line 356, in if_region_2
    if tier == Int32(0) and local_expert < tier0_num_experts:
  File "/src/b12x/moe/_shared/kernels/w4a16/mixed_trellis.py", line 361, in then_block_3
    self._dispatch_tier_gemm(
  File "/src/b12x/moe/_shared/kernels/w4a16/mixed_trellis.py", line 256, in _dispatch_tier_gemm
    gemm._run_tile_m8_pair(
  File "/src/b12x/moe/_shared/kernels/w4a16/kernel.py", line 2501, in _run_tile_m8_pair
    self._prefetch_initial_tiles(
  File "/opt/venv/lib/python3.12/site-packages/nvidia_cutlass_dsl/dsl_packages/cutlass/base_dsl/dsl.py", line 2790, in _func_impl
    return funcBody(*args, **kwargs)
           ^^^^^^^^^^^^^^^^^^^^^^^^^
TypeError: W4A16GemmKernel._prefetch_initial_tiles() missing 1 required positional argument: 'dynamic_pair_override'
