[b12x cute.compile] compile-start number=1 target=b12x.moe._shared.kernels.w4a16.kernel.W4A16TopKSumKernel cache_key=044cfad61599b749 kernel=moe.w4a16.topk_sum version=3 params=['w4a16_topk_sum', 'fp16', 8, 6144, True, False, None, None, 'torch.int32', True, True]
[b12x cute.compile] compile-done number=1 duration_s=0.156 total_compile_s=0.156 target=b12x.moe._shared.kernels.w4a16.kernel.W4A16TopKSumKernel cache_key=044cfad61599b749 kernel=moe.w4a16.topk_sum version=3 params=['w4a16_topk_sum', 'fp16', 8, 6144, True, False, None, None, 'torch.int32', True, True]
[b12x cute.compile] compile-start number=2 target=b12x.moe._shared.kernels.w4a16.mixed_trellis.W4A16MixedTrellisKernel cache_key=cf69fbb0914d83f9 kernel=moe.w4a16.mixed_trellis version=6 params=['mixed_trellis', 0, ['w4a16_mixed_trellis', 6, [6144, 512, 1024, None, True, 8, 'silu', True, False, False, False, 0.0, 1.0, 0.0, 'trellis3_t256', 3, 'sqg_xor_cheb_t12', None, None, 'e4m3_k32', False, False, 'fp16', True, False, False, True, False, True, True, True, False, True, 'bf16', True, False, [1024, 6144, 1024, 6144, 192, False, None, True, 8, False, 128, 128, 256, 8, 'fp16', False, 'trellis3_t256', 3, 'sqg_xor_cheb_t12', None, None, 'e4m3_k32', 'trellis3_t256_proj', 0, False, False, False, True, True, False, 1, 1, True, 10784, 1, True, 1, False, True, False], [6144, 512, 6144, 512, 16, False, None, True, 1, False, 512, 32, 256, 8, 'fp16', False, 'trellis3_t256', 3, 'sqg_xor_cheb_t12', None, None, 'e4m3_k32', 'packed', 0, False, False, False, False, False, False, 8, 1, True, 7712, 1, True, 1, False, True, False], 256, 48, 11808, 1], [6144, 512, 1024, None, True, 8, 'silu', True, False, False, False, 0.0, 1.0, 0.0, 'trellis3_t256', 3, 'sqg_xor_cheb_t12', None, None, 'e4m3_k32', False, False, 'fp16', True, False, False, True, False, True, True, True, False, True, 'bf16', True, False, [1024, 6144, 1024, 6144, 192, False, None, True, 8, False, 128, 128, 256, 8, 'fp16', False, 'trellis3_t256', 3, 'sqg_xor_cheb_t12', None, None, 'e4m3_k32', 'trellis3_t256_proj', 0, False, False, False, True, True, False, 1, 1, True, 10784, 1, True, 1, False, True, False], [6144, 512, 6144, 512, 16, False, None, True, 1, False, 512, 32, 256, 8, 'fp16', False, 'trellis3_t256', 3, 'sqg_xor_cheb_t12', None, None, 'e4m3_k32', 'packed', 0, False, False, False, False, False, False, 8, 1, True, 7712, 1, True, 1, False, True, False], 256, 48, 11808, 1], [6144, 512, 1024, None, True, 8, 'silu', True, False, False, False, 0.0, 1.0, 0.0, 'trellis3_t256', 4, 'sqg_xor_cheb_t12', None, None, 'e4m3_k32', False, False, 'fp16', True, False, False, True, False, True, True, True, False, True, 'bf16', True, False, [1024, 6144, 1024, 6144, 192, False, None, True, 8, False, 128, 128, 256, 8, 'fp16', False, 'trellis3_t256', 4, 'sqg_xor_cheb_t12', None, None, 'e4m3_k32', 'trellis3_t256_proj', 0, False, False, False, True, True, False, 1, 1, True, 12832, 1, True, 1, False, True, False], [6144, 512, 6144, 512, 16, False, None, True, 1, False, 512, 32, 256, 8, 'fp16', False, 'trellis3_t256', 4, 'sqg_xor_cheb_t12', None, None, 'e4m3_k32', 'packed', 0, False, False, False, False, False, False, 8, 1,...
[b12x cute.compile] compile-failed number=2 duration_s=0.032 total_compile_s=0.189 target=b12x.moe._shared.kernels.w4a16.mixed_trellis.W4A16MixedTrellisKernel cache_key=cf69fbb0914d83f9 kernel=moe.w4a16.mixed_trellis version=6 params=['mixed_trellis', 0, ['w4a16_mixed_trellis', 6, [6144, 512, 1024, None, True, 8, 'silu', True, False, False, False, 0.0, 1.0, 0.0, 'trellis3_t256', 3, 'sqg_xor_cheb_t12', None, None, 'e4m3_k32', False, False, 'fp16', True, False, False, True, False, True, True, True, False, True, 'bf16', True, False, [1024, 6144, 1024, 6144, 192, False, None, True, 8, False, 128, 128, 256, 8, 'fp16', False, 'trellis3_t256', 3, 'sqg_xor_cheb_t12', None, None, 'e4m3_k32', 'trellis3_t256_proj', 0, False, False, False, True, True, False, 1, 1, True, 10784, 1, True, 1, False, True, False], [6144, 512, 6144, 512, 16, False, None, True, 1, False, 512, 32, 256, 8, 'fp16', False, 'trellis3_t256', 3, 'sqg_xor_cheb_t12', None, None, 'e4m3_k32', 'packed', 0, False, False, False, False, False, False, 8, 1, True, 7712, 1, True, 1, False, True, False], 256, 48, 11808, 1], [6144, 512, 1024, None, True, 8, 'silu', True, False, False, False, 0.0, 1.0, 0.0, 'trellis3_t256', 3, 'sqg_xor_cheb_t12', None, None, 'e4m3_k32', False, False, 'fp16', True, False, False, True, False, True, True, True, False, True, 'bf16', True, False, [1024, 6144, 1024, 6144, 192, False, None, True, 8, False, 128, 128, 256, 8, 'fp16', False, 'trellis3_t256', 3, 'sqg_xor_cheb_t12', None, None, 'e4m3_k32', 'trellis3_t256_proj', 0, False, False, False, True, True, False, 1, 1, True, 10784, 1, True, 1, False, True, False], [6144, 512, 6144, 512, 16, False, None, True, 1, False, 512, 32, 256, 8, 'fp16', False, 'trellis3_t256', 3, 'sqg_xor_cheb_t12', None, None, 'e4m3_k32', 'packed', 0, False, False, False, False, False, False, 8, 1, True, 7712, 1, True, 1, False, True, False], 256, 48, 11808, 1], [6144, 512, 1024, None, True, 8, 'silu', True, False, False, False, 0.0, 1.0, 0.0, 'trellis3_t256', 4, 'sqg_xor_cheb_t12', None, None, 'e4m3_k32', False, False, 'fp16', True, False, False, True, False, True, True, True, False, True, 'bf16', True, False, [1024, 6144, 1024, 6144, 192, False, None, True, 8, False, 128, 128, 256, 8, 'fp16', False, 'trellis3_t256', 4, 'sqg_xor_cheb_t12', None, None, 'e4m3_k32', 'trellis3_t256_proj', 0, False, False, False, True, True, False, 1, 1, True, 12832, 1, True, 1, False, True, False], [6144, 512, 6144, 512, 16, False, None, True, 1, False, 512, 32, 256, 8, 'fp16', False, 'trellis3_t256', 4, 'sqg_xor_cheb_t12', None, None, 'e4m3_k32', 'packed', 0, False, False, False, False, False, False, 8, 1,... error=TypeError: TypeError("unsupported operand type(s) for *: 'functools.partial' and 'Int32'")
Traceback (most recent call last):
  File "/bench.py", line 414, in <module>
    main()
  File "/bench.py", line 292, in main
    decode, decode_launch = _make_runner(
                            ^^^^^^^^^^^^^
  File "/bench.py", line 127, in _make_runner
    launch = mixed_api.compile_mixed_trellis(**compile_kwargs)
             ^^^^^^^^^^^^^^^^^^^^^^^^^^^^^^^^^^^^^^^^^^^^^^^^^
  File "/src/b12x/moe/_shared/kernels/w4a16/mixed_trellis.py", line 950, in compile_mixed_trellis
    compiled = b12x_compile(
               ^^^^^^^^^^^^^
  File "/src/b12x/_lib/compiler.py", line 2733, in compile
    compiled = _call_cute_compile(
               ^^^^^^^^^^^^^^^^^^^
  File "/src/b12x/_lib/compiler.py", line 1391, in _call_cute_compile
    compiled = compile_callable(func, *args, **kwargs)
               ^^^^^^^^^^^^^^^^^^^^^^^^^^^^^^^^^^^^^^^
  File "/src/b12x/moe/_shared/kernels/w4a16/mixed_trellis.py", line 628, in __call__
    ).launch(
      ^^^^^^^
  File "/src/b12x/moe/_shared/kernels/w4a16/mixed_trellis.py", line 738, in kernel
    self.driver._moe_body(
  File "/src/b12x/moe/_shared/kernels/w4a16/kernel.py", line 7055, in _moe_body
    self._run_input_rotation(
  File "/src/b12x/moe/_shared/kernels/w4a16/kernel.py", line 7298, in _run_input_rotation
    live_routes = active_m * Int32(self.top_k)
                  ~~~~~~~~~^~~~~~~~~~~~~~~~~~~
TypeError: unsupported operand type(s) for *: 'functools.partial' and 'Int32'
