frame #3: <unknown function> + 0x7b60b90 (0xfe5e717a0b90 in /usr/local/lib/python3.12/dist-packages/torch/lib/libtorch_cpu.so)
frame #4: <unknown function> + 0x7b631b8 (0xfe5e717a31b8 in /usr/local/lib/python3.12/dist-packages/torch/lib/libtorch_cpu.so)
frame #5: <unknown function> + 0x7b633b8 (0xfe5e717a33b8 in /usr/local/lib/python3.12/dist-packages/torch/lib/libtorch_cpu.so)
frame #6: c10d::TCPStore::check(std::vector<std::__cxx11::basic_string<char, std::char_traits<char>, std::allocator<char> >, std::allocator<std::__cxx11::basic_string<char, std::char_traits<char>, std::allocator<char> > > > const&) + 0x264 (0xfe5e717a5604 in /usr/local/lib/python3.12/dist-packages/torch/lib/libtorch_cpu.so)
frame #7: c10d::ProcessGroupNCCL::HeartbeatMonitor::runLoop() + 0x308 (0xfe5e60e4d6e8 in /usr/local/lib/python3.12/dist-packages/torch/lib/libtorch_cuda.so)
frame #8: <unknown function> + 0xe1ae0 (0xfe5e802c1ae0 in /lib/aarch64-linux-gnu/libstdc++.so.6)
frame #9: <unknown function> + 0x8595c (0xfe5e804f595c in /lib/aarch64-linux-gnu/libc.so.6)
frame #10: <unknown function> + 0xebb4c (0xfe5e8055bb4c in /lib/aarch64-linux-gnu/libc.so.6)

[rank3]:[W819 04:41:36.710411762 ProcessGroupNCCL.cpp:1876] [PG ID 0 PG GUID 0 Rank 3] Failed to check the "should dump" flag on TCPStore, (maybe TCPStore server has shut down too early), with error: Broken pipe
[rank3]:[W819 04:41:37.710606867 TCPStore.cpp:106] [c10d] sendBytes failed on SocketImpl(fd=31, addr=[lucky]:33188, remote=[::ffff:10.11.11.1]:25000): Broken pipe
Exception raised from sendBytes at /build/pytorch/torch/csrc/distributed/c10d/Utils.hpp:758 (most recent call first):
frame #0: c10::Error::Error(c10::SourceLocation, std::__cxx11::basic_string<char, std::char_traits<char>, std::allocator<char> >) + 0xe8 (0xfe5e7948ff68 in /usr/local/lib/python3.12/dist-packages/torch/lib/libc10.so)
frame #1: c10::DistError::DistError(c10::SourceLocation, std::__cxx11::basic_string<char, std::char_traits<char>, std::allocator<char> >) + 0x90 (0xfe5e79490ff0 in /usr/local/lib/python3.12/dist-packages/torch/lib/libc10.so)
frame #2: c10::DistNetworkError::DistNetworkError(c10::SourceLocation, std::__cxx11::basic_string<char, std::char_traits<char>, std::allocator<char> >) + 0x90 (0xfe5e794914f0 in /usr/local/lib/python3.12/dist-packages/torch/lib/libc10.so)
frame #3: <unknown function> + 0x7b60b90 (0xfe5e717a0b90 in /usr/local/lib/python3.12/dist-packages/torch/lib/libtorch_cpu.so)
frame #4: <unknown function> + 0x7b631b8 (0xfe5e717a31b8 in /usr/local/lib/python3.12/dist-packages/torch/lib/libtorch_cpu.so)
frame #5: <unknown function> + 0x7b633b8 (0xfe5e717a33b8 in /usr/local/lib/python3.12/dist-packages/torch/lib/libtorch_cpu.so)
frame #6: c10d::TCPStore::check(std::vector<std::__cxx11::basic_string<char, std::char_traits<char>, std::allocator<char> >, std::allocator<std::__cxx11::basic_string<char, std::char_traits<char>, std::allocator<char> > > > const&) + 0x264 (0xfe5e717a5604 in /usr/local/lib/python3.12/dist-packages/torch/lib/libtorch_cpu.so)
frame #7: c10d::ProcessGroupNCCL::HeartbeatMonitor::runLoop() + 0x308 (0xfe5e60e4d6e8 in /usr/local/lib/python3.12/dist-packages/torch/lib/libtorch_cuda.so)
frame #8: <unknown function> + 0xe1ae0 (0xfe5e802c1ae0 in /lib/aarch64-linux-gnu/libstdc++.so.6)
frame #9: <unknown function> + 0x8595c (0xfe5e804f595c in /lib/aarch64-linux-gnu/libc.so.6)
frame #10: <unknown function> + 0xebb4c (0xfe5e8055bb4c in /lib/aarch64-linux-gnu/libc.so.6)

[rank3]:[W819 04:41:37.714024136 ProcessGroupNCCL.cpp:1876] [PG ID 0 PG GUID 0 Rank 3] Failed to check the "should dump" flag on TCPStore, (maybe TCPStore server has shut down too early), with error: Broken pipe
[rank3]:[W819 04:41:38.714216873 TCPStore.cpp:106] [c10d] sendBytes failed on SocketImpl(fd=31, addr=[lucky]:33188, remote=[::ffff:10.11.11.1]:25000): Broken pipe
Exception raised from sendBytes at /build/pytorch/torch/csrc/distributed/c10d/Utils.hpp:758 (most recent call first):
frame #0: c10::Error::Error(c10::SourceLocation, std::__cxx11::basic_string<char, std::char_traits<char>, std::allocator<char> >) + 0xe8 (0xfe5e7948ff68 in /usr/local/lib/python3.12/dist-packages/torch/lib/libc10.so)
frame #1: c10::DistError::DistError(c10::SourceLocation, std::__cxx11::basic_string<char, std::char_traits<char>, std::allocator<char> >) + 0x90 (0xfe5e79490ff0 in /usr/local/lib/python3.12/dist-packages/torch/lib/libc10.so)
frame #2: c10::DistNetworkError::DistNetworkError(c10::SourceLocation, std::__cxx11::basic_string<char, std::char_traits<char>, std::allocator<char> >) + 0x90 (0xfe5e794914f0 in /usr/local/lib/python3.12/dist-packages/torch/lib/libc10.so)
frame #3: <unknown function> + 0x7b60b90 (0xfe5e717a0b90 in /usr/local/lib/python3.12/dist-packages/torch/lib/libtorch_cpu.so)
frame #4: <unknown function> + 0x7b631b8 (0xfe5e717a31b8 in /usr/local/lib/python3.12/dist-packages/torch/lib/libtorch_cpu.so)
frame #5: <unknown function> + 0x7b633b8 (0xfe5e717a33b8 in /usr/local/lib/python3.12/dist-packages/torch/lib/libtorch_cpu.so)
frame #6: c10d::TCPStore::check(std::vector<std::__cxx11::basic_string<char, std::char_traits<char>, std::allocator<char> >, std::allocator<std::__cxx11::basic_string<char, std::char_traits<char>, std::allocator<char> > > > const&) + 0x264 (0xfe5e717a5604 in /usr/local/lib/python3.12/dist-packages/torch/lib/libtorch_cpu.so)
frame #7: c10d::ProcessGroupNCCL::HeartbeatMonitor::runLoop() + 0x308 (0xfe5e60e4d6e8 in /usr/local/lib/python3.12/dist-packages/torch/lib/libtorch_cuda.so)
frame #8: <unknown function> + 0xe1ae0 (0xfe5e802c1ae0 in /lib/aarch64-linux-gnu/libstdc++.so.6)
frame #9: <unknown function> + 0x8595c (0xfe5e804f595c in /lib/aarch64-linux-gnu/libc.so.6)
frame #10: <unknown function> + 0xebb4c (0xfe5e8055bb4c in /lib/aarch64-linux-gnu/libc.so.6)

[rank3]:[W819 04:41:38.717869344 ProcessGroupNCCL.cpp:1876] [PG ID 0 PG GUID 0 Rank 3] Failed to check the "should dump" flag on TCPStore, (maybe TCPStore server has shut down too early), with error: Broken pipe
[rank3]:[W819 04:41:39.718096321 TCPStore.cpp:106] [c10d] sendBytes failed on SocketImpl(fd=31, addr=[lucky]:33188, remote=[::ffff:10.11.11.1]:25000): Broken pipe
Exception raised from sendBytes at /build/pytorch/torch/csrc/distributed/c10d/Utils.hpp:758 (most recent call first):
frame #0: c10::Error::Error(c10::SourceLocation, std::__cxx11::basic_string<char, std::char_traits<char>, std::allocator<char> >) + 0xe8 (0xfe5e7948ff68 in /usr/local/lib/python3.12/dist-packages/torch/lib/libc10.so)
frame #1: c10::DistError::DistError(c10::SourceLocation, std::__cxx11::basic_string<char, std::char_traits<char>, std::allocator<char> >) + 0x90 (0xfe5e79490ff0 in /usr/local/lib/python3.12/dist-packages/torch/lib/libc10.so)
frame #2: c10::DistNetworkError::DistNetworkError(c10::SourceLocation, std::__cxx11::basic_string<char, std::char_traits<char>, std::allocator<char> >) + 0x90 (0xfe5e794914f0 in /usr/local/lib/python3.12/dist-packages/torch/lib/libc10.so)
frame #3: <unknown function> + 0x7b60b90 (0xfe5e717a0b90 in /usr/local/lib/python3.12/dist-packages/torch/lib/libtorch_cpu.so)
frame #4: <unknown function> + 0x7b631b8 (0xfe5e717a31b8 in /usr/local/lib/python3.12/dist-packages/torch/lib/libtorch_cpu.so)
frame #5: <unknown function> + 0x7b633b8 (0xfe5e717a33b8 in /usr/local/lib/python3.12/dist-packages/torch/lib/libtorch_cpu.so)
frame #6: c10d::TCPStore::check(std::vector<std::__cxx11::basic_string<char, std::char_traits<char>, std::allocator<char> >, std::allocator<std::__cxx11::basic_string<char, std::char_traits<char>, std::allocator<char> > > > const&) + 0x264 (0xfe5e717a5604 in /usr/local/lib/python3.12/dist-packages/torch/lib/libtorch_cpu.so)
frame #7: c10d::ProcessGroupNCCL::HeartbeatMonitor::runLoop() + 0x308 (0xfe5e60e4d6e8 in /usr/local/lib/python3.12/dist-packages/torch/lib/libtorch_cuda.so)
frame #8: <unknown function> + 0xe1ae0 (0xfe5e802c1ae0 in /lib/aarch64-linux-gnu/libstdc++.so.6)
frame #9: <unknown function> + 0x8595c (0xfe5e804f595c in /lib/aarch64-linux-gnu/libc.so.6)
frame #10: <unknown function> + 0xebb4c (0xfe5e8055bb4c in /lib/aarch64-linux-gnu/libc.so.6)

[rank3]:[W819 04:41:39.721780793 ProcessGroupNCCL.cpp:1876] [PG ID 0 PG GUID 0 Rank 3] Failed to check the "should dump" flag on TCPStore, (maybe TCPStore server has shut down too early), with error: Broken pipe
[rank3]:[W819 04:41:40.721978378 TCPStore.cpp:106] [c10d] sendBytes failed on SocketImpl(fd=31, addr=[lucky]:33188, remote=[::ffff:10.11.11.1]:25000): Broken pipe
Exception raised from sendBytes at /build/pytorch/torch/csrc/distributed/c10d/Utils.hpp:758 (most recent call first):
frame #0: c10::Error::Error(c10::SourceLocation, std::__cxx11::basic_string<char, std::char_traits<char>, std::allocator<char> >) + 0xe8 (0xfe5e7948ff68 in /usr/local/lib/python3.12/dist-packages/torch/lib/libc10.so)
frame #1: c10::DistError::DistError(c10::SourceLocation, std::__cxx11::basic_string<char, std::char_traits<char>, std::allocator<char> >) + 0x90 (0xfe5e79490ff0 in /usr/local/lib/python3.12/dist-packages/torch/lib/libc10.so)
frame #2: c10::DistNetworkError::DistNetworkError(c10::SourceLocation, std::__cxx11::basic_string<char, std::char_traits<char>, std::allocator<char> >) + 0x90 (0xfe5e794914f0 in /usr/local/lib/python3.12/dist-packages/torch/lib/libc10.so)
frame #3: <unknown function> + 0x7b60b90 (0xfe5e717a0b90 in /usr/local/lib/python3.12/dist-packages/torch/lib/libtorch_cpu.so)
frame #4: <unknown function> + 0x7b631b8 (0xfe5e717a31b8 in /usr/local/lib/python3.12/dist-packages/torch/lib/libtorch_cpu.so)
frame #5: <unknown function> + 0x7b633b8 (0xfe5e717a33b8 in /usr/local/lib/python3.12/dist-packages/torch/lib/libtorch_cpu.so)
frame #6: c10d::TCPStore::check(std::vector<std::__cxx11::basic_string<char, std::char_traits<char>, std::allocator<char> >, std::allocator<std::__cxx11::basic_string<char, std::char_traits<char>, std::allocator<char> > > > const&) + 0x264 (0xfe5e717a5604 in /usr/local/lib/python3.12/dist-packages/torch/lib/libtorch_cpu.so)
frame #7: c10d::ProcessGroupNCCL::HeartbeatMonitor::runLoop() + 0x308 (0xfe5e60e4d6e8 in /usr/local/lib/python3.12/dist-packages/torch/lib/libtorch_cuda.so)
frame #8: <unknown function> + 0xe1ae0 (0xfe5e802c1ae0 in /lib/aarch64-linux-gnu/libstdc++.so.6)
frame #9: <unknown function> + 0x8595c (0xfe5e804f595c in /lib/aarch64-linux-gnu/libc.so.6)
frame #10: <unknown function> + 0xebb4c (0xfe5e8055bb4c in /lib/aarch64-linux-gnu/libc.so.6)

[rank3]:[W819 04:41:40.725283278 ProcessGroupNCCL.cpp:1876] [PG ID 0 PG GUID 0 Rank 3] Failed to check the "should dump" flag on TCPStore, (maybe TCPStore server has shut down too early), with error: Broken pipe
[rank3]:[W819 04:41:41.725477310 TCPStore.cpp:106] [c10d] sendBytes failed on SocketImpl(fd=31, addr=[lucky]:33188, remote=[::ffff:10.11.11.1]:25000): Broken pipe
Exception raised from sendBytes at /build/pytorch/torch/csrc/distributed/c10d/Utils.hpp:758 (most recent call first):
frame #0: c10::Error::Error(c10::SourceLocation, std::__cxx11::basic_string<char, std::char_traits<char>, std::allocator<char> >) + 0xe8 (0xfe5e7948ff68 in /usr/local/lib/python3.12/dist-packages/torch/lib/libc10.so)
frame #1: c10::DistError::DistError(c10::SourceLocation, std::__cxx11::basic_string<char, std::char_traits<char>, std::allocator<char> >) + 0x90 (0xfe5e79490ff0 in /usr/local/lib/python3.12/dist-packages/torch/lib/libc10.so)
frame #2: c10::DistNetworkError::DistNetworkError(c10::SourceLocation, std::__cxx11::basic_string<char, std::char_traits<char>, std::allocator<char> >) + 0x90 (0xfe5e794914f0 in /usr/local/lib/python3.12/dist-packages/torch/lib/libc10.so)
frame #3: <unknown function> + 0x7b60b90 (0xfe5e717a0b90 in /usr/local/lib/python3.12/dist-packages/torch/lib/libtorch_cpu.so)
frame #4: <unknown function> + 0x7b631b8 (0xfe5e717a31b8 in /usr/local/lib/python3.12/dist-packages/torch/lib/libtorch_cpu.so)
frame #5: <unknown function> + 0x7b633b8 (0xfe5e717a33b8 in /usr/local/lib/python3.12/dist-packages/torch/lib/libtorch_cpu.so)
frame #6: c10d::TCPStore::check(std::vector<std::__cxx11::basic_string<char, std::char_traits<char>, std::allocator<char> >, std::allocator<std::__cxx11::basic_string<char, std::char_traits<char>, std::allocator<char> > > > const&) + 0x264 (0xfe5e717a5604 in /usr/local/lib/python3.12/dist-packages/torch/lib/libtorch_cpu.so)
frame #7: c10d::ProcessGroupNCCL::HeartbeatMonitor::runLoop() + 0x308 (0xfe5e60e4d6e8 in /usr/local/lib/python3.12/dist-packages/torch/lib/libtorch_cuda.so)
frame #8: <unknown function> + 0xe1ae0 (0xfe5e802c1ae0 in /lib/aarch64-linux-gnu/libstdc++.so.6)
frame #9: <unknown function> + 0x8595c (0xfe5e804f595c in /lib/aarch64-linux-gnu/libc.so.6)
frame #10: <unknown function> + 0xebb4c (0xfe5e8055bb4c in /lib/aarch64-linux-gnu/libc.so.6)

[rank3]:[W819 04:41:41.728954612 ProcessGroupNCCL.cpp:1876] [PG ID 0 PG GUID 0 Rank 3] Failed to check the "should dump" flag on TCPStore, (maybe TCPStore server has shut down too early), with error: Broken pipe
[rank3]:[W819 04:41:42.729145253 TCPStore.cpp:106] [c10d] sendBytes failed on SocketImpl(fd=31, addr=[lucky]:33188, remote=[::ffff:10.11.11.1]:25000): Broken pipe
Exception raised from sendBytes at /build/pytorch/torch/csrc/distributed/c10d/Utils.hpp:758 (most recent call first):
frame #0: c10::Error::Error(c10::SourceLocation, std::__cxx11::basic_string<char, std::char_traits<char>, std::allocator<char> >) + 0xe8 (0xfe5e7948ff68 in /usr/local/lib/python3.12/dist-packages/torch/lib/libc10.so)
frame #1: c10::DistError::DistError(c10::SourceLocation, std::__cxx11::basic_string<char, std::char_traits<char>, std::allocator<char> >) + 0x90 (0xfe5e79490ff0 in /usr/local/lib/python3.12/dist-packages/torch/lib/libc10.so)
frame #2: c10::DistNetworkError::DistNetworkError(c10::SourceLocation, std::__cxx11::basic_string<char, std::char_traits<char>, std::allocator<char> >) + 0x90 (0xfe5e794914f0 in /usr/local/lib/python3.12/dist-packages/torch/lib/libc10.so)
frame #3: <unknown function> + 0x7b60b90 (0xfe5e717a0b90 in /usr/local/lib/python3.12/dist-packages/torch/lib/libtorch_cpu.so)
frame #4: <unknown function> + 0x7b631b8 (0xfe5e717a31b8 in /usr/local/lib/python3.12/dist-packages/torch/lib/libtorch_cpu.so)
frame #5: <unknown function> + 0x7b633b8 (0xfe5e717a33b8 in /usr/local/lib/python3.12/dist-packages/torch/lib/libtorch_cpu.so)
frame #6: c10d::TCPStore::check(std::vector<std::__cxx11::basic_string<char, std::char_traits<char>, std::allocator<char> >, std::allocator<std::__cxx11::basic_string<char, std::char_traits<char>, std::allocator<char> > > > const&) + 0x264 (0xfe5e717a5604 in /usr/local/lib/python3.12/dist-packages/torch/lib/libtorch_cpu.so)
frame #7: c10d::ProcessGroupNCCL::HeartbeatMonitor::runLoop() + 0x308 (0xfe5e60e4d6e8 in /usr/local/lib/python3.12/dist-packages/torch/lib/libtorch_cuda.so)
frame #8: <unknown function> + 0xe1ae0 (0xfe5e802c1ae0 in /lib/aarch64-linux-gnu/libstdc++.so.6)
frame #9: <unknown function> + 0x8595c (0xfe5e804f595c in /lib/aarch64-linux-gnu/libc.so.6)
frame #10: <unknown function> + 0xebb4c (0xfe5e8055bb4c in /lib/aarch64-linux-gnu/libc.so.6)

[rank3]:[W819 04:41:42.732830621 ProcessGroupNCCL.cpp:1876] [PG ID 0 PG GUID 0 Rank 3] Failed to check the "should dump" flag on TCPStore, (maybe TCPStore server has shut down too early), with error: Broken pipe
[rank3]:[W819 04:41:43.733026013 TCPStore.cpp:106] [c10d] sendBytes failed on SocketImpl(fd=31, addr=[lucky]:33188, remote=[::ffff:10.11.11.1]:25000): Broken pipe
Exception raised from sendBytes at /build/pytorch/torch/csrc/distributed/c10d/Utils.hpp:758 (most recent call first):
frame #0: c10::Error::Error(c10::SourceLocation, std::__cxx11::basic_string<char, std::char_traits<char>, std::allocator<char> >) + 0xe8 (0xfe5e7948ff68 in /usr/local/lib/python3.12/dist-packages/torch/lib/libc10.so)
frame #1: c10::DistError::DistError(c10::SourceLocation, std::__cxx11::basic_string<char, std::char_traits<char>, std::allocator<char> >) + 0x90 (0xfe5e79490ff0 in /usr/local/lib/python3.12/dist-packages/torch/lib/libc10.so)
frame #2: c10::DistNetworkError::DistNetworkError(c10::SourceLocation, std::__cxx11::basic_string<char, std::char_traits<char>, std::allocator<char> >) + 0x90 (0xfe5e794914f0 in /usr/local/lib/python3.12/dist-packages/torch/lib/libc10.so)
frame #3: <unknown function> + 0x7b60b90 (0xfe5e717a0b90 in /usr/local/lib/python3.12/dist-packages/torch/lib/libtorch_cpu.so)
frame #4: <unknown function> + 0x7b631b8 (0xfe5e717a31b8 in /usr/local/lib/python3.12/dist-packages/torch/lib/libtorch_cpu.so)
frame #5: <unknown function> + 0x7b633b8 (0xfe5e717a33b8 in /usr/local/lib/python3.12/dist-packages/torch/lib/libtorch_cpu.so)
frame #6: c10d::TCPStore::check(std::vector<std::__cxx11::basic_string<char, std::char_traits<char>, std::allocator<char> >, std::allocator<std::__cxx11::basic_string<char, std::char_traits<char>, std::allocator<char> > > > const&) + 0x264 (0xfe5e717a5604 in /usr/local/lib/python3.12/dist-packages/torch/lib/libtorch_cpu.so)
frame #7: c10d::ProcessGroupNCCL::HeartbeatMonitor::runLoop() + 0x308 (0xfe5e60e4d6e8 in /usr/local/lib/python3.12/dist-packages/torch/lib/libtorch_cuda.so)
frame #8: <unknown function> + 0xe1ae0 (0xfe5e802c1ae0 in /lib/aarch64-linux-gnu/libstdc++.so.6)
frame #9: <unknown function> + 0x8595c (0xfe5e804f595c in /lib/aarch64-linux-gnu/libc.so.6)
frame #10: <unknown function> + 0xebb4c (0xfe5e8055bb4c in /lib/aarch64-linux-gnu/libc.so.6)

[rank3]:[W819 04:41:43.736381154 ProcessGroupNCCL.cpp:1876] [PG ID 0 PG GUID 0 Rank 3] Failed to check the "should dump" flag on TCPStore, (maybe TCPStore server has shut down too early), with error: Broken pipe
[rank3]:[W819 04:41:44.736577202 TCPStore.cpp:106] [c10d] sendBytes failed on SocketImpl(fd=31, addr=[lucky]:33188, remote=[::ffff:10.11.11.1]:25000): Broken pipe
Exception raised from sendBytes at /build/pytorch/torch/csrc/distributed/c10d/Utils.hpp:758 (most recent call first):
frame #0: c10::Error::Error(c10::SourceLocation, std::__cxx11::basic_string<char, std::char_traits<char>, std::allocator<char> >) + 0xe8 (0xfe5e7948ff68 in /usr/local/lib/python3.12/dist-packages/torch/lib/libc10.so)
frame #1: c10::DistError::DistError(c10::SourceLocation, std::__cxx11::basic_string<char, std::char_traits<char>, std::allocator<char> >) + 0x90 (0xfe5e79490ff0 in /usr/local/lib/python3.12/dist-packages/torch/lib/libc10.so)
frame #2: c10::DistNetworkError::DistNetworkError(c10::SourceLocation, std::__cxx11::basic_string<char, std::char_traits<char>, std::allocator<char> >) + 0x90 (0xfe5e794914f0 in /usr/local/lib/python3.12/dist-packages/torch/lib/libc10.so)
frame #3: <unknown function> + 0x7b60b90 (0xfe5e717a0b90 in /usr/local/lib/python3.12/dist-packages/torch/lib/libtorch_cpu.so)
frame #4: <unknown function> + 0x7b631b8 (0xfe5e717a31b8 in /usr/local/lib/python3.12/dist-packages/torch/lib/libtorch_cpu.so)
frame #5: <unknown function> + 0x7b633b8 (0xfe5e717a33b8 in /usr/local/lib/python3.12/dist-packages/torch/lib/libtorch_cpu.so)
frame #6: c10d::TCPStore::check(std::vector<std::__cxx11::basic_string<char, std::char_traits<char>, std::allocator<char> >, std::allocator<std::__cxx11::basic_string<char, std::char_traits<char>, std::allocator<char> > > > const&) + 0x264 (0xfe5e717a5604 in /usr/local/lib/python3.12/dist-packages/torch/lib/libtorch_cpu.so)
frame #7: c10d::ProcessGroupNCCL::HeartbeatMonitor::runLoop() + 0x308 (0xfe5e60e4d6e8 in /usr/local/lib/python3.12/dist-packages/torch/lib/libtorch_cuda.so)
frame #8: <unknown function> + 0xe1ae0 (0xfe5e802c1ae0 in /lib/aarch64-linux-gnu/libstdc++.so.6)
frame #9: <unknown function> + 0x8595c (0xfe5e804f595c in /lib/aarch64-linux-gnu/libc.so.6)
frame #10: <unknown function> + 0xebb4c (0xfe5e8055bb4c in /lib/aarch64-linux-gnu/libc.so.6)

[rank3]:[W819 04:41:44.740067240 ProcessGroupNCCL.cpp:1876] [PG ID 0 PG GUID 0 Rank 3] Failed to check the "should dump" flag on TCPStore, (maybe TCPStore server has shut down too early), with error: Broken pipe
[rank3]:[W819 04:41:45.740259912 TCPStore.cpp:106] [c10d] sendBytes failed on SocketImpl(fd=31, addr=[lucky]:33188, remote=[::ffff:10.11.11.1]:25000): Broken pipe
Exception raised from sendBytes at /build/pytorch/torch/csrc/distributed/c10d/Utils.hpp:758 (most recent call first):
frame #0: c10::Error::Error(c10::SourceLocation, std::__cxx11::basic_string<char, std::char_traits<char>, std::allocator<char> >) + 0xe8 (0xfe5e7948ff68 in /usr/local/lib/python3.12/dist-packages/torch/lib/libc10.so)
frame #1: c10::DistError::DistError(c10::SourceLocation, std::__cxx11::basic_string<char, std::char_traits<char>, std::allocator<char> >) + 0x90 (0xfe5e79490ff0 in /usr/local/lib/python3.12/dist-packages/torch/lib/libc10.so)
frame #2: c10::DistNetworkError::DistNetworkError(c10::SourceLocation, std::__cxx11::basic_string<char, std::char_traits<char>, std::allocator<char> >) + 0x90 (0xfe5e794914f0 in /usr/local/lib/python3.12/dist-packages/torch/lib/libc10.so)
frame #3: <unknown function> + 0x7b60b90 (0xfe5e717a0b90 in /usr/local/lib/python3.12/dist-packages/torch/lib/libtorch_cpu.so)
frame #4: <unknown function> + 0x7b631b8 (0xfe5e717a31b8 in /usr/local/lib/python3.12/dist-packages/torch/lib/libtorch_cpu.so)
frame #5: <unknown function> + 0x7b633b8 (0xfe5e717a33b8 in /usr/local/lib/python3.12/dist-packages/torch/lib/libtorch_cpu.so)
frame #6: c10d::TCPStore::check(std::vector<std::__cxx11::basic_string<char, std::char_traits<char>, std::allocator<char> >, std::allocator<std::__cxx11::basic_string<char, std::char_traits<char>, std::allocator<char> > > > const&) + 0x264 (0xfe5e717a5604 in /usr/local/lib/python3.12/dist-packages/torch/lib/libtorch_cpu.so)
frame #7: c10d::ProcessGroupNCCL::HeartbeatMonitor::runLoop() + 0x308 (0xfe5e60e4d6e8 in /usr/local/lib/python3.12/dist-packages/torch/lib/libtorch_cuda.so)
frame #8: <unknown function> + 0xe1ae0 (0xfe5e802c1ae0 in /lib/aarch64-linux-gnu/libstdc++.so.6)
frame #9: <unknown function> + 0x8595c (0xfe5e804f595c in /lib/aarch64-linux-gnu/libc.so.6)
frame #10: <unknown function> + 0xebb4c (0xfe5e8055bb4c in /lib/aarch64-linux-gnu/libc.so.6)

[rank3]:[W819 04:41:45.743727486 ProcessGroupNCCL.cpp:1876] [PG ID 0 PG GUID 0 Rank 3] Failed to check the "should dump" flag on TCPStore, (maybe TCPStore server has shut down too early), with error: Broken pipe
[rank3]:[W819 04:41:46.743925055 TCPStore.cpp:106] [c10d] sendBytes failed on SocketImpl(fd=31, addr=[lucky]:33188, remote=[::ffff:10.11.11.1]:25000): Broken pipe
Exception raised from sendBytes at /build/pytorch/torch/csrc/distributed/c10d/Utils.hpp:758 (most recent call first):
frame #0: c10::Error::Error(c10::SourceLocation, std::__cxx11::basic_string<char, std::char_traits<char>, std::allocator<char> >) + 0xe8 (0xfe5e7948ff68 in /usr/local/lib/python3.12/dist-packages/torch/lib/libc10.so)
frame #1: c10::DistError::DistError(c10::SourceLocation, std::__cxx11::basic_string<char, std::char_traits<char>, std::allocator<char> >) + 0x90 (0xfe5e79490ff0 in /usr/local/lib/python3.12/dist-packages/torch/lib/libc10.so)
frame #2: c10::DistNetworkError::DistNetworkError(c10::SourceLocation, std::__cxx11::basic_string<char, std::char_traits<char>, std::allocator<char> >) + 0x90 (0xfe5e794914f0 in /usr/local/lib/python3.12/dist-packages/torch/lib/libc10.so)
frame #3: <unknown function> + 0x7b60b90 (0xfe5e717a0b90 in /usr/local/lib/python3.12/dist-packages/torch/lib/libtorch_cpu.so)
frame #4: <unknown function> + 0x7b631b8 (0xfe5e717a31b8 in /usr/local/lib/python3.12/dist-packages/torch/lib/libtorch_cpu.so)
frame #5: <unknown function> + 0x7b633b8 (0xfe5e717a33b8 in /usr/local/lib/python3.12/dist-packages/torch/lib/libtorch_cpu.so)
frame #6: c10d::TCPStore::check(std::vector<std::__cxx11::basic_string<char, std::char_traits<char>, std::allocator<char> >, std::allocator<std::__cxx11::basic_string<char, std::char_traits<char>, std::allocator<char> > > > const&) + 0x264 (0xfe5e717a5604 in /usr/local/lib/python3.12/dist-packages/torch/lib/libtorch_cpu.so)
frame #7: c10d::ProcessGroupNCCL::HeartbeatMonitor::runLoop() + 0x308 (0xfe5e60e4d6e8 in /usr/local/lib/python3.12/dist-packages/torch/lib/libtorch_cuda.so)
frame #8: <unknown function> + 0xe1ae0 (0xfe5e802c1ae0 in /lib/aarch64-linux-gnu/libstdc++.so.6)
frame #9: <unknown function> + 0x8595c (0xfe5e804f595c in /lib/aarch64-linux-gnu/libc.so.6)
frame #10: <unknown function> + 0xebb4c (0xfe5e8055bb4c in /lib/aarch64-linux-gnu/libc.so.6)

[rank3]:[W819 04:41:46.747637335 ProcessGroupNCCL.cpp:1876] [PG ID 0 PG GUID 0 Rank 3] Failed to check the "should dump" flag on TCPStore, (maybe TCPStore server has shut down too early), with error: Broken pipe
[rank3]:[W819 04:41:47.747835175 TCPStore.cpp:106] [c10d] sendBytes failed on SocketImpl(fd=31, addr=[lucky]:33188, remote=[::ffff:10.11.11.1]:25000): Broken pipe
Exception raised from sendBytes at /build/pytorch/torch/csrc/distributed/c10d/Utils.hpp:758 (most recent call first):
frame #0: c10::Error::Error(c10::SourceLocation, std::__cxx11::basic_string<char, std::char_traits<char>, std::allocator<char> >) + 0xe8 (0xfe5e7948ff68 in /usr/local/lib/python3.12/dist-packages/torch/lib/libc10.so)
frame #1: c10::DistError::DistError(c10::SourceLocation, std::__cxx11::basic_string<char, std::char_traits<char>, std::allocator<char> >) + 0x90 (0xfe5e79490ff0 in /usr/local/lib/python3.12/dist-packages/torch/lib/libc10.so)
frame #2: c10::DistNetworkError::DistNetworkError(c10::SourceLocation, std::__cxx11::basic_string<char, std::char_traits<char>, std::allocator<char> >) + 0x90 (0xfe5e794914f0 in /usr/local/lib/python3.12/dist-packages/torch/lib/libc10.so)
frame #3: <unknown function> + 0x7b60b90 (0xfe5e717a0b90 in /usr/local/lib/python3.12/dist-packages/torch/lib/libtorch_cpu.so)
frame #4: <unknown function> + 0x7b631b8 (0xfe5e717a31b8 in /usr/local/lib/python3.12/dist-packages/torch/lib/libtorch_cpu.so)
frame #5: <unknown function> + 0x7b633b8 (0xfe5e717a33b8 in /usr/local/lib/python3.12/dist-packages/torch/lib/libtorch_cpu.so)
frame #6: c10d::TCPStore::check(std::vector<std::__cxx11::basic_string<char, std::char_traits<char>, std::allocator<char> >, std::allocator<std::__cxx11::basic_string<char, std::char_traits<char>, std::allocator<char> > > > const&) + 0x264 (0xfe5e717a5604 in /usr/local/lib/python3.12/dist-packages/torch/lib/libtorch_cpu.so)
frame #7: c10d::ProcessGroupNCCL::HeartbeatMonitor::runLoop() + 0x308 (0xfe5e60e4d6e8 in /usr/local/lib/python3.12/dist-packages/torch/lib/libtorch_cuda.so)
frame #8: <unknown function> + 0xe1ae0 (0xfe5e802c1ae0 in /lib/aarch64-linux-gnu/libstdc++.so.6)
frame #9: <unknown function> + 0x8595c (0xfe5e804f595c in /lib/aarch64-linux-gnu/libc.so.6)
frame #10: <unknown function> + 0xebb4c (0xfe5e8055bb4c in /lib/aarch64-linux-gnu/libc.so.6)

[rank3]:[W819 04:41:47.751028826 ProcessGroupNCCL.cpp:1876] [PG ID 0 PG GUID 0 Rank 3] Failed to check the "should dump" flag on TCPStore, (maybe TCPStore server has shut down too early), with error: Broken pipe
[rank3]:[W819 04:41:48.751223530 TCPStore.cpp:106] [c10d] sendBytes failed on SocketImpl(fd=31, addr=[lucky]:33188, remote=[::ffff:10.11.11.1]:25000): Broken pipe
Exception raised from sendBytes at /build/pytorch/torch/csrc/distributed/c10d/Utils.hpp:758 (most recent call first):
frame #0: c10::Error::Error(c10::SourceLocation, std::__cxx11::basic_string<char, std::char_traits<char>, std::allocator<char> >) + 0xe8 (0xfe5e7948ff68 in /usr/local/lib/python3.12/dist-packages/torch/lib/libc10.so)
frame #1: c10::DistError::DistError(c10::SourceLocation, std::__cxx11::basic_string<char, std::char_traits<char>, std::allocator<char> >) + 0x90 (0xfe5e79490ff0 in /usr/local/lib/python3.12/dist-packages/torch/lib/libc10.so)
frame #2: c10::DistNetworkError::DistNetworkError(c10::SourceLocation, std::__cxx11::basic_string<char, std::char_traits<char>, std::allocator<char> >) + 0x90 (0xfe5e794914f0 in /usr/local/lib/python3.12/dist-packages/torch/lib/libc10.so)
frame #3: <unknown function> + 0x7b60b90 (0xfe5e717a0b90 in /usr/local/lib/python3.12/dist-packages/torch/lib/libtorch_cpu.so)
frame #4: <unknown function> + 0x7b631b8 (0xfe5e717a31b8 in /usr/local/lib/python3.12/dist-packages/torch/lib/libtorch_cpu.so)
frame #5: <unknown function> + 0x7b633b8 (0xfe5e717a33b8 in /usr/local/lib/python3.12/dist-packages/torch/lib/libtorch_cpu.so)
frame #6: c10d::TCPStore::check(std::vector<std::__cxx11::basic_string<char, std::char_traits<char>, std::allocator<char> >, std::allocator<std::__cxx11::basic_string<char, std::char_traits<char>, std::allocator<char> > > > const&) + 0x264 (0xfe5e717a5604 in /usr/local/lib/python3.12/dist-packages/torch/lib/libtorch_cpu.so)
frame #7: c10d::ProcessGroupNCCL::HeartbeatMonitor::runLoop() + 0x308 (0xfe5e60e4d6e8 in /usr/local/lib/python3.12/dist-packages/torch/lib/libtorch_cuda.so)
frame #8: <unknown function> + 0xe1ae0 (0xfe5e802c1ae0 in /lib/aarch64-linux-gnu/libstdc++.so.6)
frame #9: <unknown function> + 0x8595c (0xfe5e804f595c in /lib/aarch64-linux-gnu/libc.so.6)
frame #10: <unknown function> + 0xebb4c (0xfe5e8055bb4c in /lib/aarch64-linux-gnu/libc.so.6)

[rank3]:[W819 04:41:48.755044676 ProcessGroupNCCL.cpp:1876] [PG ID 0 PG GUID 0 Rank 3] Failed to check the "should dump" flag on TCPStore, (maybe TCPStore server has shut down too early), with error: Broken pipe
[rank3]:[W819 04:41:49.755236660 TCPStore.cpp:106] [c10d] sendBytes failed on SocketImpl(fd=31, addr=[lucky]:33188, remote=[::ffff:10.11.11.1]:25000): Broken pipe
Exception raised from sendBytes at /build/pytorch/torch/csrc/distributed/c10d/Utils.hpp:758 (most recent call first):
frame #0: c10::Error::Error(c10::SourceLocation, std::__cxx11::basic_string<char, std::char_traits<char>, std::allocator<char> >) + 0xe8 (0xfe5e7948ff68 in /usr/local/lib/python3.12/dist-packages/torch/lib/libc10.so)
frame #1: c10::DistError::DistError(c10::SourceLocation, std::__cxx11::basic_string<char, std::char_traits<char>, std::allocator<char> >) + 0x90 (0xfe5e79490ff0 in /usr/local/lib/python3.12/dist-packages/torch/lib/libc10.so)
frame #2: c10::DistNetworkError::DistNetworkError(c10::SourceLocation, std::__cxx11::basic_string<char, std::char_traits<char>, std::allocator<char> >) + 0x90 (0xfe5e794914f0 in /usr/local/lib/python3.12/dist-packages/torch/lib/libc10.so)
frame #3: <unknown function> + 0x7b60b90 (0xfe5e717a0b90 in /usr/local/lib/python3.12/dist-packages/torch/lib/libtorch_cpu.so)
frame #4: <unknown function> + 0x7b631b8 (0xfe5e717a31b8 in /usr/local/lib/python3.12/dist-packages/torch/lib/libtorch_cpu.so)
frame #5: <unknown function> + 0x7b633b8 (0xfe5e717a33b8 in /usr/local/lib/python3.12/dist-packages/torch/lib/libtorch_cpu.so)
frame #6: c10d::TCPStore::check(std::vector<std::__cxx11::basic_string<char, std::char_traits<char>, std::allocator<char> >, std::allocator<std::__cxx11::basic_string<char, std::char_traits<char>, std::allocator<char> > > > const&) + 0x264 (0xfe5e717a5604 in /usr/local/lib/python3.12/dist-packages/torch/lib/libtorch_cpu.so)
frame #7: c10d::ProcessGroupNCCL::HeartbeatMonitor::runLoop() + 0x308 (0xfe5e60e4d6e8 in /usr/local/lib/python3.12/dist-packages/torch/lib/libtorch_cuda.so)
frame #8: <unknown function> + 0xe1ae0 (0xfe5e802c1ae0 in /lib/aarch64-linux-gnu/libstdc++.so.6)
frame #9: <unknown function> + 0x8595c (0xfe5e804f595c in /lib/aarch64-linux-gnu/libc.so.6)
frame #10: <unknown function> + 0xebb4c (0xfe5e8055bb4c in /lib/aarch64-linux-gnu/libc.so.6)

[rank3]:[W819 04:41:49.760639775 ProcessGroupNCCL.cpp:1876] [PG ID 0 PG GUID 0 Rank 3] Failed to check the "should dump" flag on TCPStore, (maybe TCPStore server has shut down too early), with error: Broken pipe
[rank3]:[W819 04:41:50.760833919 TCPStore.cpp:106] [c10d] sendBytes failed on SocketImpl(fd=31, addr=[lucky]:33188, remote=[::ffff:10.11.11.1]:25000): Broken pipe
Exception raised from sendBytes at /build/pytorch/torch/csrc/distributed/c10d/Utils.hpp:758 (most recent call first):
frame #0: c10::Error::Error(c10::SourceLocation, std::__cxx11::basic_string<char, std::char_traits<char>, std::allocator<char> >) + 0xe8 (0xfe5e7948ff68 in /usr/local/lib/python3.12/dist-packages/torch/lib/libc10.so)
frame #1: c10::DistError::DistError(c10::SourceLocation, std::__cxx11::basic_string<char, std::char_traits<char>, std::allocator<char> >) + 0x90 (0xfe5e79490ff0 in /usr/local/lib/python3.12/dist-packages/torch/lib/libc10.so)
frame #2: c10::DistNetworkError::DistNetworkError(c10::SourceLocation, std::__cxx11::basic_string<char, std::char_traits<char>, std::allocator<char> >) + 0x90 (0xfe5e794914f0 in /usr/local/lib/python3.12/dist-packages/torch/lib/libc10.so)
frame #3: <unknown function> + 0x7b60b90 (0xfe5e717a0b90 in /usr/local/lib/python3.12/dist-packages/torch/lib/libtorch_cpu.so)
frame #4: <unknown function> + 0x7b631b8 (0xfe5e717a31b8 in /usr/local/lib/python3.12/dist-packages/torch/lib/libtorch_cpu.so)
frame #5: <unknown function> + 0x7b633b8 (0xfe5e717a33b8 in /usr/local/lib/python3.12/dist-packages/torch/lib/libtorch_cpu.so)
frame #6: c10d::TCPStore::check(std::vector<std::__cxx11::basic_string<char, std::char_traits<char>, std::allocator<char> >, std::allocator<std::__cxx11::basic_string<char, std::char_traits<char>, std::allocator<char> > > > const&) + 0x264 (0xfe5e717a5604 in /usr/local/lib/python3.12/dist-packages/torch/lib/libtorch_cpu.so)
frame #7: c10d::ProcessGroupNCCL::HeartbeatMonitor::runLoop() + 0x308 (0xfe5e60e4d6e8 in /usr/local/lib/python3.12/dist-packages/torch/lib/libtorch_cuda.so)
frame #8: <unknown function> + 0xe1ae0 (0xfe5e802c1ae0 in /lib/aarch64-linux-gnu/libstdc++.so.6)
frame #9: <unknown function> + 0x8595c (0xfe5e804f595c in /lib/aarch64-linux-gnu/libc.so.6)
frame #10: <unknown function> + 0xebb4c (0xfe5e8055bb4c in /lib/aarch64-linux-gnu/libc.so.6)

[rank3]:[W819 04:41:50.764031058 ProcessGroupNCCL.cpp:1876] [PG ID 0 PG GUID 0 Rank 3] Failed to check the "should dump" flag on TCPStore, (maybe TCPStore server has shut down too early), with error: Broken pipe
[rank3]:[W819 04:41:51.764411940 TCPStore.cpp:106] [c10d] sendBytes failed on SocketImpl(fd=31, addr=[lucky]:33188, remote=[::ffff:10.11.11.1]:25000): Broken pipe
Exception raised from sendBytes at /build/pytorch/torch/csrc/distributed/c10d/Utils.hpp:758 (most recent call first):
frame #0: c10::Error::Error(c10::SourceLocation, std::__cxx11::basic_string<char, std::char_traits<char>, std::allocator<char> >) + 0xe8 (0xfe5e7948ff68 in /usr/local/lib/python3.12/dist-packages/torch/lib/libc10.so)
frame #1: c10::DistError::DistError(c10::SourceLocation, std::__cxx11::basic_string<char, std::char_traits<char>, std::allocator<char> >) + 0x90 (0xfe5e79490ff0 in /usr/local/lib/python3.12/dist-packages/torch/lib/libc10.so)
frame #2: c10::DistNetworkError::DistNetworkError(c10::SourceLocation, std::__cxx11::basic_string<char, std::char_traits<char>, std::allocator<char> >) + 0x90 (0xfe5e794914f0 in /usr/local/lib/python3.12/dist-packages/torch/lib/libc10.so)
frame #3: <unknown function> + 0x7b60b90 (0xfe5e717a0b90 in /usr/local/lib/python3.12/dist-packages/torch/lib/libtorch_cpu.so)
frame #4: <unknown function> + 0x7b631b8 (0xfe5e717a31b8 in /usr/local/lib/python3.12/dist-packages/torch/lib/libtorch_cpu.so)
frame #5: <unknown function> + 0x7b633b8 (0xfe5e717a33b8 in /usr/local/lib/python3.12/dist-packages/torch/lib/libtorch_cpu.so)
frame #6: c10d::TCPStore::check(std::vector<std::__cxx11::basic_string<char, std::char_traits<char>, std::allocator<char> >, std::allocator<std::__cxx11::basic_string<char, std::char_traits<char>, std::allocator<char> > > > const&) + 0x264 (0xfe5e717a5604 in /usr/local/lib/python3.12/dist-packages/torch/lib/libtorch_cpu.so)
frame #7: c10d::ProcessGroupNCCL::HeartbeatMonitor::runLoop() + 0x308 (0xfe5e60e4d6e8 in /usr/local/lib/python3.12/dist-packages/torch/lib/libtorch_cuda.so)
frame #8: <unknown function> + 0xe1ae0 (0xfe5e802c1ae0 in /lib/aarch64-linux-gnu/libstdc++.so.6)
frame #9: <unknown function> + 0x8595c (0xfe5e804f595c in /lib/aarch64-linux-gnu/libc.so.6)
frame #10: <unknown function> + 0xebb4c (0xfe5e8055bb4c in /lib/aarch64-linux-gnu/libc.so.6)

[rank3]:[W819 04:41:51.768026684 ProcessGroupNCCL.cpp:1876] [PG ID 0 PG GUID 0 Rank 3] Failed to check the "should dump" flag on TCPStore, (maybe TCPStore server has shut down too early), with error: Broken pipe
[rank3]:[W819 04:41:52.768410062 TCPStore.cpp:106] [c10d] sendBytes failed on SocketImpl(fd=31, addr=[lucky]:33188, remote=[::ffff:10.11.11.1]:25000): Broken pipe
Exception raised from sendBytes at /build/pytorch/torch/csrc/distributed/c10d/Utils.hpp:758 (most recent call first):
frame #0: c10::Error::Error(c10::SourceLocation, std::__cxx11::basic_string<char, std::char_traits<char>, std::allocator<char> >) + 0xe8 (0xfe5e7948ff68 in /usr/local/lib/python3.12/dist-packages/torch/lib/libc10.so)
frame #1: c10::DistError::DistError(c10::SourceLocation, std::__cxx11::basic_string<char, std::char_traits<char>, std::allocator<char> >) + 0x90 (0xfe5e79490ff0 in /usr/local/lib/python3.12/dist-packages/torch/lib/libc10.so)
frame #2: c10::DistNetworkError::DistNetworkError(c10::SourceLocation, std::__cxx11::basic_string<char, std::char_traits<char>, std::allocator<char> >) + 0x90 (0xfe5e794914f0 in /usr/local/lib/python3.12/dist-packages/torch/lib/libc10.so)
frame #3: <unknown function> + 0x7b60b90 (0xfe5e717a0b90 in /usr/local/lib/python3.12/dist-packages/torch/lib/libtorch_cpu.so)
frame #4: <unknown function> + 0x7b631b8 (0xfe5e717a31b8 in /usr/local/lib/python3.12/dist-packages/torch/lib/libtorch_cpu.so)
frame #5: <unknown function> + 0x7b633b8 (0xfe5e717a33b8 in /usr/local/lib/python3.12/dist-packages/torch/lib/libtorch_cpu.so)
frame #6: c10d::TCPStore::check(std::vector<std::__cxx11::basic_string<char, std::char_traits<char>, std::allocator<char> >, std::allocator<std::__cxx11::basic_string<char, std::char_traits<char>, std::allocator<char> > > > const&) + 0x264 (0xfe5e717a5604 in /usr/local/lib/python3.12/dist-packages/torch/lib/libtorch_cpu.so)
frame #7: c10d::ProcessGroupNCCL::HeartbeatMonitor::runLoop() + 0x308 (0xfe5e60e4d6e8 in /usr/local/lib/python3.12/dist-packages/torch/lib/libtorch_cuda.so)
frame #8: <unknown function> + 0xe1ae0 (0xfe5e802c1ae0 in /lib/aarch64-linux-gnu/libstdc++.so.6)
frame #9: <unknown function> + 0x8595c (0xfe5e804f595c in /lib/aarch64-linux-gnu/libc.so.6)
frame #10: <unknown function> + 0xebb4c (0xfe5e8055bb4c in /lib/aarch64-linux-gnu/libc.so.6)

[rank3]:[W819 04:41:52.772124695 ProcessGroupNCCL.cpp:1876] [PG ID 0 PG GUID 0 Rank 3] Failed to check the "should dump" flag on TCPStore, (maybe TCPStore server has shut down too early), with error: Broken pipe
[rank3]:[W819 04:41:53.772410056 TCPStore.cpp:106] [c10d] sendBytes failed on SocketImpl(fd=31, addr=[lucky]:33188, remote=[::ffff:10.11.11.1]:25000): Broken pipe
Exception raised from sendBytes at /build/pytorch/torch/csrc/distributed/c10d/Utils.hpp:758 (most recent call first):
frame #0: c10::Error::Error(c10::SourceLocation, std::__cxx11::basic_string<char, std::char_traits<char>, std::allocator<char> >) + 0xe8 (0xfe5e7948ff68 in /usr/local/lib/python3.12/dist-packages/torch/lib/libc10.so)
frame #1: c10::DistError::DistError(c10::SourceLocation, std::__cxx11::basic_string<char, std::char_traits<char>, std::allocator<char> >) + 0x90 (0xfe5e79490ff0 in /usr/local/lib/python3.12/dist-packages/torch/lib/libc10.so)
frame #2: c10::DistNetworkError::DistNetworkError(c10::SourceLocation, std::__cxx11::basic_string<char, std::char_traits<char>, std::allocator<char> >) + 0x90 (0xfe5e794914f0 in /usr/local/lib/python3.12/dist-packages/torch/lib/libc10.so)
frame #3: <unknown function> + 0x7b60b90 (0xfe5e717a0b90 in /usr/local/lib/python3.12/dist-packages/torch/lib/libtorch_cpu.so)
frame #4: <unknown function> + 0x7b631b8 (0xfe5e717a31b8 in /usr/local/lib/python3.12/dist-packages/torch/lib/libtorch_cpu.so)
frame #5: <unknown function> + 0x7b633b8 (0xfe5e717a33b8 in /usr/local/lib/python3.12/dist-packages/torch/lib/libtorch_cpu.so)
frame #6: c10d::TCPStore::check(std::vector<std::__cxx11::basic_string<char, std::char_traits<char>, std::allocator<char> >, std::allocator<std::__cxx11::basic_string<char, std::char_traits<char>, std::allocator<char> > > > const&) + 0x264 (0xfe5e717a5604 in /usr/local/lib/python3.12/dist-packages/torch/lib/libtorch_cpu.so)
frame #7: c10d::ProcessGroupNCCL::HeartbeatMonitor::runLoop() + 0x308 (0xfe5e60e4d6e8 in /usr/local/lib/python3.12/dist-packages/torch/lib/libtorch_cuda.so)
frame #8: <unknown function> + 0xe1ae0 (0xfe5e802c1ae0 in /lib/aarch64-linux-gnu/libstdc++.so.6)
frame #9: <unknown function> + 0x8595c (0xfe5e804f595c in /lib/aarch64-linux-gnu/libc.so.6)
frame #10: <unknown function> + 0xebb4c (0xfe5e8055bb4c in /lib/aarch64-linux-gnu/libc.so.6)

[rank3]:[W819 04:41:53.775991919 ProcessGroupNCCL.cpp:1876] [PG ID 0 PG GUID 0 Rank 3] Failed to check the "should dump" flag on TCPStore, (maybe TCPStore server has shut down too early), with error: Broken pipe
[rank3]:[W819 04:41:54.776185439 TCPStore.cpp:106] [c10d] sendBytes failed on SocketImpl(fd=31, addr=[lucky]:33188, remote=[::ffff:10.11.11.1]:25000): Broken pipe
Exception raised from sendBytes at /build/pytorch/torch/csrc/distributed/c10d/Utils.hpp:758 (most recent call first):
frame #0: c10::Error::Error(c10::SourceLocation, std::__cxx11::basic_string<char, std::char_traits<char>, std::allocator<char> >) + 0xe8 (0xfe5e7948ff68 in /usr/local/lib/python3.12/dist-packages/torch/lib/libc10.so)
frame #1: c10::DistError::DistError(c10::SourceLocation, std::__cxx11::basic_string<char, std::char_traits<char>, std::allocator<char> >) + 0x90 (0xfe5e79490ff0 in /usr/local/lib/python3.12/dist-packages/torch/lib/libc10.so)
frame #2: c10::DistNetworkError::DistNetworkError(c10::SourceLocation, std::__cxx11::basic_string<char, std::char_traits<char>, std::allocator<char> >) + 0x90 (0xfe5e794914f0 in /usr/local/lib/python3.12/dist-packages/torch/lib/libc10.so)
frame #3: <unknown function> + 0x7b60b90 (0xfe5e717a0b90 in /usr/local/lib/python3.12/dist-packages/torch/lib/libtorch_cpu.so)
frame #4: <unknown function> + 0x7b631b8 (0xfe5e717a31b8 in /usr/local/lib/python3.12/dist-packages/torch/lib/libtorch_cpu.so)
frame #5: <unknown function> + 0x7b633b8 (0xfe5e717a33b8 in /usr/local/lib/python3.12/dist-packages/torch/lib/libtorch_cpu.so)
frame #6: c10d::TCPStore::check(std::vector<std::__cxx11::basic_string<char, std::char_traits<char>, std::allocator<char> >, std::allocator<std::__cxx11::basic_string<char, std::char_traits<char>, std::allocator<char> > > > const&) + 0x264 (0xfe5e717a5604 in /usr/local/lib/python3.12/dist-packages/torch/lib/libtorch_cpu.so)
frame #7: c10d::ProcessGroupNCCL::HeartbeatMonitor::runLoop() + 0x308 (0xfe5e60e4d6e8 in /usr/local/lib/python3.12/dist-packages/torch/lib/libtorch_cuda.so)
frame #8: <unknown function> + 0xe1ae0 (0xfe5e802c1ae0 in /lib/aarch64-linux-gnu/libstdc++.so.6)
frame #9: <unknown function> + 0x8595c (0xfe5e804f595c in /lib/aarch64-linux-gnu/libc.so.6)
frame #10: <unknown function> + 0xebb4c (0xfe5e8055bb4c in /lib/aarch64-linux-gnu/libc.so.6)

[rank3]:[W819 04:41:54.780016825 ProcessGroupNCCL.cpp:1876] [PG ID 0 PG GUID 0 Rank 3] Failed to check the "should dump" flag on TCPStore, (maybe TCPStore server has shut down too early), with error: Broken pipe
[rank3]:[W819 04:41:55.780213305 TCPStore.cpp:106] [c10d] sendBytes failed on SocketImpl(fd=31, addr=[lucky]:33188, remote=[::ffff:10.11.11.1]:25000): Broken pipe
Exception raised from sendBytes at /build/pytorch/torch/csrc/distributed/c10d/Utils.hpp:758 (most recent call first):
frame #0: c10::Error::Error(c10::SourceLocation, std::__cxx11::basic_string<char, std::char_traits<char>, std::allocator<char> >) + 0xe8 (0xfe5e7948ff68 in /usr/local/lib/python3.12/dist-packages/torch/lib/libc10.so)
frame #1: c10::DistError::DistError(c10::SourceLocation, std::__cxx11::basic_string<char, std::char_traits<char>, std::allocator<char> >) + 0x90 (0xfe5e79490ff0 in /usr/local/lib/python3.12/dist-packages/torch/lib/libc10.so)
frame #2: c10::DistNetworkError::DistNetworkError(c10::SourceLocation, std::__cxx11::basic_string<char, std::char_traits<char>, std::allocator<char> >) + 0x90 (0xfe5e794914f0 in /usr/local/lib/python3.12/dist-packages/torch/lib/libc10.so)
frame #3: <unknown function> + 0x7b60b90 (0xfe5e717a0b90 in /usr/local/lib/python3.12/dist-packages/torch/lib/libtorch_cpu.so)
frame #4: <unknown function> + 0x7b631b8 (0xfe5e717a31b8 in /usr/local/lib/python3.12/dist-packages/torch/lib/libtorch_cpu.so)
frame #5: <unknown function> + 0x7b633b8 (0xfe5e717a33b8 in /usr/local/lib/python3.12/dist-packages/torch/lib/libtorch_cpu.so)
frame #6: c10d::TCPStore::check(std::vector<std::__cxx11::basic_string<char, std::char_traits<char>, std::allocator<char> >, std::allocator<std::__cxx11::basic_string<char, std::char_traits<char>, std::allocator<char> > > > const&) + 0x264 (0xfe5e717a5604 in /usr/local/lib/python3.12/dist-packages/torch/lib/libtorch_cpu.so)
frame #7: c10d::ProcessGroupNCCL::HeartbeatMonitor::runLoop() + 0x308 (0xfe5e60e4d6e8 in /usr/local/lib/python3.12/dist-packages/torch/lib/libtorch_cuda.so)
frame #8: <unknown function> + 0xe1ae0 (0xfe5e802c1ae0 in /lib/aarch64-linux-gnu/libstdc++.so.6)
frame #9: <unknown function> + 0x8595c (0xfe5e804f595c in /lib/aarch64-linux-gnu/libc.so.6)
frame #10: <unknown function> + 0xebb4c (0xfe5e8055bb4c in /lib/aarch64-linux-gnu/libc.so.6)

[rank3]:[W819 04:41:55.783888657 ProcessGroupNCCL.cpp:1876] [PG ID 0 PG GUID 0 Rank 3] Failed to check the "should dump" flag on TCPStore, (maybe TCPStore server has shut down too early), with error: Broken pipe
[rank3]:[W819 04:41:56.784081121 TCPStore.cpp:106] [c10d] sendBytes failed on SocketImpl(fd=31, addr=[lucky]:33188, remote=[::ffff:10.11.11.1]:25000): Broken pipe
Exception raised from sendBytes at /build/pytorch/torch/csrc/distributed/c10d/Utils.hpp:758 (most recent call first):
frame #0: c10::Error::Error(c10::SourceLocation, std::__cxx11::basic_string<char, std::char_traits<char>, std::allocator<char> >) + 0xe8 (0xfe5e7948ff68 in /usr/local/lib/python3.12/dist-packages/torch/lib/libc10.so)
frame #1: c10::DistError::DistError(c10::SourceLocation, std::__cxx11::basic_string<char, std::char_traits<char>, std::allocator<char> >) + 0x90 (0xfe5e79490ff0 in /usr/local/lib/python3.12/dist-packages/torch/lib/libc10.so)
frame #2: c10::DistNetworkError::DistNetworkError(c10::SourceLocation, std::__cxx11::basic_string<char, std::char_traits<char>, std::allocator<char> >) + 0x90 (0xfe5e794914f0 in /usr/local/lib/python3.12/dist-packages/torch/lib/libc10.so)
frame #3: <unknown function> + 0x7b60b90 (0xfe5e717a0b90 in /usr/local/lib/python3.12/dist-packages/torch/lib/libtorch_cpu.so)
frame #4: <unknown function> + 0x7b631b8 (0xfe5e717a31b8 in /usr/local/lib/python3.12/dist-packages/torch/lib/libtorch_cpu.so)
frame #5: <unknown function> + 0x7b633b8 (0xfe5e717a33b8 in /usr/local/lib/python3.12/dist-packages/torch/lib/libtorch_cpu.so)
frame #6: c10d::TCPStore::check(std::vector<std::__cxx11::basic_string<char, std::char_traits<char>, std::allocator<char> >, std::allocator<std::__cxx11::basic_string<char, std::char_traits<char>, std::allocator<char> > > > const&) + 0x264 (0xfe5e717a5604 in /usr/local/lib/python3.12/dist-packages/torch/lib/libtorch_cpu.so)
frame #7: c10d::ProcessGroupNCCL::HeartbeatMonitor::runLoop() + 0x308 (0xfe5e60e4d6e8 in /usr/local/lib/python3.12/dist-packages/torch/lib/libtorch_cuda.so)
frame #8: <unknown function> + 0xe1ae0 (0xfe5e802c1ae0 in /lib/aarch64-linux-gnu/libstdc++.so.6)
frame #9: <unknown function> + 0x8595c (0xfe5e804f595c in /lib/aarch64-linux-gnu/libc.so.6)
frame #10: <unknown function> + 0xebb4c (0xfe5e8055bb4c in /lib/aarch64-linux-gnu/libc.so.6)

[rank3]:[W819 04:41:56.787674344 ProcessGroupNCCL.cpp:1876] [PG ID 0 PG GUID 0 Rank 3] Failed to check the "should dump" flag on TCPStore, (maybe TCPStore server has shut down too early), with error: Broken pipe
[rank3]:[W819 04:41:57.787870344 TCPStore.cpp:106] [c10d] sendBytes failed on SocketImpl(fd=31, addr=[lucky]:33188, remote=[::ffff:10.11.11.1]:25000): Broken pipe
Exception raised from sendBytes at /build/pytorch/torch/csrc/distributed/c10d/Utils.hpp:758 (most recent call first):
frame #0: c10::Error::Error(c10::SourceLocation, std::__cxx11::basic_string<char, std::char_traits<char>, std::allocator<char> >) + 0xe8 (0xfe5e7948ff68 in /usr/local/lib/python3.12/dist-packages/torch/lib/libc10.so)
frame #1: c10::DistError::DistError(c10::SourceLocation, std::__cxx11::basic_string<char, std::char_traits<char>, std::allocator<char> >) + 0x90 (0xfe5e79490ff0 in /usr/local/lib/python3.12/dist-packages/torch/lib/libc10.so)
frame #2: c10::DistNetworkError::DistNetworkError(c10::SourceLocation, std::__cxx11::basic_string<char, std::char_traits<char>, std::allocator<char> >) + 0x90 (0xfe5e794914f0 in /usr/local/lib/python3.12/dist-packages/torch/lib/libc10.so)
frame #3: <unknown function> + 0x7b60b90 (0xfe5e717a0b90 in /usr/local/lib/python3.12/dist-packages/torch/lib/libtorch_cpu.so)
frame #4: <unknown function> + 0x7b631b8 (0xfe5e717a31b8 in /usr/local/lib/python3.12/dist-packages/torch/lib/libtorch_cpu.so)
frame #5: <unknown function> + 0x7b633b8 (0xfe5e717a33b8 in /usr/local/lib/python3.12/dist-packages/torch/lib/libtorch_cpu.so)
frame #6: c10d::TCPStore::check(std::vector<std::__cxx11::basic_string<char, std::char_traits<char>, std::allocator<char> >, std::allocator<std::__cxx11::basic_string<char, std::char_traits<char>, std::allocator<char> > > > const&) + 0x264 (0xfe5e717a5604 in /usr/local/lib/python3.12/dist-packages/torch/lib/libtorch_cpu.so)
frame #7: c10d::ProcessGroupNCCL::HeartbeatMonitor::runLoop() + 0x308 (0xfe5e60e4d6e8 in /usr/local/lib/python3.12/dist-packages/torch/lib/libtorch_cuda.so)
frame #8: <unknown function> + 0xe1ae0 (0xfe5e802c1ae0 in /lib/aarch64-linux-gnu/libstdc++.so.6)
frame #9: <unknown function> + 0x8595c (0xfe5e804f595c in /lib/aarch64-linux-gnu/libc.so.6)
frame #10: <unknown function> + 0xebb4c (0xfe5e8055bb4c in /lib/aarch64-linux-gnu/libc.so.6)

[rank3]:[W819 04:41:57.791173548 ProcessGroupNCCL.cpp:1876] [PG ID 0 PG GUID 0 Rank 3] Failed to check the "should dump" flag on TCPStore, (maybe TCPStore server has shut down too early), with error: Broken pipe
[rank3]:[W819 04:41:58.791429949 TCPStore.cpp:106] [c10d] sendBytes failed on SocketImpl(fd=31, addr=[lucky]:33188, remote=[::ffff:10.11.11.1]:25000): Broken pipe
Exception raised from sendBytes at /build/pytorch/torch/csrc/distributed/c10d/Utils.hpp:758 (most recent call first):
frame #0: c10::Error::Error(c10::SourceLocation, std::__cxx11::basic_string<char, std::char_traits<char>, std::allocator<char> >) + 0xe8 (0xfe5e7948ff68 in /usr/local/lib/python3.12/dist-packages/torch/lib/libc10.so)
frame #1: c10::DistError::DistError(c10::SourceLocation, std::__cxx11::basic_string<char, std::char_traits<char>, std::allocator<char> >) + 0x90 (0xfe5e79490ff0 in /usr/local/lib/python3.12/dist-packages/torch/lib/libc10.so)
frame #2: c10::DistNetworkError::DistNetworkError(c10::SourceLocation, std::__cxx11::basic_string<char, std::char_traits<char>, std::allocator<char> >) + 0x90 (0xfe5e794914f0 in /usr/local/lib/python3.12/dist-packages/torch/lib/libc10.so)
frame #3: <unknown function> + 0x7b60b90 (0xfe5e717a0b90 in /usr/local/lib/python3.12/dist-packages/torch/lib/libtorch_cpu.so)
frame #4: <unknown function> + 0x7b631b8 (0xfe5e717a31b8 in /usr/local/lib/python3.12/dist-packages/torch/lib/libtorch_cpu.so)
frame #5: <unknown function> + 0x7b633b8 (0xfe5e717a33b8 in /usr/local/lib/python3.12/dist-packages/torch/lib/libtorch_cpu.so)
frame #6: c10d::TCPStore::check(std::vector<std::__cxx11::basic_string<char, std::char_traits<char>, std::allocator<char> >, std::allocator<std::__cxx11::basic_string<char, std::char_traits<char>, std::allocator<char> > > > const&) + 0x264 (0xfe5e717a5604 in /usr/local/lib/python3.12/dist-packages/torch/lib/libtorch_cpu.so)
frame #7: c10d::ProcessGroupNCCL::HeartbeatMonitor::runLoop() + 0x308 (0xfe5e60e4d6e8 in /usr/local/lib/python3.12/dist-packages/torch/lib/libtorch_cuda.so)
frame #8: <unknown function> + 0xe1ae0 (0xfe5e802c1ae0 in /lib/aarch64-linux-gnu/libstdc++.so.6)
frame #9: <unknown function> + 0x8595c (0xfe5e804f595c in /lib/aarch64-linux-gnu/libc.so.6)
frame #10: <unknown function> + 0xebb4c (0xfe5e8055bb4c in /lib/aarch64-linux-gnu/libc.so.6)

[rank3]:[W819 04:41:58.794526318 ProcessGroupNCCL.cpp:1876] [PG ID 0 PG GUID 0 Rank 3] Failed to check the "should dump" flag on TCPStore, (maybe TCPStore server has shut down too early), with error: Broken pipe
[rank3]:[W819 04:41:59.794722606 TCPStore.cpp:106] [c10d] sendBytes failed on SocketImpl(fd=31, addr=[lucky]:33188, remote=[::ffff:10.11.11.1]:25000): Broken pipe
Exception raised from sendBytes at /build/pytorch/torch/csrc/distributed/c10d/Utils.hpp:758 (most recent call first):
frame #0: c10::Error::Error(c10::SourceLocation, std::__cxx11::basic_string<char, std::char_traits<char>, std::allocator<char> >) + 0xe8 (0xfe5e7948ff68 in /usr/local/lib/python3.12/dist-packages/torch/lib/libc10.so)
frame #1: c10::DistError::DistError(c10::SourceLocation, std::__cxx11::basic_string<char, std::char_traits<char>, std::allocator<char> >) + 0x90 (0xfe5e79490ff0 in /usr/local/lib/python3.12/dist-packages/torch/lib/libc10.so)
frame #2: c10::DistNetworkError::DistNetworkError(c10::SourceLocation, std::__cxx11::basic_string<char, std::char_traits<char>, std::allocator<char> >) + 0x90 (0xfe5e794914f0 in /usr/local/lib/python3.12/dist-packages/torch/lib/libc10.so)
frame #3: <unknown function> + 0x7b60b90 (0xfe5e717a0b90 in /usr/local/lib/python3.12/dist-packages/torch/lib/libtorch_cpu.so)
frame #4: <unknown function> + 0x7b631b8 (0xfe5e717a31b8 in /usr/local/lib/python3.12/dist-packages/torch/lib/libtorch_cpu.so)
frame #5: <unknown function> + 0x7b633b8 (0xfe5e717a33b8 in /usr/local/lib/python3.12/dist-packages/torch/lib/libtorch_cpu.so)
frame #6: c10d::TCPStore::check(std::vector<std::__cxx11::basic_string<char, std::char_traits<char>, std::allocator<char> >, std::allocator<std::__cxx11::basic_string<char, std::char_traits<char>, std::allocator<char> > > > const&) + 0x264 (0xfe5e717a5604 in /usr/local/lib/python3.12/dist-packages/torch/lib/libtorch_cpu.so)
frame #7: c10d::ProcessGroupNCCL::HeartbeatMonitor::runLoop() + 0x308 (0xfe5e60e4d6e8 in /usr/local/lib/python3.12/dist-packages/torch/lib/libtorch_cuda.so)
frame #8: <unknown function> + 0xe1ae0 (0xfe5e802c1ae0 in /lib/aarch64-linux-gnu/libstdc++.so.6)
frame #9: <unknown function> + 0x8595c (0xfe5e804f595c in /lib/aarch64-linux-gnu/libc.so.6)
frame #10: <unknown function> + 0xebb4c (0xfe5e8055bb4c in /lib/aarch64-linux-gnu/libc.so.6)

[rank3]:[W819 04:41:59.798234965 ProcessGroupNCCL.cpp:1876] [PG ID 0 PG GUID 0 Rank 3] Failed to check the "should dump" flag on TCPStore, (maybe TCPStore server has shut down too early), with error: Broken pipe
[rank3]:[W819 04:42:00.798432117 TCPStore.cpp:106] [c10d] sendBytes failed on SocketImpl(fd=31, addr=[lucky]:33188, remote=[::ffff:10.11.11.1]:25000): Broken pipe
Exception raised from sendBytes at /build/pytorch/torch/csrc/distributed/c10d/Utils.hpp:758 (most recent call first):
frame #0: c10::Error::Error(c10::SourceLocation, std::__cxx11::basic_string<char, std::char_traits<char>, std::allocator<char> >) + 0xe8 (0xfe5e7948ff68 in /usr/local/lib/python3.12/dist-packages/torch/lib/libc10.so)
frame #1: c10::DistError::DistError(c10::SourceLocation, std::__cxx11::basic_string<char, std::char_traits<char>, std::allocator<char> >) + 0x90 (0xfe5e79490ff0 in /usr/local/lib/python3.12/dist-packages/torch/lib/libc10.so)
frame #2: c10::DistNetworkError::DistNetworkError(c10::SourceLocation, std::__cxx11::basic_string<char, std::char_traits<char>, std::allocator<char> >) + 0x90 (0xfe5e794914f0 in /usr/local/lib/python3.12/dist-packages/torch/lib/libc10.so)
frame #3: <unknown function> + 0x7b60b90 (0xfe5e717a0b90 in /usr/local/lib/python3.12/dist-packages/torch/lib/libtorch_cpu.so)
frame #4: <unknown function> + 0x7b631b8 (0xfe5e717a31b8 in /usr/local/lib/python3.12/dist-packages/torch/lib/libtorch_cpu.so)
frame #5: <unknown function> + 0x7b633b8 (0xfe5e717a33b8 in /usr/local/lib/python3.12/dist-packages/torch/lib/libtorch_cpu.so)
frame #6: c10d::TCPStore::check(std::vector<std::__cxx11::basic_string<char, std::char_traits<char>, std::allocator<char> >, std::allocator<std::__cxx11::basic_string<char, std::char_traits<char>, std::allocator<char> > > > const&) + 0x264 (0xfe5e717a5604 in /usr/local/lib/python3.12/dist-packages/torch/lib/libtorch_cpu.so)
frame #7: c10d::ProcessGroupNCCL::HeartbeatMonitor::runLoop() + 0x308 (0xfe5e60e4d6e8 in /usr/local/lib/python3.12/dist-packages/torch/lib/libtorch_cuda.so)
frame #8: <unknown function> + 0xe1ae0 (0xfe5e802c1ae0 in /lib/aarch64-linux-gnu/libstdc++.so.6)
frame #9: <unknown function> + 0x8595c (0xfe5e804f595c in /lib/aarch64-linux-gnu/libc.so.6)
frame #10: <unknown function> + 0xebb4c (0xfe5e8055bb4c in /lib/aarch64-linux-gnu/libc.so.6)

[rank3]:[W819 04:42:00.801613463 ProcessGroupNCCL.cpp:1876] [PG ID 0 PG GUID 0 Rank 3] Failed to check the "should dump" flag on TCPStore, (maybe TCPStore server has shut down too early), with error: Broken pipe
[rank3]:[W819 04:42:01.801811767 TCPStore.cpp:106] [c10d] sendBytes failed on SocketImpl(fd=31, addr=[lucky]:33188, remote=[::ffff:10.11.11.1]:25000): Broken pipe
Exception raised from sendBytes at /build/pytorch/torch/csrc/distributed/c10d/Utils.hpp:758 (most recent call first):
frame #0: c10::Error::Error(c10::SourceLocation, std::__cxx11::basic_string<char, std::char_traits<char>, std::allocator<char> >) + 0xe8 (0xfe5e7948ff68 in /usr/local/lib/python3.12/dist-packages/torch/lib/libc10.so)
frame #1: c10::DistError::DistError(c10::SourceLocation, std::__cxx11::basic_string<char, std::char_traits<char>, std::allocator<char> >) + 0x90 (0xfe5e79490ff0 in /usr/local/lib/python3.12/dist-packages/torch/lib/libc10.so)
frame #2: c10::DistNetworkError::DistNetworkError(c10::SourceLocation, std::__cxx11::basic_string<char, std::char_traits<char>, std::allocator<char> >) + 0x90 (0xfe5e794914f0 in /usr/local/lib/python3.12/dist-packages/torch/lib/libc10.so)
frame #3: <unknown function> + 0x7b60b90 (0xfe5e717a0b90 in /usr/local/lib/python3.12/dist-packages/torch/lib/libtorch_cpu.so)
frame #4: <unknown function> + 0x7b631b8 (0xfe5e717a31b8 in /usr/local/lib/python3.12/dist-packages/torch/lib/libtorch_cpu.so)
frame #5: <unknown function> + 0x7b633b8 (0xfe5e717a33b8 in /usr/local/lib/python3.12/dist-packages/torch/lib/libtorch_cpu.so)
frame #6: c10d::TCPStore::check(std::vector<std::__cxx11::basic_string<char, std::char_traits<char>, std::allocator<char> >, std::allocator<std::__cxx11::basic_string<char, std::char_traits<char>, std::allocator<char> > > > const&) + 0x264 (0xfe5e717a5604 in /usr/local/lib/python3.12/dist-packages/torch/lib/libtorch_cpu.so)
frame #7: c10d::ProcessGroupNCCL::HeartbeatMonitor::runLoop() + 0x308 (0xfe5e60e4d6e8 in /usr/local/lib/python3.12/dist-packages/torch/lib/libtorch_cuda.so)
frame #8: <unknown function> + 0xe1ae0 (0xfe5e802c1ae0 in /lib/aarch64-linux-gnu/libstdc++.so.6)
frame #9: <unknown function> + 0x8595c (0xfe5e804f595c in /lib/aarch64-linux-gnu/libc.so.6)
frame #10: <unknown function> + 0xebb4c (0xfe5e8055bb4c in /lib/aarch64-linux-gnu/libc.so.6)

[rank3]:[W819 04:42:01.805482895 ProcessGroupNCCL.cpp:1876] [PG ID 0 PG GUID 0 Rank 3] Failed to check the "should dump" flag on TCPStore, (maybe TCPStore server has shut down too early), with error: Broken pipe
[rank3]:[W819 04:42:02.805696047 TCPStore.cpp:106] [c10d] sendBytes failed on SocketImpl(fd=31, addr=[lucky]:33188, remote=[::ffff:10.11.11.1]:25000): Broken pipe
Exception raised from sendBytes at /build/pytorch/torch/csrc/distributed/c10d/Utils.hpp:758 (most recent call first):
frame #0: c10::Error::Error(c10::SourceLocation, std::__cxx11::basic_string<char, std::char_traits<char>, std::allocator<char> >) + 0xe8 (0xfe5e7948ff68 in /usr/local/lib/python3.12/dist-packages/torch/lib/libc10.so)
frame #1: c10::DistError::DistError(c10::SourceLocation, std::__cxx11::basic_string<char, std::char_traits<char>, std::allocator<char> >) + 0x90 (0xfe5e79490ff0 in /usr/local/lib/python3.12/dist-packages/torch/lib/libc10.so)
frame #2: c10::DistNetworkError::DistNetworkError(c10::SourceLocation, std::__cxx11::basic_string<char, std::char_traits<char>, std::allocator<char> >) + 0x90 (0xfe5e794914f0 in /usr/local/lib/python3.12/dist-packages/torch/lib/libc10.so)
frame #3: <unknown function> + 0x7b60b90 (0xfe5e717a0b90 in /usr/local/lib/python3.12/dist-packages/torch/lib/libtorch_cpu.so)
frame #4: <unknown function> + 0x7b631b8 (0xfe5e717a31b8 in /usr/local/lib/python3.12/dist-packages/torch/lib/libtorch_cpu.so)
frame #5: <unknown function> + 0x7b633b8 (0xfe5e717a33b8 in /usr/local/lib/python3.12/dist-packages/torch/lib/libtorch_cpu.so)
frame #6: c10d::TCPStore::check(std::vector<std::__cxx11::basic_string<char, std::char_traits<char>, std::allocator<char> >, std::allocator<std::__cxx11::basic_string<char, std::char_traits<char>, std::allocator<char> > > > const&) + 0x264 (0xfe5e717a5604 in /usr/local/lib/python3.12/dist-packages/torch/lib/libtorch_cpu.so)
frame #7: c10d::ProcessGroupNCCL::HeartbeatMonitor::runLoop() + 0x308 (0xfe5e60e4d6e8 in /usr/local/lib/python3.12/dist-packages/torch/lib/libtorch_cuda.so)
frame #8: <unknown function> + 0xe1ae0 (0xfe5e802c1ae0 in /lib/aarch64-linux-gnu/libstdc++.so.6)
frame #9: <unknown function> + 0x8595c (0xfe5e804f595c in /lib/aarch64-linux-gnu/libc.so.6)
frame #10: <unknown function> + 0xebb4c (0xfe5e8055bb4c in /lib/aarch64-linux-gnu/libc.so.6)

[rank3]:[W819 04:42:02.808923315 ProcessGroupNCCL.cpp:1876] [PG ID 0 PG GUID 0 Rank 3] Failed to check the "should dump" flag on TCPStore, (maybe TCPStore server has shut down too early), with error: Broken pipe
